Component: ARM Compiler 5.06 update 6 (build 750) Tool: armlink [4d35ed]

==============================================================================

Section Cross References

    startup_stm32h743xx.o(STACK) refers (Special) to heapauxi.o(.text) for __use_two_region_memory
    startup_stm32h743xx.o(HEAP) refers (Special) to heapauxi.o(.text) for __use_two_region_memory
    startup_stm32h743xx.o(RESET) refers (Special) to heapauxi.o(.text) for __use_two_region_memory
    startup_stm32h743xx.o(RESET) refers to startup_stm32h743xx.o(STACK) for __initial_sp
    startup_stm32h743xx.o(RESET) refers to startup_stm32h743xx.o(.text) for Reset_Handler
    startup_stm32h743xx.o(RESET) refers to mpu.o(i.MemManage_Handler) for MemManage_Handler
    startup_stm32h743xx.o(RESET) refers to usmart.o(i.TIM4_IRQHandler) for TIM4_IRQHandler
    startup_stm32h743xx.o(RESET) refers to usart.o(i.USART1_IRQHandler) for USART1_IRQHandler
    startup_stm32h743xx.o(RESET) refers to puse_capture.o(i.TIM5_IRQHandler) for TIM5_IRQHandler
    startup_stm32h743xx.o(.text) refers (Special) to heapauxi.o(.text) for __use_two_region_memory
    startup_stm32h743xx.o(.text) refers to __main.o(!!!main) for __main
    startup_stm32h743xx.o(.text) refers to startup_stm32h743xx.o(HEAP) for Heap_Mem
    startup_stm32h743xx.o(.text) refers to startup_stm32h743xx.o(STACK) for Stack_Mem
    main.o(i.main) refers to sys.o(i.Stm32_Clock_Init) for Stm32_Clock_Init
    main.o(i.main) refers to mpu.o(i.MPU_Memory_Protection) for MPU_Memory_Protection
    main.o(i.main) refers to delay.o(i.delay_init) for delay_init
    main.o(i.main) refers to usart.o(i.uart_init) for uart_init
    main.o(i.main) refers to mcu_adc.o(i.ADC1_2_Init) for ADC1_2_Init
    main.o(i.main) refers to s_iic.o(i.IIC1_Init) for IIC1_Init
    main.o(i.main) refers to s_iic.o(i.IIC4_Init) for IIC4_Init
    main.o(i.main) refers to spi.o(i.SPI2_Init) for SPI2_Init
    main.o(i.main) refers to spi.o(i.SPI4_Init) for SPI4_Init
    main.o(i.main) refers to qspi.o(i.QSPI_Init) for QSPI_Init
    main.o(i.main) refers to power_io.o(i.POWER_IO_Init) for POWER_IO_Init
    main.o(i.main) refers to tlv3502aid.o(i.TLV3502AID_init) for TLV3502AID_init
    main.o(i.main) refers to dg4052eeq.o(i.DG4052EEQ_Init) for DG4052EEQ_Init
    main.o(i.main) refers to ad9851.o(i.AD9851_init) for AD9851_init
    main.o(i.main) refers to ad9833.o(i.AD9833_Init) for AD9833_Init
    main.o(i.main) refers to led.o(i.LED_Init) for LED_Init
    main.o(i.main) refers to 24aa025e48t.o(i.EEPROM_Init) for EEPROM_Init
    main.o(i.main) refers to dac_out.o(i.DAC_Init) for DAC_Init
    main.o(i.main) refers to w25qxx.o(i.W25QXX_Init) for W25QXX_Init
    main.o(i.main) refers to ch446q.o(i.CH446Q_init) for CH446Q_init
    main.o(i.main) refers to aaf_io.o(i.AAF_IO_Init) for AAF_IO_Init
    main.o(i.main) refers to pga849.o(i.PGA849_init) for PGA849_init
    main.o(i.main) refers to ads1219.o(i.ADS1219_init) for ADS1219_init
    main.o(i.main) refers to mcp4725a.o(i.MCP4725A_init) for MCP4725A_init
    main.o(i.main) refers to discharge.o(i.DisCharge_Init) for DisCharge_Init
    main.o(i.main) refers to puse_capture.o(i.TIM5_CH1_3_Cap_Init) for TIM5_CH1_3_Cap_Init
    main.o(i.main) refers to sys.o(i.GPIO_Pin_Set) for GPIO_Pin_Set
    main.o(i.main) refers to usmart_config.o(.data) for usmart_dev
    main.o(i.main) refers to mcu_adc.o(.data) for ADC_BUFFER_SIZE
    led.o(i.LED_Init) refers to sys.o(i.GPIO_Set) for GPIO_Set
    led.o(i.LED_Init) refers to sys.o(i.GPIO_Pin_Set) for GPIO_Pin_Set
    qspi.o(i.QSPI_Init) refers to sys.o(i.GPIO_Set) for GPIO_Set
    qspi.o(i.QSPI_Init) refers to sys.o(i.GPIO_AF_Set) for GPIO_AF_Set
    qspi.o(i.QSPI_Receive) refers to qspi.o(i.QSPI_Wait_Flag) for QSPI_Wait_Flag
    qspi.o(i.QSPI_Send_CMD) refers to qspi.o(i.QSPI_Wait_Flag) for QSPI_Wait_Flag
    qspi.o(i.QSPI_Transmit) refers to qspi.o(i.QSPI_Wait_Flag) for QSPI_Wait_Flag
    spi.o(i.SPI1_Init) refers to sys.o(i.GPIO_Set) for GPIO_Set
    spi.o(i.SPI1_Init) refers to sys.o(i.GPIO_AF_Set) for GPIO_AF_Set
    spi.o(i.SPI1_Init) refers to spi.o(i.SPI1_ReadWriteByte) for SPI1_ReadWriteByte
    spi.o(i.SPI2_Init) refers to sys.o(i.GPIO_Set) for GPIO_Set
    spi.o(i.SPI2_Init) refers to sys.o(i.GPIO_AF_Set) for GPIO_AF_Set
    spi.o(i.SPI2_Init) refers to spi.o(i.SPI2_ReadWriteByte) for SPI2_ReadWriteByte
    spi.o(i.SPI4_Init) refers to sys.o(i.GPIO_Set) for GPIO_Set
    spi.o(i.SPI4_Init) refers to sys.o(i.GPIO_Pin_Set) for GPIO_Pin_Set
    spi.o(i.SPI4_Init) refers to sys.o(i.GPIO_AF_Set) for GPIO_AF_Set
    spi.o(i.SPI4_Init) refers to spi.o(i.SPI4_SetSpeed) for SPI4_SetSpeed
    spi.o(i.SPI4_Init) refers to spi.o(i.SPI4_ReadWriteByte) for SPI4_ReadWriteByte
    mpu.o(i.MPU_Memory_Protection) refers to mpu.o(i.MPU_Set_Protection) for MPU_Set_Protection
    mpu.o(i.MPU_Set_Protection) refers to mpu.o(i.MPU_Convert_Bytes_To_POT) for MPU_Convert_Bytes_To_POT
[...]
    _fp_trap_shutdown                         - Undefined Weak Reference
    _get_lc_collate                           - Undefined Weak Reference
    _get_lc_monetary                          - Undefined Weak Reference
    _get_lc_time                              - Undefined Weak Reference
    _getenv_init                              - Undefined Weak Reference
    _handle_redirection                       - Undefined Weak Reference
    _init_alloc                               - Undefined Weak Reference
    _init_user_alloc                          - Undefined Weak Reference
    _initio                                   - Undefined Weak Reference
    _mutex_acquire                            - Undefined Weak Reference
    _mutex_release                            - Undefined Weak Reference
    _printf_mbtowc                            - Undefined Weak Reference
    _printf_wc                                - Undefined Weak Reference
    _rand_init                                - Undefined Weak Reference
    _signal_finish                            - Undefined Weak Reference
    _signal_init                              - Undefined Weak Reference
    _terminate_alloc                          - Undefined Weak Reference
    _terminate_user_alloc                     - Undefined Weak Reference
    _terminateio                              - Undefined Weak Reference
    __Vectors_Size                           0x00000298   Number         0  startup_stm32h743xx.o ABSOLUTE
    __Vectors                                0x08000000   Data           4  startup_stm32h743xx.o(RESET)
    __Vectors_End                            0x08000298   Data           0  startup_stm32h743xx.o(RESET)
    __main                                   0x08000299   Thumb Code     8  __main.o(!!!main)
    __scatterload                            0x080002a1   Thumb Code     0  __scatter.o(!!!scatter)
    __scatterload_rt2                        0x080002a1   Thumb Code    44  __scatter.o(!!!scatter)
    __scatterload_rt2_thumb_only             0x080002a1   Thumb Code     0  __scatter.o(!!!scatter)
    __scatterload_null                       0x080002af   Thumb Code     0  __scatter.o(!!!scatter)
    __decompress                             0x080002d5   Thumb Code    90  __dczerorl2.o(!!dczerorl2)
    __decompress1                            0x080002d5   Thumb Code     0  __dczerorl2.o(!!dczerorl2)
    __scatterload_zeroinit                   0x08000331   Thumb Code    28  __scatter_zi.o(!!handler_zi)
    _printf_n                                0x0800034d   Thumb Code     0  _printf_n.o(.ARM.Collect$$_printf_percent$$00000001)
    _printf_percent                          0x0800034d   Thumb Code     0  _printf_percent.o(.ARM.Collect$$_printf_percent$$00000000)
    _printf_p                                0x08000353   Thumb Code     0  _printf_p.o(.ARM.Collect$$_printf_percent$$00000002)
    _printf_f                                0x08000359   Thumb Code     0  _printf_f.o(.ARM.Collect$$_printf_percent$$00000003)
    _printf_e                                0x0800035f   Thumb Code     0  _printf_e.o(.ARM.Collect$$_printf_percent$$00000004)
    _printf_g                                0x08000365   Thumb Code     0  _printf_g.o(.ARM.Collect$$_printf_percent$$00000005)
    _printf_a                                0x0800036b   Thumb Code     0  _printf_a.o(.ARM.Collect$$_printf_percent$$00000006)
    _printf_ll                               0x08000371   Thumb Code     0  _printf_ll.o(.ARM.Collect$$_printf_percent$$00000007)
    _printf_i                                0x0800037b   Thumb Code     0  _printf_i.o(.ARM.Collect$$_printf_percent$$00000008)
    _printf_d                                0x08000381   Thumb Code     0  _printf_d.o(.ARM.Collect$$_printf_percent$$00000009)
    _printf_u                                0x08000387   Thumb Code     0  _printf_u.o(.ARM.Collect$$_printf_percent$$0000000A)
    _printf_o                                0x0800038d   Thumb Code     0  _printf_o.o(.ARM.Collect$$_printf_percent$$0000000B)
    _printf_x                                0x08000393   Thumb Code     0  _printf_x.o(.ARM.Collect$$_printf_percent$$0000000C)
    _printf_lli                              0x08000399   Thumb Code     0  _printf_lli.o(.ARM.Collect$$_printf_percent$$0000000D)
    _printf_lld                              0x0800039f   Thumb Code     0  _printf_lld.o(.ARM.Collect$$_printf_percent$$0000000E)
    _printf_llu                              0x080003a5   Thumb Code     0  _printf_llu.o(.ARM.Collect$$_printf_percent$$0000000F)
    _printf_llo                              0x080003ab   Thumb Code     0  _printf_llo.o(.ARM.Collect$$_printf_percent$$00000010)
    _printf_llx                              0x080003b1   Thumb Code     0  _printf_llx.o(.ARM.Collect$$_printf_percent$$00000011)
    _printf_l                                0x080003b7   Thumb Code     0  _printf_l.o(.ARM.Collect$$_printf_percent$$00000012)
    _printf_c                                0x080003c1   Thumb Code     0  _printf_c.o(.ARM.Collect$$_printf_percent$$00000013)
    _printf_s                                0x080003c7   Thumb Code     0  _printf_s.o(.ARM.Collect$$_printf_percent$$00000014)
    _printf_lc                               0x080003cd   Thumb Code     0  _printf_lc.o(.ARM.Collect$$_printf_percent$$00000015)
    _printf_ls                               0x080003d3   Thumb Code     0  _printf_ls.o(.ARM.Collect$$_printf_percent$$00000016)
    _printf_percent_end                      0x080003d9   Thumb Code     0  _printf_percent_end.o(.ARM.Collect$$_printf_percent$$00000017)
    __rt_lib_init                            0x080003dd   Thumb Code     0  libinit.o(.ARM.Collect$$libinit$$00000000)
    __rt_lib_init_fp_1                       0x080003df   Thumb Code     0  libinit2.o(.ARM.Collect$$libinit$$00000001)
    __rt_lib_init_heap_1                     0x080003e3   Thumb Code     0  libinit2.o(.ARM.Collect$$libinit$$0000000A)
    __rt_lib_init_lc_common                  0x080003e3   Thumb Code     0  libinit2.o(.ARM.Collect$$libinit$$0000000F)
    __rt_lib_init_preinit_1                  0x080003e3   Thumb Code     0  libinit2.o(.ARM.Collect$$libinit$$00000004)
    __rt_lib_init_rand_1                     0x080003e3   Thumb Code     0  libinit2.o(.ARM.Collect$$libinit$$0000000E)
    __rt_lib_init_user_alloc_1               0x080003e3   Thumb Code     0  libinit2.o(.ARM.Collect$$libinit$$0000000C)
    __rt_lib_init_lc_collate_1               0x080003e9   Thumb Code     0  libinit2.o(.ARM.Collect$$libinit$$00000011)
    __rt_lib_init_lc_ctype_2                 0x080003e9   Thumb Code     0  libinit2.o(.ARM.Collect$$libinit$$00000012)
    __rt_lib_init_lc_ctype_1                 0x080003f5   Thumb Code     0  libinit2.o(.ARM.Collect$$libinit$$00000013)
    __rt_lib_init_lc_monetary_1              0x080003f5   Thumb Code     0  libinit2.o(.ARM.Collect$$libinit$$00000015)
    __rt_lib_init_lc_numeric_2               0x080003f5   Thumb Code     0  libinit2.o(.ARM.Collect$$libinit$$00000016)
    __rt_lib_init_alloca_1                   0x080003ff   Thumb Code     0  libinit2.o(.ARM.Collect$$libinit$$0000002E)
    __rt_lib_init_argv_1                     0x080003ff   Thumb Code     0  libinit2.o(.ARM.Collect$$libinit$$0000002C)
    __rt_lib_init_atexit_1                   0x080003ff   Thumb Code     0  libinit2.o(.ARM.Collect$$libinit$$0000001B)
    __rt_lib_init_clock_1                    0x080003ff   Thumb Code     0  libinit2.o(.ARM.Collect$$libinit$$00000021)
    __rt_lib_init_cpp_1                      0x080003ff   Thumb Code     0  libinit2.o(.ARM.Collect$$libinit$$00000032)
    __rt_lib_init_exceptions_1               0x080003ff   Thumb Code     0  libinit2.o(.ARM.Collect$$libinit$$00000030)
    __rt_lib_init_fp_trap_1                  0x080003ff   Thumb Code     0  libinit2.o(.ARM.Collect$$libinit$$0000001F)
    __rt_lib_init_getenv_1                   0x080003ff   Thumb Code     0  libinit2.o(.ARM.Collect$$libinit$$00000023)
    __rt_lib_init_lc_numeric_1               0x080003ff   Thumb Code     0  libinit2.o(.ARM.Collect$$libinit$$00000017)
    __rt_lib_init_lc_time_1                  0x080003ff   Thumb Code     0  libinit2.o(.ARM.Collect$$libinit$$00000019)
    __rt_lib_init_return                     0x080003ff   Thumb Code     0  libinit2.o(.ARM.Collect$$libinit$$00000033)
    __rt_lib_init_signal_1                   0x080003ff   Thumb Code     0  libinit2.o(.ARM.Collect$$libinit$$0000001D)
    __rt_lib_init_stdio_1                    0x080003ff   Thumb Code     0  libinit2.o(.ARM.Collect$$libinit$$00000025)
    __rt_lib_shutdown                        0x08000401   Thumb Code     0  libshutdown.o(.ARM.Collect$$libshutdown$$00000000)
    __rt_lib_shutdown_cpp_1                  0x08000403   Thumb Code     0  libshutdown2.o(.ARM.Collect$$libshutdown$$00000002)
    __rt_lib_shutdown_fp_trap_1              0x08000403   Thumb Code     0  libshutdown2.o(.ARM.Collect$$libshutdown$$00000007)
    __rt_lib_shutdown_heap_1                 0x08000403   Thumb Code     0  libshutdown2.o(.ARM.Collect$$libshutdown$$0000000F)
    __rt_lib_shutdown_return                 0x08000403   Thumb Code     0  libshutdown2.o(.ARM.Collect$$libshutdown$$00000010)
    __rt_lib_shutdown_signal_1               0x08000403   Thumb Code     0  libshutdown2.o(.ARM.Collect$$libshutdown$$0000000A)
    __rt_lib_shutdown_stdio_1                0x08000403   Thumb Code     0  libshutdown2.o(.ARM.Collect$$libshutdown$$00000004)
    __rt_lib_shutdown_user_alloc_1           0x08000403   Thumb Code     0  libshutdown2.o(.ARM.Collect$$libshutdown$$0000000C)
    __rt_entry                               0x08000405   Thumb Code     0  __rtentry.o(.ARM.Collect$$rtentry$$00000000)
    __rt_entry_presh_1                       0x08000405   Thumb Code     0  __rtentry2.o(.ARM.Collect$$rtentry$$00000002)
    __rt_entry_sh                            0x08000405   Thumb Code     0  __rtentry4.o(.ARM.Collect$$rtentry$$00000004)
    __rt_entry_li                            0x0800040b   Thumb Code     0  __rtentry2.o(.ARM.Collect$$rtentry$$0000000A)
    __rt_entry_postsh_1                      0x0800040b   Thumb Code     0  __rtentry2.o(.ARM.Collect$$rtentry$$00000009)
    __rt_entry_main                          0x0800040f   Thumb Code     0  __rtentry2.o(.ARM.Collect$$rtentry$$0000000D)
    __rt_entry_postli_1                      0x0800040f   Thumb Code     0  __rtentry2.o(.ARM.Collect$$rtentry$$0000000C)
    __rt_exit                                0x08000417   Thumb Code     0  rtexit.o(.ARM.Collect$$rtexit$$00000000)
    __rt_exit_ls                             0x08000419   Thumb Code     0  rtexit2.o(.ARM.Collect$$rtexit$$00000003)
    __rt_exit_prels_1                        0x08000419   Thumb Code     0  rtexit2.o(.ARM.Collect$$rtexit$$00000002)
    __rt_exit_exit                           0x0800041d   Thumb Code     0  rtexit2.o(.ARM.Collect$$rtexit$$00000004)
    Reset_Handler                            0x08000425   Thumb Code    36  startup_stm32h743xx.o(.text)
    NMI_Handler                              0x08000449   Thumb Code     2  startup_stm32h743xx.o(.text)
    HardFault_Handler                        0x0800044b   Thumb Code     2  startup_stm32h743xx.o(.text)
    BusFault_Handler                         0x0800044f   Thumb Code     2  startup_stm32h743xx.o(.text)
    UsageFault_Handler                       0x08000451   Thumb Code     2  startup_stm32h743xx.o(.text)
    SVC_Handler                              0x08000453   Thumb Code     2  startup_stm32h743xx.o(.text)
    DebugMon_Handler                         0x08000455   Thumb Code     2  startup_stm32h743xx.o(.text)
    PendSV_Handler                           0x08000457   Thumb Code     2  startup_stm32h743xx.o(.text)
    SysTick_Handler                          0x08000459   Thumb Code     2  startup_stm32h743xx.o(.text)
    ADC3_IRQHandler                          0x0800045b   Thumb Code     0  startup_stm32h743xx.o(.text)
    ADC_IRQHandler                           0x0800045b   Thumb Code     0  startup_stm32h743xx.o(.text)
    BDMA_Channel0_IRQHandler                 0x0800045b   Thumb Code     0  startup_stm32h743xx.o(.text)
    BDMA_Channel1_IRQHandler                 0x0800045b   Thumb Code     0  startup_stm32h743xx.o(.text)
    BDMA_Channel2_IRQHandler                 0x0800045b   Thumb Code     0  startup_stm32h743xx.o(.text)
    BDMA_Channel3_IRQHandler                 0x0800045b   Thumb Code     0  startup_stm32h743xx.o(.text)
    BDMA_Channel4_IRQHandler                 0x0800045b   Thumb Code     0  startup_stm32h743xx.o(.text)
    BDMA_Channel5_IRQHandler                 0x0800045b   Thumb Code     0  startup_stm32h743xx.o(.text)
    BDMA_Channel6_IRQHandler                 0x0800045b   Thumb Code     0  startup_stm32h743xx.o(.text)
    BDMA_Channel7_IRQHandler                 0x0800045b   Thumb Code     0  startup_stm32h743xx.o(.text)
    CEC_IRQHandler                           0x0800045b   Thumb Code     0  startup_stm32h743xx.o(.text)
    COMP1_IRQHandler                         0x0800045b   Thumb Code     0  startup_stm32h743xx.o(.text)
    CRS_IRQHandler                           0x0800045b   Thumb Code     0  startup_stm32h743xx.o(.text)
    DCMI_IRQHandler                          0x0800045b   Thumb Code     0  startup_stm32h743xx.o(.text)
    DFSDM1_FLT0_IRQHandler                   0x0800045b   Thumb Code     0  startup_stm32h743xx.o(.text)
    DFSDM1_FLT1_IRQHandler                   0x0800045b   Thumb Code     0  startup_stm32h743xx.o(.text)
    DFSDM1_FLT2_IRQHandler                   0x0800045b   Thumb Code     0  startup_stm32h743xx.o(.text)
    DFSDM1_FLT3_IRQHandler                   0x0800045b   Thumb Code     0  startup_stm32h743xx.o(.text)
    DMA1_Stream0_IRQHandler                  0x0800045b   Thumb Code     0  startup_stm32h743xx.o(.text)
    DMA1_Stream1_IRQHandler                  0x0800045b   Thumb Code     0  startup_stm32h743xx.o(.text)
    DMA1_Stream2_IRQHandler                  0x0800045b   Thumb Code     0  startup_stm32h743xx.o(.text)
    DMA1_Stream3_IRQHandler                  0x0800045b   Thumb Code     0  startup_stm32h743xx.o(.text)
    DMA1_Stream4_IRQHandler                  0x0800045b   Thumb Code     0  startup_stm32h743xx.o(.text)
    DMA1_Stream5_IRQHandler                  0x0800045b   Thumb Code     0  startup_stm32h743xx.o(.text)
    DMA1_Stream6_IRQHandler                  0x0800045b   Thumb Code     0  startup_stm32h743xx.o(.text)
    DMA1_Stream7_IRQHandler                  0x0800045b   Thumb Code     0  startup_stm32h743xx.o(.text)
    DMA2D_IRQHandler                         0x0800045b   Thumb Code     0  startup_stm32h743xx.o(.text)
    DMA2_Stream0_IRQHandler                  0x0800045b   Thumb Code     0  startup_stm32h743xx.o(.text)
    DMA2_Stream1_IRQHandler                  0x0800045b   Thumb Code     0  startup_stm32h743xx.o(.text)
    DMA2_Stream2_IRQHandler                  0x0800045b   Thumb Code     0  startup_stm32h743xx.o(.text)
    DMA2_Stream3_IRQHandler                  0x0800045b   Thumb Code     0  startup_stm32h743xx.o(.text)
    DMA2_Stream4_IRQHandler                  0x0800045b   Thumb Code     0  startup_stm32h743xx.o(.text)
    DMA2_Stream5_IRQHandler                  0x0800045b   Thumb Code     0  startup_stm32h743xx.o(.text)
    DMA2_Stream6_IRQHandler                  0x0800045b   Thumb Code     0  startup_stm32h743xx.o(.text)
    DMA2_Stream7_IRQHandler                  0x0800045b   Thumb Code     0  startup_stm32h743xx.o(.text)
    DMAMUX1_OVR_IRQHandler                   0x0800045b   Thumb Code     0  startup_stm32h743xx.o(.text)
    DMAMUX2_OVR_IRQHandler                   0x0800045b   Thumb Code     0  startup_stm32h743xx.o(.text)
    ECC_IRQHandler                           0x0800045b   Thumb Code     0  startup_stm32h743xx.o(.text)
    ETH_IRQHandler                           0x0800045b   Thumb Code     0  startup_stm32h743xx.o(.text)
    ETH_WKUP_IRQHandler                      0x0800045b   Thumb Code     0  startup_stm32h743xx.o(.text)
    EXTI0_IRQHandler                         0x0800045b   Thumb Code     0  startup_stm32h743xx.o(.text)
    EXTI15_10_IRQHandler                     0x0800045b   Thumb Code     0  startup_stm32h743xx.o(.text)
    EXTI1_IRQHandler                         0x0800045b   Thumb Code     0  startup_stm32h743xx.o(.text)
    EXTI2_IRQHandler                         0x0800045b   Thumb Code     0  startup_stm32h743xx.o(.text)
    EXTI3_IRQHandler                         0x0800045b   Thumb Code     0  startup_stm32h743xx.o(.text)
    EXTI4_IRQHandler                         0x0800045b   Thumb Code     0  startup_stm32h743xx.o(.text)
    EXTI9_5_IRQHandler                       0x0800045b   Thumb Code     0  startup_stm32h743xx.o(.text)
    FDCAN1_IT0_IRQHandler                    0x0800045b   Thumb Code     0  startup_stm32h743xx.o(.text)
    FDCAN1_IT1_IRQHandler                    0x0800045b   Thumb Code     0  startup_stm32h743xx.o(.text)
    FDCAN2_IT0_IRQHandler                    0x0800045b   Thumb Code     0  startup_stm32h743xx.o(.text)
    FDCAN2_IT1_IRQHandler                    0x0800045b   Thumb Code     0  startup_stm32h743xx.o(.text)
    FDCAN_CAL_IRQHandler                     0x0800045b   Thumb Code     0  startup_stm32h743xx.o(.text)
    FLASH_IRQHandler                         0x0800045b   Thumb Code     0  startup_stm32h743xx.o(.text)
    FMC_IRQHandler                           0x0800045b   Thumb Code     0  startup_stm32h743xx.o(.text)
    FPU_IRQHandler                           0x0800045b   Thumb Code     0  startup_stm32h743xx.o(.text)
    HRTIM1_FLT_IRQHandler                    0x0800045b   Thumb Code     0  startup_stm32h743xx.o(.text)
    HRTIM1_Master_IRQHandler                 0x0800045b   Thumb Code     0  startup_stm32h743xx.o(.text)
    HRTIM1_TIMA_IRQHandler                   0x0800045b   Thumb Code     0  startup_stm32h743xx.o(.text)
    HRTIM1_TIMB_IRQHandler                   0x0800045b   Thumb Code     0  startup_stm32h743xx.o(.text)
    HRTIM1_TIMC_IRQHandler                   0x0800045b   Thumb Code     0  startup_stm32h743xx.o(.text)
    HRTIM1_TIMD_IRQHandler                   0x0800045b   Thumb Code     0  startup_stm32h743xx.o(.text)
    HRTIM1_TIME_IRQHandler                   0x0800045b   Thumb Code     0  startup_stm32h743xx.o(.text)
    HSEM1_IRQHandler                         0x0800045b   Thumb Code     0  startup_stm32h743xx.o(.text)
    I2C1_ER_IRQHandler                       0x0800045b   Thumb Code     0  startup_stm32h743xx.o(.text)
    I2C1_EV_IRQHandler                       0x0800045b   Thumb Code     0  startup_stm32h743xx.o(.text)
    I2C2_ER_IRQHandler                       0x0800045b   Thumb Code     0  startup_stm32h743xx.o(.text)
    I2C2_EV_IRQHandler                       0x0800045b   Thumb Code     0  startup_stm32h743xx.o(.text)
    I2C3_ER_IRQHandler                       0x0800045b   Thumb Code     0  startup_stm32h743xx.o(.text)
    I2C3_EV_IRQHandler                       0x0800045b   Thumb Code     0  startup_stm32h743xx.o(.text)
    I2C4_ER_IRQHandler                       0x0800045b   Thumb Code     0  startup_stm32h743xx.o(.text)
    I2C4_EV_IRQHandler                       0x0800045b   Thumb Code     0  startup_stm32h743xx.o(.text)
    JPEG_IRQHandler                          0x0800045b   Thumb Code     0  startup_stm32h743xx.o(.text)
    LPTIM1_IRQHandler                        0x0800045b   Thumb Code     0  startup_stm32h743xx.o(.text)
    LPTIM2_IRQHandler                        0x0800045b   Thumb Code     0  startup_stm32h743xx.o(.text)
    LPTIM3_IRQHandler                        0x0800045b   Thumb Code     0  startup_stm32h743xx.o(.text)
    LPTIM4_IRQHandler                        0x0800045b   Thumb Code     0  startup_stm32h743xx.o(.text)
    LPTIM5_IRQHandler                        0x0800045b   Thumb Code     0  startup_stm32h743xx.o(.text)
    LPUART1_IRQHandler                       0x0800045b   Thumb Code     0  startup_stm32h743xx.o(.text)
    LTDC_ER_IRQHandler                       0x0800045b   Thumb Code     0  startup_stm32h743xx.o(.text)
    LTDC_IRQHandler                          0x0800045b   Thumb Code     0  startup_stm32h743xx.o(.text)
    MDIOS_IRQHandler                         0x0800045b   Thumb Code     0  startup_stm32h743xx.o(.text)
    MDIOS_WKUP_IRQHandler                    0x0800045b   Thumb Code     0  startup_stm32h743xx.o(.text)
    MDMA_IRQHandler                          0x0800045b   Thumb Code     0  startup_stm32h743xx.o(.text)
    OTG_FS_EP1_IN_IRQHandler                 0x0800045b   Thumb Code     0  startup_stm32h743xx.o(.text)
    OTG_FS_EP1_OUT_IRQHandler                0x0800045b   Thumb Code     0  startup_stm32h743xx.o(.text)
    OTG_FS_IRQHandler                        0x0800045b   Thumb Code     0  startup_stm32h743xx.o(.text)
    OTG_FS_WKUP_IRQHandler                   0x0800045b   Thumb Code     0  startup_stm32h743xx.o(.text)
    OTG_HS_EP1_IN_IRQHandler                 0x0800045b   Thumb Code     0  startup_stm32h743xx.o(.text)
    OTG_HS_EP1_OUT_IRQHandler                0x0800045b   Thumb Code     0  startup_stm32h743xx.o(.text)
    OTG_HS_IRQHandler                        0x0800045b   Thumb Code     0  startup_stm32h743xx.o(.text)
    OTG_HS_WKUP_IRQHandler                   0x0800045b   Thumb Code     0  startup_stm32h743xx.o(.text)
    PVD_AVD_IRQHandler                       0x0800045b   Thumb Code     0  startup_stm32h743xx.o(.text)
    QUADSPI_IRQHandler                       0x0800045b   Thumb Code     0  startup_stm32h743xx.o(.text)
    RCC_IRQHandler                           0x0800045b   Thumb Code     0  startup_stm32h743xx.o(.text)
    RNG_IRQHandler                           0x0800045b   Thumb Code     0  startup_stm32h743xx.o(.text)
    RTC_Alarm_IRQHandler                     0x0800045b   Thumb Code     0  startup_stm32h743xx.o(.text)
    RTC_WKUP_IRQHandler                      0x0800045b   Thumb Code     0  startup_stm32h743xx.o(.text)
    SAI1_IRQHandler                          0x0800045b   Thumb Code     0  startup_stm32h743xx.o(.text)
    SAI2_IRQHandler                          0x0800045b   Thumb Code     0  startup_stm32h743xx.o(.text)
    SAI3_IRQHandler                          0x0800045b   Thumb Code     0  startup_stm32h743xx.o(.text)
    SAI4_IRQHandler                          0x0800045b   Thumb Code     0  startup_stm32h743xx.o(.text)
    SDMMC1_IRQHandler                        0x0800045b   Thumb Code     0  startup_stm32h743xx.o(.text)
    SDMMC2_IRQHandler                        0x0800045b   Thumb Code     0  startup_stm32h743xx.o(.text)
    SPDIF_RX_IRQHandler                      0x0800045b   Thumb Code     0  startup_stm32h743xx.o(.text)
    SPI1_IRQHandler                          0x0800045b   Thumb Code     0  startup_stm32h743xx.o(.text)
    SPI2_IRQHandler                          0x0800045b   Thumb Code     0  startup_stm32h743xx.o(.text)
    SPI3_IRQHandler                          0x0800045b   Thumb Code     0  startup_stm32h743xx.o(.text)
    SPI4_IRQHandler                          0x0800045b   Thumb Code     0  startup_stm32h743xx.o(.text)
    SPI5_IRQHandler                          0x0800045b   Thumb Code     0  startup_stm32h743xx.o(.text)
    SPI6_IRQHandler                          0x0800045b   Thumb Code     0  startup_stm32h743xx.o(.text)
    SWPMI1_IRQHandler                        0x0800045b   Thumb Code     0  startup_stm32h743xx.o(.text)
    TAMP_STAMP_IRQHandler                    0x0800045b   Thumb Code     0  startup_stm32h743xx.o(.text)
    TIM15_IRQHandler                         0x0800045b   Thumb Code     0  startup_stm32h743xx.o(.text)
    TIM16_IRQHandler                         0x0800045b   Thumb Code     0  startup_stm32h743xx.o(.text)
    TIM17_IRQHandler                         0x0800045b   Thumb Code     0  startup_stm32h743xx.o(.text)
    TIM1_BRK_IRQHandler                      0x0800045b   Thumb Code     0  startup_stm32h743xx.o(.text)
    TIM1_CC_IRQHandler                       0x0800045b   Thumb Code     0  startup_stm32h743xx.o(.text)
    TIM1_TRG_COM_IRQHandler                  0x0800045b   Thumb Code     0  startup_stm32h743xx.o(.text)
    TIM1_UP_IRQHandler                       0x0800045b   Thumb Code     0  startup_stm32h743xx.o(.text)
    TIM2_IRQHandler                          0x0800045b   Thumb Code     0  startup_stm32h743xx.o(.text)
    TIM3_IRQHandler                          0x0800045b   Thumb Code     0  startup_stm32h743xx.o(.text)
    TIM6_DAC_IRQHandler                      0x0800045b   Thumb Code     0  startup_stm32h743xx.o(.text)
    TIM7_IRQHandler                          0x0800045b   Thumb Code     0  startup_stm32h743xx.o(.text)
    TIM8_BRK_TIM12_IRQHandler                0x0800045b   Thumb Code     0  startup_stm32h743xx.o(.text)
    TIM8_CC_IRQHandler                       0x0800045b   Thumb Code     0  startup_stm32h743xx.o(.text)
    TIM8_TRG_COM_TIM14_IRQHandler            0x0800045b   Thumb Code     0  startup_stm32h743xx.o(.text)
    TIM8_UP_TIM13_IRQHandler                 0x0800045b   Thumb Code     0  startup_stm32h743xx.o(.text)
    UART4_IRQHandler                         0x0800045b   Thumb Code     0  startup_stm32h743xx.o(.text)
    UART5_IRQHandler                         0x0800045b   Thumb Code     0  startup_stm32h743xx.o(.text)
    UART7_IRQHandler                         0x0800045b   Thumb Code     0  startup_stm32h743xx.o(.text)
    UART8_IRQHandler                         0x0800045b   Thumb Code     0  startup_stm32h743xx.o(.text)
    USART2_IRQHandler                        0x0800045b   Thumb Code     0  startup_stm32h743xx.o(.text)
    USART3_IRQHandler                        0x0800045b   Thumb Code     0  startup_stm32h743xx.o(.text)
    USART6_IRQHandler                        0x0800045b   Thumb Code     0  startup_stm32h743xx.o(.text)
    WAKEUP_PIN_IRQHandler                    0x0800045b   Thumb Code     0  startup_stm32h743xx.o(.text)
    WWDG_IRQHandler                          0x0800045b   Thumb Code     0  startup_stm32h743xx.o(.text)
    __user_initial_stackheap                 0x0800045d   Thumb Code     0  startup_stm32h743xx.o(.text)
    arm_scale_f32                            0x08000485   Thumb Code   174  arm_scale_f32.o(.text)
    arm_max_f32                              0x08000533   Thumb Code   206  arm_max_f32.o(.text)
    arm_min_f32                              0x08000601   Thumb Code   206  arm_min_f32.o(.text)
    arm_rms_f32                              0x080006d1   Thumb Code   236  arm_rms_f32.o(.text)
    arm_fill_f32                             0x080007c1   Thumb Code   150  arm_fill_f32.o(.text)
    arm_fill_q15                             0x08000859   Thumb Code   142  arm_fill_q15.o(.text)
    arm_q15_to_float                         0x080008e9   Thumb Code   426  arm_q15_to_float.o(.text)
    __use_no_semihosting                     0x08000a99   Thumb Code     2  use_no_semi_2.o(.text)
    vprintf                                  0x08000a9d   Thumb Code     8  vprintf.o(.text)
    __2printf                                0x08000aa9   Thumb Code    20  __2printf.o(.text)
    _printf_int_dec                          0x08000ac1   Thumb Code   104  _printf_dec.o(.text)
    __printf                                 0x08000b39   Thumb Code   388  __printf_flags_ss_wp.o(.text)
    __use_two_region_memory                  0x08000cc1   Thumb Code     2  heapauxi.o(.text)
    __rt_heap_escrow$2region                 0x08000cc3   Thumb Code     2  heapauxi.o(.text)
    __rt_heap_expand$2region                 0x08000cc5   Thumb Code     2  heapauxi.o(.text)
    __I$use$semihosting                      0x08000cc7   Thumb Code     0  use_no_semi.o(.text)
    __use_no_semihosting_swi                 0x08000cc7   Thumb Code     2  use_no_semi.o(.text)
    _printf_pre_padding                      0x08000cc9   Thumb Code    44  _printf_pad.o(.text)
    _printf_post_padding                     0x08000cf5   Thumb Code    34  _printf_pad.o(.text)
    _printf_truncate_signed                  0x08000d17   Thumb Code    18  _printf_truncate.o(.text)
    _printf_truncate_unsigned                0x08000d29   Thumb Code    18  _printf_truncate.o(.text)
    _printf_str                              0x08000d3b   Thumb Code    82  _printf_str.o(.text)
    _printf_int_common                       0x08000d8d   Thumb Code   178  _printf_intcommon.o(.text)
    _printf_charcount                        0x08000e3f   Thumb Code    40  _printf_charcount.o(.text)
    __lib_sel_fp_printf                      0x08000e67   Thumb Code     2  _printf_fp_dec.o(.text)
    _printf_fp_dec_real                      0x08001019   Thumb Code   620  _printf_fp_dec.o(.text)
    _printf_char_file                        0x08001285   Thumb Code    32  _printf_char_file.o(.text)
    _printf_wctomb                           0x080012a9   Thumb Code   182  _printf_wctomb.o(.text)
    _printf_longlong_dec                     0x08001365   Thumb Code   108  _printf_longlong_dec.o(.text)
    _printf_longlong_oct                     0x080013e1   Thumb Code    66  _printf_oct_int_ll.o(.text)
    _printf_int_oct                          0x08001423   Thumb Code    24  _printf_oct_int_ll.o(.text)
    _printf_ll_oct                           0x0800143b   Thumb Code    12  _printf_oct_int_ll.o(.text)
    _printf_longlong_hex                     0x08001451   Thumb Code    86  _printf_hex_int_ll_ptr.o(.text)
    _printf_int_hex                          0x080014a7   Thumb Code    28  _printf_hex_int_ll_ptr.o(.text)
    _printf_ll_hex                           0x080014c3   Thumb Code    12  _printf_hex_int_ll_ptr.o(.text)
    _printf_hex_ptr                          0x080014cf   Thumb Code    18  _printf_hex_int_ll_ptr.o(.text)
    __rt_locale                              0x080014e5   Thumb Code     8  rt_locale_intlibspace.o(.text)
    _ll_udiv10                               0x080014ed   Thumb Code   138  lludiv10.o(.text)
    _printf_fp_hex_real                      0x08001579   Thumb Code   756  _printf_fp_hex.o(.text)
    _printf_char_common                      0x0800187f   Thumb Code    32  _printf_char_common.o(.text)
    _printf_fp_infnan                        0x080018a5   Thumb Code   112  _printf_fp_infnan.o(.text)
    _printf_cs_common                        0x08001925   Thumb Code    20  _printf_char.o(.text)
    _printf_char                             0x08001939   Thumb Code    16  _printf_char.o(.text)
    _printf_string                           0x08001949   Thumb Code     8  _printf_char.o(.text)
    _printf_lcs_common                       0x08001951   Thumb Code    20  _printf_wchar.o(.text)
    _printf_wchar                            0x08001965   Thumb Code    16  _printf_wchar.o(.text)
    _printf_wstring                          0x08001975   Thumb Code     8  _printf_wchar.o(.text)
    _btod_etento                             0x0800197d   Thumb Code   224  bigflt0.o(.text)
    ferror                                   0x08001a61   Thumb Code     8  ferror.o(.text)
    _wcrtomb                                 0x08001a69   Thumb Code    64  _wcrtomb.o(.text)
    __user_libspace                          0x08001aa9   Thumb Code     8  libspace.o(.text)
    __user_perproc_libspace                  0x08001aa9   Thumb Code     0  libspace.o(.text)
    __user_perthread_libspace                0x08001aa9   Thumb Code     0  libspace.o(.text)
    __user_setup_stackheap                   0x08001ab1   Thumb Code    74  sys_stackheap_outer.o(.text)
    __rt_ctype_table                         0x08001afd   Thumb Code    16  rt_ctype_table.o(.text)
    exit                                     0x08001b0d   Thumb Code    18  exit.o(.text)
    strcmp                                   0x08001b21   Thumb Code   104  strcmpv7m_pel.o(.text)
    _btod_d2e                                0x08001b89   Thumb Code    62  btod.o(CL$$btod_d2e)
    _d2e_denorm_low                          0x08001bc7   Thumb Code    70  btod.o(CL$$btod_d2e_denorm_low)
    _d2e_norm_op1                            0x08001c0d   Thumb Code    96  btod.o(CL$$btod_d2e_norm_op1)
    __btod_div_common                        0x08001c6d   Thumb Code   696  btod.o(CL$$btod_div_common)
    _e2e                                     0x08001fa5   Thumb Code   220  btod.o(CL$$btod_e2e)
    _btod_ediv                               0x08002081   Thumb Code    42  btod.o(CL$$btod_ediv)
    _btod_emul                               0x080020ab   Thumb Code    42  btod.o(CL$$btod_emul)
    __btod_mult_common                       0x080020d5   Thumb Code   580  btod.o(CL$$btod_mult_common)
    AAF_IO_Init                              0x08002319   Thumb Code   142  aaf_io.o(i.AAF_IO_Init)
    AAF_set_IO                               0x080023b5   Thumb Code   140  aaf_io.o(i.AAF_set_IO)
    AD9833_Init                              0x080024a9   Thumb Code    32  ad9833.o(i.AD9833_Init)
    AD9833_SelectWave                        0x080024cd   Thumb Code    84  ad9833.o(i.AD9833_SelectWave)
    AD9833_SetFreq                           0x08002525   Thumb Code   118  ad9833.o(i.AD9833_SetFreq)
    AD9851_init                              0x080025a9   Thumb Code    82  ad9851.o(i.AD9851_init)
    ADC1_2_Init                              0x08002605   Thumb Code   752  mcu_adc.o(i.ADC1_2_Init)
    ADC_BUFFER_READ                          0x08002b11   Thumb Code   350  mcu_adc.o(i.ADC_BUFFER_READ)
    ADS1219_Read_vol                         0x08002cb9   Thumb Code   198  ads1219.o(i.ADS1219_Read_vol)
    ADS1219_init                             0x08002dc1   Thumb Code   422  ads1219.o(i.ADS1219_init)
    CH446Q_MIX_CONTROL                       0x08003271   Thumb Code  1540  ch446q.o(i.CH446Q_MIX_CONTROL)
    CH446Q_Reset                             0x08003935   Thumb Code   240  ch446q.o(i.CH446Q_Reset)
    CH446Q_init                              0x08003b15   Thumb Code   128  ch446q.o(i.CH446Q_init)
    Cache_Enable                             0x08003ba9   Thumb Code    24  sys.o(i.Cache_Enable)
    Cap_Meas_sw                              0x08003bc5   Thumb Code   342  func_api.o(i.Cap_Meas_sw)
    DAC_Init                                 0x08003d3d   Thumb Code   190  dac_out.o(i.DAC_Init)
    DG4052EEQ_Init                           0x08003e09   Thumb Code    54  dg4052eeq.o(i.DG4052EEQ_Init)
    DG4052EEQ_Set                            0x08003e49   Thumb Code   156  dg4052eeq.o(i.DG4052EEQ_Set)
    Dac1_Set_Vol                             0x08003f4d   Thumb Code    96  dac_out.o(i.Dac1_Set_Vol)
    DisCharge_Init                           0x08003fc9   Thumb Code    60  discharge.o(i.DisCharge_Init)
    DisCharge_SET                            0x0800400d   Thumb Code    60  discharge.o(i.DisCharge_SET)
    EEPROM_Init                              0x08004075   Thumb Code    64  24aa025e48t.o(i.EEPROM_Init)
    GPIO_AF_Set                              0x080040e5   Thumb Code    64  sys.o(i.GPIO_AF_Set)
    GPIO_Pin_Get                             0x08004125   Thumb Code    16  sys.o(i.GPIO_Pin_Get)
    GPIO_Pin_Set                             0x08004135   Thumb Code    14  sys.o(i.GPIO_Pin_Set)
    GPIO_Set                                 0x08004143   Thumb Code   222  sys.o(i.GPIO_Set)
    Get_Adc                                  0x08004221   Thumb Code    82  mcu_adc.o(i.Get_Adc)
    Get_Adc_Average                          0x0800427d   Thumb Code    44  mcu_adc.o(i.Get_Adc_Average)
    IIC1_Ack                                 0x080042a9   Thumb Code    62  s_iic.o(i.IIC1_Ack)
    IIC1_Init                                0x080042ed   Thumb Code    56  s_iic.o(i.IIC1_Init)
    IIC1_NAck                                0x0800432d   Thumb Code    84  s_iic.o(i.IIC1_NAck)
    IIC1_Read_Byte                           0x08004385   Thumb Code   150  s_iic.o(i.IIC1_Read_Byte)
    IIC1_Read_Nbytes                         0x08004421   Thumb Code   178  s_iic.o(i.IIC1_Read_Nbytes)
    IIC1_Send_Byte                           0x080044d5   Thumb Code    90  s_iic.o(i.IIC1_Send_Byte)
    IIC1_Start                               0x08004535   Thumb Code    52  s_iic.o(i.IIC1_Start)
    IIC1_Stop                                0x0800456d   Thumb Code    68  s_iic.o(i.IIC1_Stop)
    IIC1_Wait_Ack                            0x080045b5   Thumb Code   160  s_iic.o(i.IIC1_Wait_Ack)
    IIC1_Write_Nbytes                        0x08004659   Thumb Code   154  s_iic.o(i.IIC1_Write_Nbytes)
    IIC4_Ack                                 0x080046f5   Thumb Code    68  s_iic.o(i.IIC4_Ack)
    IIC4_Init                                0x0800473d   Thumb Code    56  s_iic.o(i.IIC4_Init)
    IIC4_NAck                                0x0800477d   Thumb Code    88  s_iic.o(i.IIC4_NAck)
    IIC4_ReadOneByte                         0x080047d9   Thumb Code   120  s_iic.o(i.IIC4_ReadOneByte)
    IIC4_Read_Byte                           0x08004851   Thumb Code   158  s_iic.o(i.IIC4_Read_Byte)
    IIC4_Read_Nbytes                         0x080048f5   Thumb Code   178  s_iic.o(i.IIC4_Read_Nbytes)
    IIC4_Read_direct_bytes                   0x080049a7   Thumb Code   116  s_iic.o(i.IIC4_Read_direct_bytes)
    IIC4_Send_Byte                           0x08004a1d   Thumb Code    96  s_iic.o(i.IIC4_Send_Byte)
    IIC4_Start                               0x08004a81   Thumb Code    54  s_iic.o(i.IIC4_Start)
    IIC4_Stop                                0x08004abd   Thumb Code    72  s_iic.o(i.IIC4_Stop)
    IIC4_Wait_Ack                            0x08004b09   Thumb Code   166  s_iic.o(i.IIC4_Wait_Ack)
    IIC4_WriteOneByte                        0x08004bb5   Thumb Code   110  s_iic.o(i.IIC4_WriteOneByte)
    IIC4_Write_direct_byte                   0x08004c23   Thumb Code    68  s_iic.o(i.IIC4_Write_direct_byte)
    IIC4_Write_direct_bytes                  0x08004c67   Thumb Code    82  s_iic.o(i.IIC4_Write_direct_bytes)
    LED_Init                                 0x08004cb9   Thumb Code    64  led.o(i.LED_Init)
    MAC_ADDRESS_READ                         0x08004d01   Thumb Code    54  24aa025e48t.o(i.MAC_ADDRESS_READ)
    MCP4725A_Set_DAC                         0x08004d69   Thumb Code   244  mcp4725a.o(i.MCP4725A_Set_DAC)
    MCP4725A_Set_Voltage                     0x08004e5d   Thumb Code    82  mcp4725a.o(i.MCP4725A_Set_Voltage)
    MCP4725A_init                            0x08004eb9   Thumb Code   346  mcp4725a.o(i.MCP4725A_init)
    MPU_Convert_Bytes_To_POT                 0x080051a1   Thumb Code    18  mpu.o(i.MPU_Convert_Bytes_To_POT)
    MPU_Disable                              0x080051b5   Thumb Code    30  mpu.o(i.MPU_Disable)
    MPU_Enable                               0x080051d9   Thumb Code    24  mpu.o(i.MPU_Enable)
    MPU_Memory_Protection                    0x080051f5   Thumb Code   212  mpu.o(i.MPU_Memory_Protection)
    MPU_Set_Protection                       0x080052c9   Thumb Code   110  mpu.o(i.MPU_Set_Protection)
    MY_NVIC_Init                             0x0800533d   Thumb Code   116  sys.o(i.MY_NVIC_Init)
    MY_NVIC_PriorityGroupConfig              0x080053b5   Thumb Code    32  sys.o(i.MY_NVIC_PriorityGroupConfig)
    MY_NVIC_SetVectorTable                   0x080053dd   Thumb Code    12  sys.o(i.MY_NVIC_SetVectorTable)
    MemManage_Handler                        0x080053ed   Thumb Code    46  mpu.o(i.MemManage_Handler)
    PGA849_init                              0x0800544d   Thumb Code   152  pga849.o(i.PGA849_init)
    PGA849_set                               0x080054f5   Thumb Code   500  pga849.o(i.PGA849_set)
    POWER_IO_Init                            0x08005785   Thumb Code   138  power_io.o(i.POWER_IO_Init)
    POWER_READ                               0x0800581d   Thumb Code    64  power_io.o(i.POWER_READ)
    POWER_SET                                0x0800589d   Thumb Code   120  power_io.o(i.POWER_SET)
    QSPI_Init                                0x08005959   Thumb Code   162  qspi.o(i.QSPI_Init)
    Read_Mcu_ADC                             0x08005a09   Thumb Code    88  mcu_adc.o(i.Read_Mcu_ADC)
    Read_Puse                                0x08005aa1   Thumb Code    88  puse_capture.o(i.Read_Puse)
    Res_Meas                                 0x08005b1d   Thumb Code   450  func_api.o(i.Res_Meas)
    SPI1_Init                                0x08005e71   Thumb Code   266  spi.o(i.SPI1_Init)
    SPI1_ReadWriteByte                       0x08005f8d   Thumb Code    90  spi.o(i.SPI1_ReadWriteByte)
    SPI1_SetSpeed                            0x08005fed   Thumb Code    48  spi.o(i.SPI1_SetSpeed)
    SPI2_Init                                0x08006021   Thumb Code   246  spi.o(i.SPI2_Init)
    SPI2_ReadWriteByte                       0x08006125   Thumb Code   100  spi.o(i.SPI2_ReadWriteByte)
    SPI4_Init                                0x0800618d   Thumb Code   266  spi.o(i.SPI4_Init)
    SPI4_ReadWriteByte                       0x080062a5   Thumb Code   102  spi.o(i.SPI4_ReadWriteByte)
    SPI4_SetSpeed                            0x08006311   Thumb Code    56  spi.o(i.SPI4_SetSpeed)
    Stm32_Clock_Init                         0x0800634d   Thumb Code    92  sys.o(i.Stm32_Clock_Init)
    Sys_Clock_Set                            0x080063b1   Thumb Code   558  sys.o(i.Sys_Clock_Set)
    Sys_Soft_Reset                           0x080065f1   Thumb Code     8  sys.o(i.Sys_Soft_Reset)
    TIM4_IRQHandler                          0x08006601   Thumb Code    50  usmart.o(i.TIM4_IRQHandler)
    TIM5_CH1_3_Cap_Init                      0x0800663d   Thumb Code   204  puse_capture.o(i.TIM5_CH1_3_Cap_Init)
    TIM5_IRQHandler                          0x08006715   Thumb Code   212  puse_capture.o(i.TIM5_IRQHandler)
    TLV3502AID_init                          0x080067f5   Thumb Code    68  tlv3502aid.o(i.TLV3502AID_init)
    Timer4_Init                              0x08006845   Thumb Code    72  usmart.o(i.Timer4_Init)
    U24AA025_READ                            0x08006895   Thumb Code    26  24aa025e48t.o(i.U24AA025_READ)
    U24AA025_WRITE                           0x080068af   Thumb Code   148  24aa025e48t.o(i.U24AA025_WRITE)
    USART1_IRQHandler                        0x08006945   Thumb Code   128  usart.o(i.USART1_IRQHandler)
    W25QXX_Init                              0x080069d1   Thumb Code    86  w25qxx.o(i.W25QXX_Init)
    W25QXX_ReadID                            0x08006a31   Thumb Code    72  w25qxx.o(i.W25QXX_ReadID)
    W25QXX_ReadSR                            0x08006a7d   Thumb Code    80  w25qxx.o(i.W25QXX_ReadSR)
    __ARM_fpclassify                         0x08006ad1   Thumb Code    48  fpclassify.o(i.__ARM_fpclassify)
    _is_digit                                0x08006b07   Thumb Code    14  __printf_wp.o(i._is_digit)
    _sys_exit                                0x08006b15   Thumb Code     4  usart.o(i._sys_exit)
    delay_init                               0x08006b19   Thumb Code    22  delay.o(i.delay_init)
    delay_ms                                 0x08006b35   Thumb Code    50  delay.o(i.delay_ms)
    delay_us                                 0x08006b69   Thumb Code    72  delay.o(i.delay_us)
    delay_xms                                0x08006bb5   Thumb Code    78  delay.o(i.delay_xms)
    fputc                                    0x08006c09   Thumb Code    22  usart.o(i.fputc)
    main                                     0x08006c25   Thumb Code   204  main.o(i.main)
    read_addr                                0x08006cfd   Thumb Code     6  usmart.o(i.read_addr)
    sys_print                                0x08006d05   Thumb Code    34  usart.o(i.sys_print)
    uart_init                                0x08006d2d   Thumb Code   190  usart.o(i.uart_init)
    usmart_cmd_rec                           0x08006dfd   Thumb Code   170  usmart.o(i.usmart_cmd_rec)
    usmart_exe                               0x08006ead   Thumb Code   624  usmart.o(i.usmart_exe)
    usmart_get_aparm                         0x08007179   Thumb Code   212  usmart_str.o(i.usmart_get_aparm)
    usmart_get_cmdname                       0x0800724d   Thumb Code    54  usmart_str.o(i.usmart_get_cmdname)
    usmart_get_fname                         0x08007285   Thumb Code   440  usmart_str.o(i.usmart_get_fname)
    usmart_get_fparam                        0x08007445   Thumb Code   262  usmart_str.o(i.usmart_get_fparam)
    usmart_get_parmpos                       0x08007551   Thumb Code    26  usmart_str.o(i.usmart_get_parmpos)
    usmart_get_runtime                       0x08007571   Thumb Code    56  usmart.o(i.usmart_get_runtime)
    usmart_init                              0x080075b1   Thumb Code    36  usmart.o(i.usmart_init)
    usmart_pow                               0x080075d9   Thumb Code    22  usmart_str.o(i.usmart_pow)
    usmart_reset_runtime                     0x080075f1   Thumb Code    38  usmart.o(i.usmart_reset_runtime)
    usmart_scan                              0x08007621   Thumb Code   120  usmart.o(i.usmart_scan)
    usmart_search_nextc                      0x080076dd   Thumb Code    22  usmart_str.o(i.usmart_search_nextc)
    usmart_str2num                           0x080076f3   Thumb Code   262  usmart_str.o(i.usmart_str2num)
    usmart_strcmp                            0x080077f9   Thumb Code    34  usmart_str.o(i.usmart_strcmp)
    usmart_strcopy                           0x0800781b   Thumb Code    22  usmart_str.o(i.usmart_strcopy)
    usmart_strlen                            0x08007831   Thumb Code    24  usmart_str.o(i.usmart_strlen)
    usmart_sys_cmd_exe                       0x08007849   Thumb Code  1570  usmart.o(i.usmart_sys_cmd_exe)
    write_addr                               0x08007f3d   Thumb Code     4  usmart.o(i.write_addr)
    _get_lc_numeric                          0x08007f41   Thumb Code    44  lc_numeric_c.o(locale$$code)
    _get_lc_ctype                            0x08007f6d   Thumb Code    44  lc_ctype_c.o(locale$$code)
    _fp_init                                 0x08007f99   Thumb Code    10  fpinit.o(x$fpl$fpinit)
    __fplib_config_fpu_vfp                   0x08007fa1   Thumb Code     0  fpinit.o(x$fpl$fpinit)
    __fplib_config_pureend_doubles           0x08007fa1   Thumb Code     0  fpinit.o(x$fpl$fpinit)
    __ieee_status                            0x08007fa5   Thumb Code    28  istatus.o(x$fpl$ieeestatus)
    _printf_fp_dec                           0x08007fc5   Thumb Code     4  printf1.o(x$fpl$printf1)
    _printf_fp_hex                           0x08007fc9   Thumb Code     4  printf2.o(x$fpl$printf2)
    __I$use$fp                               0x08007fcc   Number         0  usenofp.o(x$fpl$usenofp)
    Region$$Table$$Base                      0x080085d4   Number         0  anon$$obj.o(Region$$Table)
    Region$$Table$$Limit                     0x08008614   Number         0  anon$$obj.o(Region$$Table)
    __ctype                                  0x0800863d   Data           0  lc_ctype_c.o(locale$$data)
    W25QXX_TYPE                              0x20000000   Data           2  w25qxx.o(.data)
    ADS1219_ID                               0x20000002   Data           1  ads1219.o(.data)
    CFG                                      0x20000003   Data           1  ads1219.o(.data)
    EEPROM_BUFFER                            0x20000004   Data           5  24aa025e48t.o(.data)
    H_PUSE1                                  0x2000000c   Data           4  puse_capture.o(.data)
    H_PUSE2                                  0x20000010   Data           4  puse_capture.o(.data)
    up_down                                  0x20000014   Data           1  puse_capture.o(.data)
    ADC_BUFFER_SIZE                          0x20000018   Data           4  mcu_adc.o(.data)
    print_en                                 0x20000020   Data           1  usart.o(.data)
    __stdout                                 0x20000024   Data           4  usart.o(.data)
    USART_RX_STA                             0x20000028   Data           2  usart.o(.data)
    sys_cmd_tab                              0x2000002c   Data          28  usmart.o(.data)
    usmart_nametab                           0x20000048   Data         208  usmart_config.o(.data)
    usmart_dev                               0x20000118   Data         344  usmart_config.o(.data)
    USART_RX_BUF                             0x20000270   Data         200  usart.o(.bss)
    __libspace_start                         0x20000338   Data          96  libspace.o(.bss)
    __temporary_stack_top$libspace           0x20000398   Data           0  libspace.o(.bss)
    ADC_BUFFER2                              0x24000000   Data       61440  mcu_adc.o(in_axi_sram)
    ADC_VOL                                  0x2400f000   Data       368640  mcu_adc.o(in_axi_sram)
    ADC_BUFFER                               0x30000000   Data       61440  mcu_adc.o(in_sram1_to_3)
    ADC_BUFFER1                              0x3000f000   Data       61440  mcu_adc.o(in_sram1_to_3)



==============================================================================

Memory Map of the image

  Image Entry point : 0x08000299

  Load Region LR_IROM1 (Base: 0x08000000, Size: 0x0008f9b0, Max: 0x00020000, ABSOLUTE, COMPRESSED[0x00009924])

    Execution Region ITCM (Exec base: 0x00000000, Load base: 0x08008740, Size: 0x00000000, Max: 0x00010000, ABSOLUTE)

    **** No section assigned to this execution region ****


    Execution Region ER_IROM1 (Exec base: 0x08000000, Load base: 0x08000000, Size: 0x00008740, Max: 0x00020000, ABSOLUTE)

    Exec Addr    Load Addr    Size         Type   Attr      Idx    E Section Name        Object

    0x08000000   0x08000000   0x00000298   Data   RO            3    RESET               startup_stm32h743xx.o
    0x08000298   0x08000298   0x00000008   Code   RO         1999  * !!!main             c_w.l(__main.o)
    0x080002a0   0x080002a0   0x00000034   Code   RO         2295    !!!scatter          c_w.l(__scatter.o)
    0x080002d4   0x080002d4   0x0000005a   Code   RO         2293    !!dczerorl2         c_w.l(__dczerorl2.o)
    0x0800032e   0x0800032e   0x00000002   PAD
    0x08000330   0x08000330   0x0000001c   Code   RO         2297    !!handler_zi        c_w.l(__scatter_zi.o)
    0x0800034c   0x0800034c   0x00000000   Code   RO         1996    .ARM.Collect$$_printf_percent$$00000000  c_w.l(_printf_percent.o)
    0x0800034c   0x0800034c   0x00000006   Code   RO         2054    .ARM.Collect$$_printf_percent$$00000001  c_w.l(_printf_n.o)
    0x08000352   0x08000352   0x00000006   Code   RO         2056    .ARM.Collect$$_printf_percent$$00000002  c_w.l(_printf_p.o)
    0x08000358   0x08000358   0x00000006   Code   RO         1995    .ARM.Collect$$_printf_percent$$00000003  c_w.l(_printf_f.o)
    0x0800035e   0x0800035e   0x00000006   Code   RO         2060    .ARM.Collect$$_printf_percent$$00000004  c_w.l(_printf_e.o)
    0x08000364   0x08000364   0x00000006   Code   RO         2061    .ARM.Collect$$_printf_percent$$00000005  c_w.l(_printf_g.o)
    0x0800036a   0x0800036a   0x00000006   Code   RO         2062    .ARM.Collect$$_printf_percent$$00000006  c_w.l(_printf_a.o)
    0x08000370   0x08000370   0x0000000a   Code   RO         2067    .ARM.Collect$$_printf_percent$$00000007  c_w.l(_printf_ll.o)
    0x0800037a   0x0800037a   0x00000006   Code   RO         2058    .ARM.Collect$$_printf_percent$$00000008  c_w.l(_printf_i.o)
    0x08000380   0x08000380   0x00000006   Code   RO         1994    .ARM.Collect$$_printf_percent$$00000009  c_w.l(_printf_d.o)
    0x08000386   0x08000386   0x00000006   Code   RO         2059    .ARM.Collect$$_printf_percent$$0000000A  c_w.l(_printf_u.o)
    0x0800038c   0x0800038c   0x00000006   Code   RO         2057    .ARM.Collect$$_printf_percent$$0000000B  c_w.l(_printf_o.o)
    0x08000392   0x08000392   0x00000006   Code   RO         2055    .ARM.Collect$$_printf_percent$$0000000C  c_w.l(_printf_x.o)
    0x08000398   0x08000398   0x00000006   Code   RO         2064    .ARM.Collect$$_printf_percent$$0000000D  c_w.l(_printf_lli.o)
    0x0800039e   0x0800039e   0x00000006   Code   RO         2065    .ARM.Collect$$_printf_percent$$0000000E  c_w.l(_printf_lld.o)
    0x080003a4   0x080003a4   0x00000006   Code   RO         2066    .ARM.Collect$$_printf_percent$$0000000F  c_w.l(_printf_llu.o)
    0x080003aa   0x080003aa   0x00000006   Code   RO         2071    .ARM.Collect$$_printf_percent$$00000010  c_w.l(_printf_llo.o)
    0x080003b0   0x080003b0   0x00000006   Code   RO         2072    .ARM.Collect$$_printf_percent$$00000011  c_w.l(_printf_llx.o)
    0x080003b6   0x080003b6   0x0000000a   Code   RO         2068    .ARM.Collect$$_printf_percent$$00000012  c_w.l(_printf_l.o)
    0x080003c0   0x080003c0   0x00000006   Code   RO         2052    .ARM.Collect$$_printf_percent$$00000013  c_w.l(_printf_c.o)
    0x080003c6   0x080003c6   0x00000006   Code   RO         2053    .ARM.Collect$$_printf_percent$$00000014  c_w.l(_printf_s.o)
    0x080003cc   0x080003cc   0x00000006   Code   RO         2069    .ARM.Collect$$_printf_percent$$00000015  c_w.l(_printf_lc.o)
    0x080003d2   0x080003d2   0x00000006   Code   RO         2070    .ARM.Collect$$_printf_percent$$00000016  c_w.l(_printf_ls.o)
    0x080003d8   0x080003d8   0x00000004   Code   RO         2063    .ARM.Collect$$_printf_percent$$00000017  c_w.l(_printf_percent_end.o)
    0x080003dc   0x080003dc   0x00000002   Code   RO         2169    .ARM.Collect$$libinit$$00000000  c_w.l(libinit.o)
    0x080003de   0x080003de   0x00000004   Code   RO         2170    .ARM.Collect$$libinit$$00000001  c_w.l(libinit2.o)
    0x080003e2   0x080003e2   0x00000000   Code   RO         2173    .ARM.Collect$$libinit$$00000004  c_w.l(libinit2.o)
    0x080003e2   0x080003e2   0x00000000   Code   RO         2176    .ARM.Collect$$libinit$$0000000A  c_w.l(libinit2.o)
    0x080003e2   0x080003e2   0x00000000   Code   RO         2178    .ARM.Collect$$libinit$$0000000C  c_w.l(libinit2.o)
    0x080003e2   0x080003e2   0x00000000   Code   RO         2180    .ARM.Collect$$libinit$$0000000E  c_w.l(libinit2.o)
    0x080003e2   0x080003e2   0x00000006   Code   RO         2181    .ARM.Collect$$libinit$$0000000F  c_w.l(libinit2.o)
    0x080003e8   0x080003e8   0x00000000   Code   RO         2183    .ARM.Collect$$libinit$$00000011  c_w.l(libinit2.o)
    0x080003e8   0x080003e8   0x0000000c   Code   RO         2184    .ARM.Collect$$libinit$$00000012  c_w.l(libinit2.o)
    0x080003f4   0x080003f4   0x00000000   Code   RO         2185    .ARM.Collect$$libinit$$00000013  c_w.l(libinit2.o)
    0x080003f4   0x080003f4   0x00000000   Code   RO         2187    .ARM.Collect$$libinit$$00000015  c_w.l(libinit2.o)
    0x080003f4   0x080003f4   0x0000000a   Code   RO         2188    .ARM.Collect$$libinit$$00000016  c_w.l(libinit2.o)
    0x080003fe   0x080003fe   0x00000000   Code   RO         2189    .ARM.Collect$$libinit$$00000017  c_w.l(libinit2.o)
    0x080003fe   0x080003fe   0x00000000   Code   RO         2191    .ARM.Collect$$libinit$$00000019  c_w.l(libinit2.o)
    0x080003fe   0x080003fe   0x00000000   Code   RO         2193    .ARM.Collect$$libinit$$0000001B  c_w.l(libinit2.o)
    0x080003fe   0x080003fe   0x00000000   Code   RO         2195    .ARM.Collect$$libinit$$0000001D  c_w.l(libinit2.o)
    0x080003fe   0x080003fe   0x00000000   Code   RO         2197    .ARM.Collect$$libinit$$0000001F  c_w.l(libinit2.o)
    0x080003fe   0x080003fe   0x00000000   Code   RO         2199    .ARM.Collect$$libinit$$00000021  c_w.l(libinit2.o)
    0x080003fe   0x080003fe   0x00000000   Code   RO         2201    .ARM.Collect$$libinit$$00000023  c_w.l(libinit2.o)
    0x080003fe   0x080003fe   0x00000000   Code   RO         2203    .ARM.Collect$$libinit$$00000025  c_w.l(libinit2.o)
    0x080003fe   0x080003fe   0x00000000   Code   RO         2207    .ARM.Collect$$libinit$$0000002C  c_w.l(libinit2.o)
    0x080003fe   0x080003fe   0x00000000   Code   RO         2209    .ARM.Collect$$libinit$$0000002E  c_w.l(libinit2.o)
    0x080003fe   0x080003fe   0x00000000   Code   RO         2211    .ARM.Collect$$libinit$$00000030  c_w.l(libinit2.o)
    0x080003fe   0x080003fe   0x00000000   Code   RO         2213    .ARM.Collect$$libinit$$00000032  c_w.l(libinit2.o)
    0x080003fe   0x080003fe   0x00000002   Code   RO         2214    .ARM.Collect$$libinit$$00000033  c_w.l(libinit2.o)
    0x08000400   0x08000400   0x00000002   Code   RO         2245    .ARM.Collect$$libshutdown$$00000000  c_w.l(libshutdown.o)
    0x08000402   0x08000402   0x00000000   Code   RO         2254    .ARM.Collect$$libshutdown$$00000002  c_w.l(libshutdown2.o)
    0x08000402   0x08000402   0x00000000   Code   RO         2256    .ARM.Collect$$libshutdown$$00000004  c_w.l(libshutdown2.o)
    0x08000402   0x08000402   0x00000000   Code   RO         2259    .ARM.Collect$$libshutdown$$00000007  c_w.l(libshutdown2.o)
    0x08000402   0x08000402   0x00000000   Code   RO         2262    .ARM.Collect$$libshutdown$$0000000A  c_w.l(libshutdown2.o)
    0x08000402   0x08000402   0x00000000   Code   RO         2264    .ARM.Collect$$libshutdown$$0000000C  c_w.l(libshutdown2.o)
    0x08000402   0x08000402   0x00000000   Code   RO         2267    .ARM.Collect$$libshutdown$$0000000F  c_w.l(libshutdown2.o)
    0x08000402   0x08000402   0x00000002   Code   RO         2268    .ARM.Collect$$libshutdown$$00000010  c_w.l(libshutdown2.o)
    0x08000404   0x08000404   0x00000000   Code   RO         2005    .ARM.Collect$$rtentry$$00000000  c_w.l(__rtentry.o)
    0x08000404   0x08000404   0x00000000   Code   RO         2080    .ARM.Collect$$rtentry$$00000002  c_w.l(__rtentry2.o)
    0x08000404   0x08000404   0x00000006   Code   RO         2092    .ARM.Collect$$rtentry$$00000004  c_w.l(__rtentry4.o)
    0x0800040a   0x0800040a   0x00000000   Code   RO         2082    .ARM.Collect$$rtentry$$00000009  c_w.l(__rtentry2.o)
    0x0800040a   0x0800040a   0x00000004   Code   RO         2083    .ARM.Collect$$rtentry$$0000000A  c_w.l(__rtentry2.o)
    0x0800040e   0x0800040e   0x00000000   Code   RO         2085    .ARM.Collect$$rtentry$$0000000C  c_w.l(__rtentry2.o)
    0x0800040e   0x0800040e   0x00000008   Code   RO         2086    .ARM.Collect$$rtentry$$0000000D  c_w.l(__rtentry2.o)
    0x08000416   0x08000416   0x00000002   Code   RO         2215    .ARM.Collect$$rtexit$$00000000  c_w.l(rtexit.o)
    0x08000418   0x08000418   0x00000000   Code   RO         2225    .ARM.Collect$$rtexit$$00000002  c_w.l(rtexit2.o)
    0x08000418   0x08000418   0x00000004   Code   RO         2226    .ARM.Collect$$rtexit$$00000003  c_w.l(rtexit2.o)
    0x0800041c   0x0800041c   0x00000006   Code   RO         2227    .ARM.Collect$$rtexit$$00000004  c_w.l(rtexit2.o)
    0x08000422   0x08000422   0x00000002   PAD
    0x08000424   0x08000424   0x00000060   Code   RO            4    .text               startup_stm32h743xx.o
    0x08000484   0x08000484   0x000000ae   Code   RO         1770    .text               arm_cortexM7lfdp_math.lib(arm_scale_f32.o)
    0x08000532   0x08000532   0x000000ce   Code   RO         1816    .text               arm_cortexM7lfdp_math.lib(arm_max_f32.o)
    0x08000600   0x08000600   0x000000ce   Code   RO         1840    .text               arm_cortexM7lfdp_math.lib(arm_min_f32.o)
    0x080006ce   0x080006ce   0x00000002   PAD
    0x080006d0   0x080006d0   0x000000f0   Code   RO         1864    .text               arm_cortexM7lfdp_math.lib(arm_rms_f32.o)
    0x080007c0   0x080007c0   0x00000096   Code   RO         1891    .text               arm_cortexM7lfdp_math.lib(arm_fill_f32.o)
    0x08000856   0x08000856   0x00000002   PAD
    0x08000858   0x08000858   0x0000008e   Code   RO         1915    .text               arm_cortexM7lfdp_math.lib(arm_fill_q15.o)
    0x080008e6   0x080008e6   0x00000002   PAD
    0x080008e8   0x080008e8   0x000001b0   Code   RO         1939    .text               arm_cortexM7lfdp_math.lib(arm_q15_to_float.o)
    0x08000a98   0x08000a98   0x00000002   Code   RO         1962    .text               c_w.l(use_no_semi_2.o)
    0x08000a9a   0x08000a9a   0x00000002   PAD
    0x08000a9c   0x08000a9c   0x0000000c   Code   RO         1964    .text               c_w.l(vprintf.o)
    0x08000aa8   0x08000aa8   0x00000018   Code   RO         1966    .text               c_w.l(__2printf.o)
    0x08000ac0   0x08000ac0   0x00000078   Code   RO         1972    .text               c_w.l(_printf_dec.o)
    0x08000b38   0x08000b38   0x00000188   Code   RO         1991    .text               c_w.l(__printf_flags_ss_wp.o)
    0x08000cc0   0x08000cc0   0x00000006   Code   RO         1997    .text               c_w.l(heapauxi.o)
    0x08000cc6   0x08000cc6   0x00000002   Code   RO         2003    .text               c_w.l(use_no_semi.o)
    0x08000cc8   0x08000cc8   0x0000004e   Code   RO         2006    .text               c_w.l(_printf_pad.o)
    0x08000d16   0x08000d16   0x00000024   Code   RO         2008    .text               c_w.l(_printf_truncate.o)
    0x08000d3a   0x08000d3a   0x00000052   Code   RO         2010    .text               c_w.l(_printf_str.o)
    0x08000d8c   0x08000d8c   0x000000b2   Code   RO         2012    .text               c_w.l(_printf_intcommon.o)
    0x08000e3e   0x08000e3e   0x00000028   Code   RO         2014    .text               c_w.l(_printf_charcount.o)
    0x08000e66   0x08000e66   0x0000041e   Code   RO         2016    .text               c_w.l(_printf_fp_dec.o)
    0x08001284   0x08001284   0x00000024   Code   RO         2018    .text               c_w.l(_printf_char_file.o)
    0x080012a8   0x080012a8   0x000000bc   Code   RO         2020    .text               c_w.l(_printf_wctomb.o)
    0x08001364   0x08001364   0x0000007c   Code   RO         2023    .text               c_w.l(_printf_longlong_dec.o)
    0x080013e0   0x080013e0   0x00000070   Code   RO         2029    .text               c_w.l(_printf_oct_int_ll.o)
    0x08001450   0x08001450   0x00000094   Code   RO         2049    .text               c_w.l(_printf_hex_int_ll_ptr.o)
    0x080014e4   0x080014e4   0x00000008   Code   RO         2097    .text               c_w.l(rt_locale_intlibspace.o)
    0x080014ec   0x080014ec   0x0000008a   Code   RO         2099    .text               c_w.l(lludiv10.o)
    0x08001576   0x08001576   0x00000002   PAD
    0x08001578   0x08001578   0x000002fc   Code   RO         2101    .text               c_w.l(_printf_fp_hex.o)
    0x08001874   0x08001874   0x00000030   Code   RO         2104    .text               c_w.l(_printf_char_common.o)
    0x080018a4   0x080018a4   0x00000080   Code   RO         2106    .text               c_w.l(_printf_fp_infnan.o)
    0x08001924   0x08001924   0x0000002c   Code   RO         2108    .text               c_w.l(_printf_char.o)
    0x08001950   0x08001950   0x0000002c   Code   RO         2110    .text               c_w.l(_printf_wchar.o)
    0x0800197c   0x0800197c   0x000000e4   Code   RO         2112    .text               c_w.l(bigflt0.o)
    0x08001a60   0x08001a60   0x00000008   Code   RO         2137    .text               c_w.l(ferror.o)
    0x08001a68   0x08001a68   0x00000040   Code   RO         2141    .text               c_w.l(_wcrtomb.o)
    0x08001aa8   0x08001aa8   0x00000008   Code   RO         2151    .text               c_w.l(libspace.o)
    0x08001ab0   0x08001ab0   0x0000004a   Code   RO         2154    .text               c_w.l(sys_stackheap_outer.o)
    0x08001afa   0x08001afa   0x00000002   PAD
    0x08001afc   0x08001afc   0x00000010   Code   RO         2156    .text               c_w.l(rt_ctype_table.o)
    0x08001b0c   0x08001b0c   0x00000012   Code   RO         2160    .text               c_w.l(exit.o)
    0x08001b1e   0x08001b1e   0x00000002   PAD
    0x08001b20   0x08001b20   0x00000068   Code   RO         2162    .text               c_w.l(strcmpv7m_pel.o)
    0x08001b88   0x08001b88   0x0000003e   Code   RO         2115    CL$$btod_d2e        c_w.l(btod.o)
    0x08001bc6   0x08001bc6   0x00000046   Code   RO         2117    CL$$btod_d2e_denorm_low  c_w.l(btod.o)
    0x08001c0c   0x08001c0c   0x00000060   Code   RO         2116    CL$$btod_d2e_norm_op1  c_w.l(btod.o)
    0x08001c6c   0x08001c6c   0x00000338   Code   RO         2125    CL$$btod_div_common  c_w.l(btod.o)
    0x08001fa4   0x08001fa4   0x000000dc   Code   RO         2122    CL$$btod_e2e        c_w.l(btod.o)
    0x08002080   0x08002080   0x0000002a   Code   RO         2119    CL$$btod_ediv       c_w.l(btod.o)
    0x080020aa   0x080020aa   0x0000002a   Code   RO         2118    CL$$btod_emul       c_w.l(btod.o)
    0x080020d4   0x080020d4   0x00000244   Code   RO         2124    CL$$btod_mult_common  c_w.l(btod.o)
    0x08002318   0x08002318   0x0000009c   Code   RO         1224    i.AAF_IO_Init       aaf_io.o
    0x080023b4   0x080023b4   0x000000f4   Code   RO         1225    i.AAF_set_IO        aaf_io.o
    0x080024a8   0x080024a8   0x00000024   Code   RO         1057    i.AD9833_Init       ad9833.o
    0x080024cc   0x080024cc   0x00000058   Code   RO         1058    i.AD9833_SelectWave  ad9833.o
    0x08002524   0x08002524   0x00000084   Code   RO         1059    i.AD9833_SetFreq    ad9833.o
    0x080025a8   0x080025a8   0x0000005c   Code   RO         1033    i.AD9851_init       ad9851.o
    0x08002604   0x08002604   0x0000050c   Code   RO         1156    i.ADC1_2_Init       mcu_adc.o
    0x08002b10   0x08002b10   0x000001a8   Code   RO         1157    i.ADC_BUFFER_READ   mcu_adc.o
    0x08002cb8   0x08002cb8   0x00000108   Code   RO          789    i.ADS1219_Read_vol  ads1219.o
    0x08002dc0   0x08002dc0   0x000004b0   Code   RO          790    i.ADS1219_init      ads1219.o
    0x08003270   0x08003270   0x000006c4   Code   RO          493    i.CH446Q_MIX_CONTROL  ch446q.o
    0x08003934   0x08003934   0x000001e0   Code   RO          494    i.CH446Q_Reset      ch446q.o
    0x08003b14   0x08003b14   0x00000094   Code   RO          495    i.CH446Q_init       ch446q.o
    0x08003ba8   0x08003ba8   0x0000001c   Code   RO         1368    i.Cache_Enable      sys.o
    0x08003bc4   0x08003bc4   0x00000178   Code   RO         1285    i.Cap_Meas_sw       func_api.o
    0x08003d3c   0x08003d3c   0x000000cc   Code   RO          529    i.DAC_Init          dac_out.o
    0x08003e08   0x08003e08   0x00000040   Code   RO          958    i.DG4052EEQ_Init    dg4052eeq.o
    0x08003e48   0x08003e48   0x00000104   Code   RO          959    i.DG4052EEQ_Set     dg4052eeq.o
    0x08003f4c   0x08003f4c   0x0000007c   Code   RO          530    i.Dac1_Set_Vol      dac_out.o
    0x08003fc8   0x08003fc8   0x00000044   Code   RO         1254    i.DisCharge_Init    discharge.o
    0x0800400c   0x0800400c   0x00000068   Code   RO         1255    i.DisCharge_SET     discharge.o
    0x08004074   0x08004074   0x00000070   Code   RO          988    i.EEPROM_Init       24aa025e48t.o
    0x080040e4   0x080040e4   0x00000040   Code   RO         1370    i.GPIO_AF_Set       sys.o
    0x08004124   0x08004124   0x00000010   Code   RO         1371    i.GPIO_Pin_Get      sys.o
    0x08004134   0x08004134   0x0000000e   Code   RO         1372    i.GPIO_Pin_Set      sys.o
    0x08004142   0x08004142   0x000000de   Code   RO         1373    i.GPIO_Set          sys.o
    0x08004220   0x08004220   0x0000005c   Code   RO         1158    i.Get_Adc           mcu_adc.o
    0x0800427c   0x0800427c   0x0000002c   Code   RO         1159    i.Get_Adc_Average   mcu_adc.o
    0x080042a8   0x080042a8   0x00000044   Code   RO          589    i.IIC1_Ack          s_iic.o
    0x080042ec   0x080042ec   0x00000040   Code   RO          590    i.IIC1_Init         s_iic.o
    0x0800432c   0x0800432c   0x00000058   Code   RO          591    i.IIC1_NAck         s_iic.o
    0x08004384   0x08004384   0x0000009c   Code   RO          593    i.IIC1_Read_Byte    s_iic.o
    0x08004420   0x08004420   0x000000b2   Code   RO          594    i.IIC1_Read_Nbytes  s_iic.o
    0x080044d2   0x080044d2   0x00000002   PAD
    0x080044d4   0x080044d4   0x00000060   Code   RO          596    i.IIC1_Send_Byte    s_iic.o
    0x08004534   0x08004534   0x00000038   Code   RO          597    i.IIC1_Start        s_iic.o
    0x0800456c   0x0800456c   0x00000048   Code   RO          598    i.IIC1_Stop         s_iic.o
    0x080045b4   0x080045b4   0x000000a4   Code   RO          599    i.IIC1_Wait_Ack     s_iic.o
    0x08004658   0x08004658   0x0000009a   Code   RO          601    i.IIC1_Write_Nbytes  s_iic.o
    0x080046f2   0x080046f2   0x00000002   PAD
    0x080046f4   0x080046f4   0x00000048   Code   RO          603    i.IIC4_Ack          s_iic.o
    0x0800473c   0x0800473c   0x00000040   Code   RO          604    i.IIC4_Init         s_iic.o
    0x0800477c   0x0800477c   0x0000005c   Code   RO          605    i.IIC4_NAck         s_iic.o
    0x080047d8   0x080047d8   0x00000078   Code   RO          606    i.IIC4_ReadOneByte  s_iic.o
    0x08004850   0x08004850   0x000000a4   Code   RO          607    i.IIC4_Read_Byte    s_iic.o
    0x080048f4   0x080048f4   0x000000b2   Code   RO          608    i.IIC4_Read_Nbytes  s_iic.o
    0x080049a6   0x080049a6   0x00000074   Code   RO          609    i.IIC4_Read_direct_bytes  s_iic.o
    0x08004a1a   0x08004a1a   0x00000002   PAD
    0x08004a1c   0x08004a1c   0x00000064   Code   RO          610    i.IIC4_Send_Byte    s_iic.o
    0x08004a80   0x08004a80   0x0000003c   Code   RO          611    i.IIC4_Start        s_iic.o
    0x08004abc   0x08004abc   0x0000004c   Code   RO          612    i.IIC4_Stop         s_iic.o
    0x08004b08   0x08004b08   0x000000ac   Code   RO          613    i.IIC4_Wait_Ack     s_iic.o
    0x08004bb4   0x08004bb4   0x0000006e   Code   RO          614    i.IIC4_WriteOneByte  s_iic.o
    0x08004c22   0x08004c22   0x00000044   Code   RO          616    i.IIC4_Write_direct_byte  s_iic.o
    0x08004c66   0x08004c66   0x00000052   Code   RO          617    i.IIC4_Write_direct_bytes  s_iic.o
    0x08004cb8   0x08004cb8   0x00000048   Code   RO          170    i.LED_Init          led.o
    0x08004d00   0x08004d00   0x00000068   Code   RO          989    i.MAC_ADDRESS_READ  24aa025e48t.o
    0x08004d68   0x08004d68   0x000000f4   Code   RO          823    i.MCP4725A_Set_DAC  mcp4725a.o
    0x08004e5c   0x08004e5c   0x0000005c   Code   RO          824    i.MCP4725A_Set_Voltage  mcp4725a.o
    0x08004eb8   0x08004eb8   0x000002e8   Code   RO          825    i.MCP4725A_init     mcp4725a.o
    0x080051a0   0x080051a0   0x00000012   Code   RO          324    i.MPU_Convert_Bytes_To_POT  mpu.o
    0x080051b2   0x080051b2   0x00000002   PAD
    0x080051b4   0x080051b4   0x00000024   Code   RO          325    i.MPU_Disable       mpu.o
    0x080051d8   0x080051d8   0x0000001c   Code   RO          326    i.MPU_Enable        mpu.o
    0x080051f4   0x080051f4   0x000000d4   Code   RO          327    i.MPU_Memory_Protection  mpu.o
    0x080052c8   0x080052c8   0x00000074   Code   RO          328    i.MPU_Set_Protection  mpu.o
    0x0800533c   0x0800533c   0x00000078   Code   RO         1376    i.MY_NVIC_Init      sys.o
    0x080053b4   0x080053b4   0x00000028   Code   RO         1377    i.MY_NVIC_PriorityGroupConfig  sys.o
    0x080053dc   0x080053dc   0x00000010   Code   RO         1378    i.MY_NVIC_SetVectorTable  sys.o
    0x080053ec   0x080053ec   0x00000060   Code   RO          329    i.MemManage_Handler  mpu.o
    0x0800544c   0x0800544c   0x000000a8   Code   RO          559    i.PGA849_init       pga849.o
    0x080054f4   0x080054f4   0x00000290   Code   RO          560    i.PGA849_set        pga849.o
    0x08005784   0x08005784   0x00000098   Code   RO          922    i.POWER_IO_Init     power_io.o
    0x0800581c   0x0800581c   0x00000080   Code   RO          923    i.POWER_READ        power_io.o
    0x0800589c   0x0800589c   0x000000bc   Code   RO          924    i.POWER_SET         power_io.o
    0x08005958   0x08005958   0x000000b0   Code   RO          199    i.QSPI_Init         qspi.o
    0x08005a08   0x08005a08   0x00000098   Code   RO         1161    i.Read_Mcu_ADC      mcu_adc.o
    0x08005aa0   0x08005aa0   0x0000007c   Code   RO         1117    i.Read_Puse         puse_capture.o
    0x08005b1c   0x08005b1c   0x000001f0   Code   RO         1286    i.Res_Meas          func_api.o
    0x08005d0c   0x08005d0c   0x0000009c   Code   RO         1380    i.SCB_EnableDCache  sys.o
    0x08005da8   0x08005da8   0x0000007c   Code   RO         1381    i.SCB_EnableICache  sys.o
    0x08005e24   0x08005e24   0x0000004c   Code   RO         1162    i.SCB_InvalidateDCache_by_Addr  mcu_adc.o
    0x08005e70   0x08005e70   0x0000011c   Code   RO          252    i.SPI1_Init         spi.o
    0x08005f8c   0x08005f8c   0x00000060   Code   RO          253    i.SPI1_ReadWriteByte  spi.o
    0x08005fec   0x08005fec   0x00000034   Code   RO          254    i.SPI1_SetSpeed     spi.o
    0x08006020   0x08006020   0x00000104   Code   RO          255    i.SPI2_Init         spi.o
    0x08006124   0x08006124   0x00000068   Code   RO          256    i.SPI2_ReadWriteByte  spi.o
    0x0800618c   0x0800618c   0x00000118   Code   RO          258    i.SPI4_Init         spi.o
    0x080062a4   0x080062a4   0x0000006c   Code   RO          259    i.SPI4_ReadWriteByte  spi.o
    0x08006310   0x08006310   0x0000003c   Code   RO          260    i.SPI4_SetSpeed     spi.o
    0x0800634c   0x0800634c   0x00000064   Code   RO         1382    i.Stm32_Clock_Init  sys.o
    0x080063b0   0x080063b0   0x00000240   Code   RO         1383    i.Sys_Clock_Set     sys.o
    0x080065f0   0x080065f0   0x00000010   Code   RO         1384    i.Sys_Soft_Reset    sys.o
    0x08006600   0x08006600   0x0000003c   Code   RO         1573    i.TIM4_IRQHandler   usmart.o
    0x0800663c   0x0800663c   0x000000d8   Code   RO         1118    i.TIM5_CH1_3_Cap_Init  puse_capture.o
    0x08006714   0x08006714   0x000000e0   Code   RO         1119    i.TIM5_IRQHandler   puse_capture.o
    0x080067f4   0x080067f4   0x00000050   Code   RO         1093    i.TLV3502AID_init   tlv3502aid.o
    0x08006844   0x08006844   0x00000050   Code   RO         1574    i.Timer4_Init       usmart.o
    0x08006894   0x08006894   0x0000001a   Code   RO          990    i.U24AA025_READ     24aa025e48t.o
    0x080068ae   0x080068ae   0x00000094   Code   RO          991    i.U24AA025_WRITE    24aa025e48t.o
    0x08006942   0x08006942   0x00000002   PAD
    0x08006944   0x08006944   0x0000008c   Code   RO         1505    i.USART1_IRQHandler  usart.o
    0x080069d0   0x080069d0   0x00000060   Code   RO          380    i.W25QXX_Init       w25qxx.o
    0x08006a30   0x08006a30   0x0000004c   Code   RO          383    i.W25QXX_ReadID     w25qxx.o
    0x08006a7c   0x08006a7c   0x00000054   Code   RO          384    i.W25QXX_ReadSR     w25qxx.o
    0x08006ad0   0x08006ad0   0x00000030   Code   RO         2149    i.__ARM_fpclassify  m_wv.l(fpclassify.o)
    0x08006b00   0x08006b00   0x00000006   Code   RO          618    i.__set_PRIMASK     s_iic.o
    0x08006b06   0x08006b06   0x0000000e   Code   RO         1984    i._is_digit         c_w.l(__printf_wp.o)
    0x08006b14   0x08006b14   0x00000004   Code   RO         1506    i._sys_exit         usart.o
    0x08006b18   0x08006b18   0x0000001c   Code   RO         1323    i.delay_init        delay.o
    0x08006b34   0x08006b34   0x00000032   Code   RO         1324    i.delay_ms          delay.o
    0x08006b66   0x08006b66   0x00000002   PAD
    0x08006b68   0x08006b68   0x0000004c   Code   RO         1325    i.delay_us          delay.o
    0x08006bb4   0x08006bb4   0x00000054   Code   RO         1326    i.delay_xms         delay.o
    0x08006c08   0x08006c08   0x0000001c   Code   RO         1508    i.fputc             usart.o
    0x08006c24   0x08006c24   0x000000d8   Code   RO           13    i.main              main.o
    0x08006cfc   0x08006cfc   0x00000006   Code   RO         1575    i.read_addr         usmart.o
    0x08006d02   0x08006d02   0x00000002   PAD
    0x08006d04   0x08006d04   0x00000028   Code   RO         1509    i.sys_print         usart.o
    0x08006d2c   0x08006d2c   0x000000d0   Code   RO         1510    i.uart_init         usart.o
    0x08006dfc   0x08006dfc   0x000000b0   Code   RO         1576    i.usmart_cmd_rec    usmart.o
    0x08006eac   0x08006eac   0x000002cc   Code   RO         1577    i.usmart_exe        usmart.o
    0x08007178   0x08007178   0x000000d4   Code   RO         1686    i.usmart_get_aparm  usmart_str.o
    0x0800724c   0x0800724c   0x00000036   Code   RO         1687    i.usmart_get_cmdname  usmart_str.o
    0x08007282   0x08007282   0x00000002   PAD
    0x08007284   0x08007284   0x000001c0   Code   RO         1688    i.usmart_get_fname  usmart_str.o
    0x08007444   0x08007444   0x0000010c   Code   RO         1689    i.usmart_get_fparam  usmart_str.o
    0x08007550   0x08007550   0x00000020   Code   RO         1690    i.usmart_get_parmpos  usmart_str.o
    0x08007570   0x08007570   0x00000040   Code   RO         1578    i.usmart_get_runtime  usmart.o
    0x080075b0   0x080075b0   0x00000028   Code   RO         1579    i.usmart_init       usmart.o
    0x080075d8   0x080075d8   0x00000016   Code   RO         1691    i.usmart_pow        usmart_str.o
    0x080075ee   0x080075ee   0x00000002   PAD
    0x080075f0   0x080075f0   0x00000030   Code   RO         1580    i.usmart_reset_runtime  usmart.o
    0x08007620   0x08007620   0x000000bc   Code   RO         1581    i.usmart_scan       usmart.o
    0x080076dc   0x080076dc   0x00000016   Code   RO         1692    i.usmart_search_nextc  usmart_str.o
    0x080076f2   0x080076f2   0x00000106   Code   RO         1693    i.usmart_str2num    usmart_str.o
    0x080077f8   0x080077f8   0x00000022   Code   RO         1694    i.usmart_strcmp     usmart_str.o
    0x0800781a   0x0800781a   0x00000016   Code   RO         1695    i.usmart_strcopy    usmart_str.o
    0x08007830   0x08007830   0x00000018   Code   RO         1696    i.usmart_strlen     usmart_str.o
    0x08007848   0x08007848   0x000006f4   Code   RO         1582    i.usmart_sys_cmd_exe  usmart.o
    0x08007f3c   0x08007f3c   0x00000004   Code   RO         1583    i.write_addr        usmart.o
    0x08007f40   0x08007f40   0x0000002c   Code   RO         2144    locale$$code        c_w.l(lc_numeric_c.o)
    0x08007f6c   0x08007f6c   0x0000002c   Code   RO         2218    locale$$code        c_w.l(lc_ctype_c.o)
    0x08007f98   0x08007f98   0x0000000a   Code   RO         2222    x$fpl$fpinit        g_wv.l(fpinit.o)
    0x08007fa2   0x08007fa2   0x00000002   PAD
    0x08007fa4   0x08007fa4   0x00000020   Code   RO         2146    x$fpl$ieeestatus    g_wv.l(istatus.o)
    0x08007fc4   0x08007fc4   0x00000004   Code   RO         2001    x$fpl$printf1       g_wv.l(printf1.o)
    0x08007fc8   0x08007fc8   0x00000004   Code   RO         2073    x$fpl$printf2       g_wv.l(printf2.o)
    0x08007fcc   0x08007fcc   0x00000000   Code   RO         2148    x$fpl$usenofp       g_wv.l(usenofp.o)
    0x08007fcc   0x08007fcc   0x00000011   Data   RO         1992    .constdata          c_w.l(__printf_flags_ss_wp.o)
    0x08007fdd   0x08007fdd   0x00000003   PAD
    0x08007fe0   0x08007fe0   0x00000008   Data   RO         2021    .constdata          c_w.l(_printf_wctomb.o)
    0x08007fe8   0x08007fe8   0x00000028   Data   RO         2050    .constdata          c_w.l(_printf_hex_int_ll_ptr.o)
    0x08008010   0x08008010   0x00000026   Data   RO         2102    .constdata          c_w.l(_printf_fp_hex.o)
    0x08008036   0x08008036   0x00000002   PAD
    0x08008038   0x08008038   0x00000094   Data   RO         2113    .constdata          c_w.l(bigflt0.o)
    0x080080cc   0x080080cc   0x00000043   Data   RO          791    .conststring        ads1219.o
    0x0800810f   0x0800810f   0x00000001   PAD
    0x08008110   0x08008110   0x00000028   Data   RO         1584    .conststring        usmart.o
    0x08008138   0x08008138   0x0000049a   Data   RO         1661    .conststring        usmart_config.o
    0x080085d2   0x080085d2   0x00000002   PAD
    0x080085d4   0x080085d4   0x00000040   Data   RO         2291    Region$$Table       anon$$obj.o
    0x08008614   0x08008614   0x0000001c   Data   RO         2143    locale$$data        c_w.l(lc_numeric_c.o)
    0x08008630   0x08008630   0x00000110   Data   RO         2217    locale$$data        c_w.l(lc_ctype_c.o)


    Execution Region DTCM (Exec base: 0x20000000, Load base: 0x08008740, Size: 0x0000c398, Max: 0x00020000, ABSOLUTE, COMPRESSED[0x000000f0])

    Exec Addr    Load Addr    Size         Type   Attr      Idx    E Section Name        Object

    0x20000000   COMPRESSED   0x00000002   Data   RW          394    .data               w25qxx.o
    0x20000002   COMPRESSED   0x00000002   Data   RW          792    .data               ads1219.o
    0x20000004   COMPRESSED   0x00000005   Data   RW          992    .data               24aa025e48t.o
    0x20000009   COMPRESSED   0x00000003   PAD
    0x2000000c   COMPRESSED   0x00000009   Data   RW         1120    .data               puse_capture.o
    0x20000015   COMPRESSED   0x00000003   PAD
    0x20000018   COMPRESSED   0x00000004   Data   RW         1163    .data               mcu_adc.o
    0x2000001c   COMPRESSED   0x00000002   Data   RW         1327    .data               delay.o
    0x2000001e   COMPRESSED   0x00000002   PAD
    0x20000020   COMPRESSED   0x0000000a   Data   RW         1512    .data               usart.o
    0x2000002a   COMPRESSED   0x00000002   PAD
    0x2000002c   COMPRESSED   0x0000001c   Data   RW         1585    .data               usmart.o
    0x20000048   COMPRESSED   0x00000228   Data   RW         1662    .data               usmart_config.o
    0x20000270        -       0x000000c8   Zero   RW         1511    .bss                usart.o
    0x20000338        -       0x00000060   Zero   RW         2152    .bss                c_w.l(libspace.o)
    0x20000398        -       0x00004000   Zero   RW            2    HEAP                startup_stm32h743xx.o
    0x20004398        -       0x00008000   Zero   RW            1    STACK               startup_stm32h743xx.o


    Execution Region AXI_SRAM (Exec base: 0x24000000, Load base: 0x08008830, Size: 0x00069000, Max: 0x00080000, ABSOLUTE, UNINIT, COMPRESSED[0x00000d30])

    Exec Addr    Load Addr    Size         Type   Attr      Idx    E Section Name        Object

    0x24000000   COMPRESSED   0x00069000   Data   RW         1164    in_axi_sram         mcu_adc.o


    Execution Region RW_IRAM1_TO_3 (Exec base: 0x30000000, Load base: 0x08009560, Size: 0x0001e000, Max: 0x00048000, ABSOLUTE, UNINIT, COMPRESSED[0x000003c4])

    Exec Addr    Load Addr    Size         Type   Attr      Idx    E Section Name        Object

    0x30000000   COMPRESSED   0x0001e000   Data   RW         1165    in_sram1_to_3       mcu_adc.o


    Execution Region RW_IRAM4 (Exec base: 0x38000000, Load base: 0x08009924, Size: 0x00000000, Max: 0x00001000, ABSOLUTE, UNINIT)

    **** No section assigned to this execution region ****


==============================================================================

Image component sizes


      Code (inc. data)   RO Data    RW Data    ZI Data      Debug   Object Name

       390         98          0          5          0       3170   24aa025e48t.o
       400        118          0          0          0       1343   aaf_io.o
       256         22          0          0          0       1763   ad9833.o
        92         10          0          0          0        510   ad9851.o
      1464        852         67          2          0       1971   ads1219.o
      2360        558          0          0          0       2558   ch446q.o
       328         42          0          0          0       1198   dac_out.o
       238         16          0          2          0       2447   delay.o
       324        114          0          0          0       1137   dg4052eeq.o
       172         52          0          0          0       1125   discharge.o
       872         96          0          0          0       2041   func_api.o
        72          8          0          0          0        483   led.o
       216         12          0          0          0    1011423   main.o
      1080        408          0          0          0       2702   mcp4725a.o
      2080        700          0     552964          0      40015   mcu_adc.o
       506         66          0          0          0       3547   mpu.o
       824        180          0          0          0       1427   pga849.o
       468        146          0          0          0       1773   power_io.o
       564         60          0          9          0       2218   puse_capture.o
       176         14          0          0          0        548   qspi.o
      2576         84          0          0          0      21017   s_iic.o
      1244         70          0          0          0       4603   spi.o
        96         30        664          0      49152        880   startup_stm32h743xx.o
      1492         70          0          0          0      43003   sys.o
        80         12          0          0          0        506   tlv3502aid.o
       420         42          0         10        200       5333   usart.o
      3162       1350         40         28          0       7838   usmart.o
         0          0       1178        552          0       1728   usmart_config.o
      1400         20          0          0          0       9025   usmart_str.o
       256         18          0          2          0       2382   w25qxx.o

    ----------------------------------------------------------------------
     23626       5268       2016     553584      49352    1179714   Object Totals
         0          0         64          0          0          0   (incl. Generated)
        18          0          3         10          0          0   (incl. Padding)

    ----------------------------------------------------------------------

      Code (inc. data)   RO Data    RW Data    ZI Data      Debug   Library Member Name

       150          0          0          0          0       1227   arm_fill_f32.o
       142          0          0          0          0       1203   arm_fill_q15.o
       206          0          0          0          0       1754   arm_max_f32.o
       206          0          0          0          0       1754   arm_min_f32.o
       432          6          0          0          0       1311   arm_q15_to_float.o
       240          4          0          0          0      14614   arm_rms_f32.o
       174          0          0          0          0      17528   arm_scale_f32.o
        24          4          0          0          0         84   __2printf.o
        90          0          0          0          0          0   __dczerorl2.o
         8          0          0          0          0         68   __main.o
       392          4         17          0          0         92   __printf_flags_ss_wp.o
        14          0          0          0          0         68   __printf_wp.o
         0          0          0          0          0          0   __rtentry.o
        12          0          0          0          0          0   __rtentry2.o
         6          0          0          0          0          0   __rtentry4.o
        52          8          0          0          0          0   __scatter.o
        28          0          0          0          0          0   __scatter_zi.o
         6          0          0          0          0          0   _printf_a.o
         6          0          0          0          0          0   _printf_c.o
        44          0          0          0          0        108   _printf_char.o
        48          6          0          0          0         96   _printf_char_common.o
        36          4          0          0          0         80   _printf_char_file.o
        40          0          0          0          0         68   _printf_charcount.o
         6          0          0          0          0          0   _printf_d.o
       120         16          0          0          0         92   _printf_dec.o
         6          0          0          0          0          0   _printf_e.o
         6          0          0          0          0          0   _printf_f.o
      1054          0          0          0          0        216   _printf_fp_dec.o
       764          8         38          0          0        100   _printf_fp_hex.o
       128         16          0          0          0         84   _printf_fp_infnan.o
         6          0          0          0          0          0   _printf_g.o
       148          4         40          0          0        160   _printf_hex_int_ll_ptr.o
         6          0          0          0          0          0   _printf_i.o
       178          0          0          0          0         88   _printf_intcommon.o
        10          0          0          0          0          0   _printf_l.o
         6          0          0          0          0          0   _printf_lc.o
        10          0          0          0          0          0   _printf_ll.o
         6          0          0          0          0          0   _printf_lld.o
         6          0          0          0          0          0   _printf_lli.o
         6          0          0          0          0          0   _printf_llo.o
         6          0          0          0          0          0   _printf_llu.o
         6          0          0          0          0          0   _printf_llx.o
       124         16          0          0          0         92   _printf_longlong_dec.o
         6          0          0          0          0          0   _printf_ls.o
         6          0          0          0          0          0   _printf_n.o
         6          0          0          0          0          0   _printf_o.o
       112         10          0          0          0        124   _printf_oct_int_ll.o
         6          0          0          0          0          0   _printf_p.o
        78          0          0          0          0        108   _printf_pad.o
         0          0          0          0          0          0   _printf_percent.o
         4          0          0          0          0          0   _printf_percent_end.o
         6          0          0          0          0          0   _printf_s.o
        82          0          0          0          0         80   _printf_str.o
        36          0          0          0          0         84   _printf_truncate.o
         6          0          0          0          0          0   _printf_u.o
        44          0          0          0          0        108   _printf_wchar.o
       188          6          8          0          0         92   _printf_wctomb.o
         6          0          0          0          0          0   _printf_x.o
        64          0          0          0          0         92   _wcrtomb.o
       228          4        148          0          0         96   bigflt0.o
      1936        128          0          0          0        672   btod.o
        18          0          0          0          0         80   exit.o
         8          0          0          0          0         68   ferror.o
         6          0          0          0          0        152   heapauxi.o
        44         10        272          0          0         76   lc_ctype_c.o
        44         10         28          0          0         76   lc_numeric_c.o
         2          0          0          0          0          0   libinit.o
        34          0          0          0          0          0   libinit2.o
         2          0          0          0          0          0   libshutdown.o
         2          0          0          0          0          0   libshutdown2.o
         8          4          0          0         96         68   libspace.o
       138          0          0          0          0         80   lludiv10.o
        16          4          0          0          0         76   rt_ctype_table.o
         8          4          0          0          0         68   rt_locale_intlibspace.o
         2          0          0          0          0          0   rtexit.o
        10          0          0          0          0          0   rtexit2.o
       104          0          0          0          0         68   strcmpv7m_pel.o
        74          0          0          0          0         80   sys_stackheap_outer.o
         2          0          0          0          0         68   use_no_semi.o
         2          0          0          0          0         68   use_no_semi_2.o
        12          4          0          0          0         68   vprintf.o
        10          0          0          0          0        116   fpinit.o
        32          4          0          0          0        116   istatus.o
         4          0          0          0          0        116   printf1.o
         4          0          0          0          0        116   printf2.o
         0          0          0          0          0          0   usenofp.o
        48          0          0          0          0        124   fpclassify.o

    ----------------------------------------------------------------------
      8426        284        556          0         96      44027   Library Totals
        20          0          5          0          0          0   (incl. Padding)

    ----------------------------------------------------------------------

      Code (inc. data)   RO Data    RW Data    ZI Data      Debug   Library Name

      1550         10          0          0          0      39391   arm_cortexM7lfdp_math.lib
      6758        270        551          0         96       4048   c_w.l
        50          4          0          0          0        464   g_wv.l
        48          0          0          0          0        124   m_wv.l

    ----------------------------------------------------------------------
      8426        284        556          0         96      44027   Library Totals

    ----------------------------------------------------------------------

==============================================================================


      Code (inc. data)   RO Data    RW Data    ZI Data      Debug   

     32052       5552       2572     553584      49448    1208357   Grand Totals
     32052       5552       2572       4580      49448    1208357   ELF Image Totals (compressed)
     32052       5552       2572       4580          0          0   ROM Totals

==============================================================================

    Total RO  Size (Code + RO Data)                34624 (  33.81kB)
    Total RW  Size (RW Data + ZI Data)            603032 ( 588.90kB)
    Total ROM Size (Code + RO Data + RW Data)      39204 (  38.29kB)

==============================================================================

