<html>
<body>
<pre>
<h1>µVision Build Log</h1>
<h2>Tool Versions:</h2>
IDE-Version: ¦ÌVision V5.43.1.0
Copyright (C) 2025 ARM Ltd and ARM Germany GmbH. All rights reserved.
License Information: Taven Taven, Taven, LIC=585FJ-U0R7G-NNEAF-66TNE-IWFZN-HU2AS
 
Tool Versions:
Toolchain:       MDK-ARM Plus  Version: 5.43.0.0
Toolchain Path:  C:\Keil_v5\ARM\ARMCC\Bin
C Compiler:      Armcc.exe V5.06 update 6 (build 750)
Assembler:       Armasm.exe V5.06 update 6 (build 750)
Linker/Locator:  ArmLink.exe V5.06 update 6 (build 750)
Library Manager: ArmAr.exe V5.06 update 6 (build 750)
Hex Converter:   FromElf.exe V5.06 update 6 (build 750)
CPU DLL:         SARMCM3.DLL V5.43.0.0
Dialog DLL:      DCM.DLL V1.17.5.0
Target DLL:      STLink\ST-LINKIII-KEIL_SWO.dll V3.3.1.0
Dialog DLL:      TCM.DLL V1.56.6.0
 
<h2>Project:</h2>
C:\Users\Taven\Desktop\Ember mBox-Iport\STM32H743\USER\STM32H743XIH6.uvprojx
Project File Date:  05/11/2026

<h2>Output:</h2>
*** Using Compiler 'V5.06 update 6 (build 750)', folder: 'C:\Keil_v5\ARM\ARMCC\Bin'
Rebuild target 'STM32H743XIH6'
assembling startup_stm32h743xx.s...
compiling led.c...
compiling S_IIC.c...
compiling DG4052EEQ.c...
compiling 24AA025E48T.c...
compiling CH446Q.c...
compiling DAC_OUT.c...
compiling POWER_IO.c...
compiling ADS1219.c...
compiling mpu.c...
compiling PGA849.c...
compiling APS6404L.c...
compiling MCP4725A.c...
compiling main.c...
compiling qspi.c...
compiling w25qxx.c...
compiling spi.c...
compiling usart.c...
compiling AD9851.c...
compiling TLV3502AID.c...
compiling FUNC_API.c...
compiling DisCharge.c...
compiling AAF_IO.c...
compiling PUSE_CAPTURE.c...
compiling usmart_str.c...
compiling sys.c...
compiling usmart.c...
compiling delay.c...
compiling AD9833.c...
compiling usmart_config.c...
compiling MCU_ADC.c...
linking...
Program Size: Code=32212 RO-data=2548 RW-data=553584 ZI-data=49448  
FromELF: creating hex file...
"..\OBJ\STM32H743XIH6.axf" - 0 Error(s), 0 Warning(s).

<h2>Software Packages used:</h2>

Package Vendor: Keil
                http://www.keil.com/pack/Keil.STM32H7xx_DFP.3.0.0.pack
                Keil::STM32H7xx_DFP@3.0.0
                STMicroelectronics STM32H7 Series Device Support and Examples

<h2>Collection of Component include folders:</h2>
  C:/Keil_v5/ARM/PACK/Keil/STM32H7xx_DFP/3.0.0/Drivers/CMSIS/Device/ST/STM32H7xx/Include

<h2>Collection of Component Files used:</h2>
Build Time Elapsed:  00:00:20
</pre>
</body>
</html>
