Component: ARM Compiler 5.06 update 7 (build 960) Tool: armlink [4d3601]

==============================================================================

Section Cross References

    startup_stm32h743xx.o(STACK) refers (Special) to heapauxi.o(.text) for __use_two_region_memory
    startup_stm32h743xx.o(HEAP) refers (Special) to heapauxi.o(.text) for __use_two_region_memory
    startup_stm32h743xx.o(RESET) refers (Special) to heapauxi.o(.text) for __use_two_region_memory
    startup_stm32h743xx.o(RESET) refers to startup_stm32h743xx.o(STACK) for __initial_sp
    startup_stm32h743xx.o(RESET) refers to startup_stm32h743xx.o(.text) for Reset_Handler
    startup_stm32h743xx.o(RESET) refers to mpu.o(i.MemManage_Handler) for MemManage_Handler
    startup_stm32h743xx.o(RESET) refers to usmart.o(i.TIM4_IRQHandler) for TIM4_IRQHandler
    startup_stm32h743xx.o(RESET) refers to usart.o(i.USART1_IRQHandler) for USART1_IRQHandler
    startup_stm32h743xx.o(RESET) refers to puse_capture.o(i.TIM5_IRQHandler) for TIM5_IRQHandler
    startup_stm32h743xx.o(.text) refers (Special) to heapauxi.o(.text) for __use_two_region_memory
    startup_stm32h743xx.o(.text) refers to __main.o(!!!main) for __main
    startup_stm32h743xx.o(.text) refers to startup_stm32h743xx.o(HEAP) for Heap_Mem
    startup_stm32h743xx.o(.text) refers to startup_stm32h743xx.o(STACK) for Stack_Mem
    main.o(i.main) refers to sys.o(i.Stm32_Clock_Init) for Stm32_Clock_Init
    main.o(i.main) refers to mpu.o(i.MPU_Memory_Protection) for MPU_Memory_Protection
    main.o(i.main) refers to delay.o(i.delay_init) for delay_init
    main.o(i.main) refers to usart.o(i.uart_init) for uart_init
    main.o(i.main) refers to mcu_adc.o(i.ADC1_2_Init) for ADC1_2_Init
    main.o(i.main) refers to s_iic.o(i.IIC1_Init) for IIC1_Init
    main.o(i.main) refers to s_iic.o(i.IIC4_Init) for IIC4_Init
    main.o(i.main) refers to spi.o(i.SPI2_Init) for SPI2_Init
    main.o(i.main) refers to spi.o(i.SPI4_Init) for SPI4_Init
    main.o(i.main) refers to qspi.o(i.QSPI_Init) for QSPI_Init
    main.o(i.main) refers to power_io.o(i.POWER_IO_Init) for POWER_IO_Init
    main.o(i.main) refers to tlv3502aid.o(i.TLV3502AID_init) for TLV3502AID_init
    main.o(i.main) refers to dg4052eeq.o(i.DG4052EEQ_Init) for DG4052EEQ_Init
    main.o(i.main) refers to ad9851.o(i.AD9851_init) for AD9851_init
    main.o(i.main) refers to ad9833.o(i.AD9833_Init) for AD9833_Init
    main.o(i.main) refers to led.o(i.LED_Init) for LED_Init
    main.o(i.main) refers to 24aa025e48t.o(i.EEPROM_Init) for EEPROM_Init
    main.o(i.main) refers to dac_out.o(i.DAC_Init) for DAC_Init
    main.o(i.main) refers to w25qxx.o(i.W25QXX_Init) for W25QXX_Init
    main.o(i.main) refers to ch446q.o(i.CH446Q_init) for CH446Q_init
    main.o(i.main) refers to aaf_io.o(i.AAF_IO_Init) for AAF_IO_Init
    main.o(i.main) refers to pga849.o(i.PGA849_init) for PGA849_init
    main.o(i.main) refers to ads1219.o(i.ADS1219_init) for ADS1219_init
    main.o(i.main) refers to aps6404l.o(i.APS6404L_Init) for APS6404L_Init
    main.o(i.main) refers to mcp4725a.o(i.MCP4725A_init) for MCP4725A_init
    main.o(i.main) refers to discharge.o(i.DisCharge_Init) for DisCharge_Init
    main.o(i.main) refers to sys.o(i.GPIO_Pin_Set) for GPIO_Pin_Set
    main.o(i.main) refers to delay.o(i.delay_ms) for delay_ms
    main.o(i.main) refers to usmart_config.o(.data) for usmart_dev
    main.o(i.main) refers to mcu_adc.o(.data) for ADC_BUFFER_SIZE
    main.o(i.main) refers to main.o(.data) for debug
    led.o(i.LED_Init) refers to sys.o(i.GPIO_Set) for GPIO_Set
    led.o(i.LED_Init) refers to sys.o(i.GPIO_Pin_Set) for GPIO_Pin_Set
    qspi.o(i.QSPI_Init) refers to sys.o(i.GPIO_Set) for GPIO_Set
    qspi.o(i.QSPI_Init) refers to sys.o(i.GPIO_AF_Set) for GPIO_AF_Set
    qspi.o(i.QSPI_Receive) refers to qspi.o(i.QSPI_Wait_Flag) for QSPI_Wait_Flag
    qspi.o(i.QSPI_Send_CMD) refers to qspi.o(i.QSPI_Wait_Flag) for QSPI_Wait_Flag
    qspi.o(i.QSPI_Transmit) refers to qspi.o(i.QSPI_Wait_Flag) for QSPI_Wait_Flag
    spi.o(i.SPI1_Init) refers to sys.o(i.GPIO_Set) for GPIO_Set
    spi.o(i.SPI1_Init) refers to sys.o(i.GPIO_AF_Set) for GPIO_AF_Set
    spi.o(i.SPI1_Init) refers to spi.o(i.SPI1_ReadWriteByte) for SPI1_ReadWriteByte
    spi.o(i.SPI2_Init) refers to sys.o(i.GPIO_Set) for GPIO_Set
    spi.o(i.SPI2_Init) refers to sys.o(i.GPIO_AF_Set) for GPIO_AF_Set
    spi.o(i.SPI2_Init) refers to spi.o(i.SPI2_ReadWriteByte) for SPI2_ReadWriteByte
    spi.o(i.SPI4_Init) refers to sys.o(i.GPIO_Set) for GPIO_Set
    spi.o(i.SPI4_Init) refers to sys.o(i.GPIO_Pin_Set) for GPIO_Pin_Set
    spi.o(i.SPI4_Init) refers to sys.o(i.GPIO_AF_Set) for GPIO_AF_Set
    spi.o(i.SPI4_Init) refers to spi.o(i.SPI4_SetSpeed) for SPI4_SetSpeed
    spi.o(i.SPI4_Init) refers to spi.o(i.SPI4_ReadWriteByte) for SPI4_ReadWriteByte
    mpu.o(i.MPU_Memory_Protection) refers to mpu.o(i.MPU_Set_Protection) for MPU_Set_Protection
[...]
    i.delay_ms                               0x080064a8   Section        0  delay.o(i.delay_ms)
    i.delay_us                               0x080064dc   Section        0  delay.o(i.delay_us)
    i.delay_xms                              0x08006528   Section        0  delay.o(i.delay_xms)
    i.fputc                                  0x0800657c   Section        0  usart.o(i.fputc)
    i.main                                   0x08006598   Section        0  main.o(i.main)
    i.read_addr                              0x080066a8   Section        0  usmart.o(i.read_addr)
    i.uart_init                              0x080066b0   Section        0  usart.o(i.uart_init)
    i.usmart_cmd_rec                         0x08006780   Section        0  usmart.o(i.usmart_cmd_rec)
    i.usmart_exe                             0x08006830   Section        0  usmart.o(i.usmart_exe)
    i.usmart_get_aparm                       0x08006afc   Section        0  usmart_str.o(i.usmart_get_aparm)
    i.usmart_get_cmdname                     0x08006bd0   Section        0  usmart_str.o(i.usmart_get_cmdname)
    i.usmart_get_fname                       0x08006c08   Section        0  usmart_str.o(i.usmart_get_fname)
    i.usmart_get_fparam                      0x08006dc8   Section        0  usmart_str.o(i.usmart_get_fparam)
    i.usmart_get_parmpos                     0x08006ed4   Section        0  usmart_str.o(i.usmart_get_parmpos)
    i.usmart_get_runtime                     0x08006ef4   Section        0  usmart.o(i.usmart_get_runtime)
    i.usmart_init                            0x08006f34   Section        0  usmart.o(i.usmart_init)
    i.usmart_pow                             0x08006f5c   Section        0  usmart_str.o(i.usmart_pow)
    i.usmart_reset_runtime                   0x08006f74   Section        0  usmart.o(i.usmart_reset_runtime)
    i.usmart_scan                            0x08006fa4   Section        0  usmart.o(i.usmart_scan)
    i.usmart_search_nextc                    0x08007060   Section        0  usmart_str.o(i.usmart_search_nextc)
    i.usmart_str2num                         0x08007076   Section        0  usmart_str.o(i.usmart_str2num)
    i.usmart_strcmp                          0x0800717c   Section        0  usmart_str.o(i.usmart_strcmp)
    i.usmart_strcopy                         0x0800719e   Section        0  usmart_str.o(i.usmart_strcopy)
    i.usmart_strlen                          0x080071b4   Section        0  usmart_str.o(i.usmart_strlen)
    i.usmart_sys_cmd_exe                     0x080071cc   Section        0  usmart.o(i.usmart_sys_cmd_exe)
    i.write_addr                             0x080078c0   Section        0  usmart.o(i.write_addr)
    locale$$code                             0x080078c4   Section       44  lc_numeric_c.o(locale$$code)
    x$fpl$fpinit                             0x080078f0   Section       10  fpinit.o(x$fpl$fpinit)
    $v0                                      0x080078f0   Number         0  fpinit.o(x$fpl$fpinit)
    x$fpl$ieeestatus                         0x080078fc   Section       32  istatus.o(x$fpl$ieeestatus)
    $v0                                      0x080078fc   Number         0  istatus.o(x$fpl$ieeestatus)
    x$fpl$printf1                            0x0800791c   Section        4  printf1.o(x$fpl$printf1)
    $v0                                      0x0800791c   Number         0  printf1.o(x$fpl$printf1)
    .constdata                               0x08007920   Section       40  _printf_hex_int.o(.constdata)
    x$fpl$usenofp                            0x08007920   Section        0  usenofp.o(x$fpl$usenofp)
    uc_hextab                                0x08007920   Data          20  _printf_hex_int.o(.constdata)
    lc_hextab                                0x08007934   Data          20  _printf_hex_int.o(.constdata)
    .constdata                               0x08007948   Section       17  __printf_flags_ss_wp.o(.constdata)
    maptable                                 0x08007948   Data          17  __printf_flags_ss_wp.o(.constdata)
    .constdata                               0x0800795c   Section      148  bigflt0.o(.constdata)
    tenpwrs_x                                0x0800795c   Data          60  bigflt0.o(.constdata)
    tenpwrs_i                                0x08007998   Data          64  bigflt0.o(.constdata)
    .conststring                             0x080079f0   Section       67  ads1219.o(.conststring)
    .conststring                             0x08007a34   Section       40  usmart.o(.conststring)
    .conststring                             0x08007a5c   Section     1022  usmart_config.o(.conststring)
    locale$$data                             0x08007e9c   Section       28  lc_numeric_c.o(locale$$data)
    __lcnum_c_name                           0x08007ea0   Data           2  lc_numeric_c.o(locale$$data)
    __lcnum_c_start                          0x08007ea8   Data           0  lc_numeric_c.o(locale$$data)
    __lcnum_c_point                          0x08007eb4   Data           0  lc_numeric_c.o(locale$$data)
    __lcnum_c_thousands                      0x08007eb6   Data           0  lc_numeric_c.o(locale$$data)
    __lcnum_c_grouping                       0x08007eb7   Data           0  lc_numeric_c.o(locale$$data)
    __lcnum_c_end                            0x08007eb8   Data           0  lc_numeric_c.o(locale$$data)
    .data                                    0x20000000   Section        1  main.o(.data)
    .data                                    0x20000002   Section        2  w25qxx.o(.data)
    .data                                    0x20000004   Section        2  ads1219.o(.data)
    .data                                    0x20000006   Section       10  aps6404l.o(.data)
    .data                                    0x20000010   Section        5  24aa025e48t.o(.data)
    .data                                    0x20000018   Section        9  puse_capture.o(.data)
    .data                                    0x20000024   Section        4  mcu_adc.o(.data)
    .data                                    0x20000028   Section        2  delay.o(.data)
    fac_us                                   0x20000028   Data           2  delay.o(.data)
    .data                                    0x2000002c   Section        6  usart.o(.data)
    .data                                    0x20000034   Section       28  usmart.o(.data)
    .data                                    0x20000050   Section      536  usmart_config.o(.data)
    .bss                                     0x20000268   Section      200  usart.o(.bss)
    .bss                                     0x20000330   Section       96  libspace.o(.bss)
    HEAP                                     0x20000390   Section    16384  startup_stm32h743xx.o(HEAP)
    Heap_Mem                                 0x20000390   Data       16384  startup_stm32h743xx.o(HEAP)
    STACK                                    0x20004390   Section    32768  startup_stm32h743xx.o(STACK)
    Stack_Mem                                0x20004390   Data       32768  startup_stm32h743xx.o(STACK)
    __initial_sp                             0x2000c390   Data           0  startup_stm32h743xx.o(STACK)
    in_axi_sram                              0x24000000   Section    430080  mcu_adc.o(in_axi_sram)
    in_sram1_to_3                            0x30000000   Section    122880  mcu_adc.o(in_sram1_to_3)

    Global Symbols

    Symbol Name                              Value     Ov Type        Size  Object(Section)

    BuildAttributes$$THM_ISAv4$E$P$D$K$B$S$7EM$VFPv5_D16$PE$PLD8$A:L22UL41UL21$X:L11$S22US41US21$IEEE1$IW$USESV6$~STKCKD$USESV7$~SHL$OTIME$ROPI$IEEEX$EBA8$UX$STANDARDLIB$REQ8$PRES8$EABIv2 0x00000000   Number         0  anon$$obj.o ABSOLUTE
    __ARM_use_no_argv                        0x00000000   Number         0  main.o ABSOLUTE
    _printf_flags                            0x00000000   Number         0  printf_stubs.o ABSOLUTE
    _printf_return_value                     0x00000000   Number         0  printf_stubs.o ABSOLUTE
    _printf_sizespec                         0x00000000   Number         0  printf_stubs.o ABSOLUTE
    _printf_widthprec                        0x00000000   Number         0  printf_stubs.o ABSOLUTE
    __ARM_exceptions_init                     - Undefined Weak Reference
    __alloca_initialize                       - Undefined Weak Reference
    __arm_fini_                               - Undefined Weak Reference
    __arm_preinit_                            - Undefined Weak Reference
    __cpp_initialize__aeabi_                  - Undefined Weak Reference
    __cxa_finalize                            - Undefined Weak Reference
    __sigvec_lookup                           - Undefined Weak Reference
    _atexit_init                              - Undefined Weak Reference
    _call_atexit_fns                          - Undefined Weak Reference
    _clock_init                               - Undefined Weak Reference
    _fp_trap_init                             - Undefined Weak Reference
    _fp_trap_shutdown                         - Undefined Weak Reference
    _get_lc_collate                           - Undefined Weak Reference
    _get_lc_ctype                             - Undefined Weak Reference
    _get_lc_monetary                          - Undefined Weak Reference
    _get_lc_time                              - Undefined Weak Reference
    _getenv_init                              - Undefined Weak Reference
    _handle_redirection                       - Undefined Weak Reference
    _init_alloc                               - Undefined Weak Reference
    _init_user_alloc                          - Undefined Weak Reference
    _initio                                   - Undefined Weak Reference
    _mutex_acquire                            - Undefined Weak Reference
    _mutex_release                            - Undefined Weak Reference
    _printf_mbtowc                            - Undefined Weak Reference
    _printf_truncate_signed                   - Undefined Weak Reference
    _printf_truncate_unsigned                 - Undefined Weak Reference
    _rand_init                                - Undefined Weak Reference
    _signal_finish                            - Undefined Weak Reference
    _signal_init                              - Undefined Weak Reference
    _terminate_alloc                          - Undefined Weak Reference
    _terminate_user_alloc                     - Undefined Weak Reference
    _terminateio                              - Undefined Weak Reference
    __Vectors_Size                           0x00000298   Number         0  startup_stm32h743xx.o ABSOLUTE
    __Vectors                                0x08000000   Data           4  startup_stm32h743xx.o(RESET)
    __Vectors_End                            0x08000298   Data           0  startup_stm32h743xx.o(RESET)
    __main                                   0x08000299   Thumb Code     8  __main.o(!!!main)
    __scatterload                            0x080002a1   Thumb Code     0  __scatter.o(!!!scatter)
    __scatterload_rt2                        0x080002a1   Thumb Code    44  __scatter.o(!!!scatter)
    __scatterload_rt2_thumb_only             0x080002a1   Thumb Code     0  __scatter.o(!!!scatter)
    __scatterload_null                       0x080002af   Thumb Code     0  __scatter.o(!!!scatter)
    __decompress                             0x080002d5   Thumb Code    90  __dczerorl2.o(!!dczerorl2)
    __decompress1                            0x080002d5   Thumb Code     0  __dczerorl2.o(!!dczerorl2)
    __scatterload_zeroinit                   0x08000331   Thumb Code    28  __scatter_zi.o(!!handler_zi)
    _printf_f                                0x0800034d   Thumb Code     0  _printf_f.o(.ARM.Collect$$_printf_percent$$00000003)
    _printf_percent                          0x0800034d   Thumb Code     0  _printf_percent.o(.ARM.Collect$$_printf_percent$$00000000)
    _printf_d                                0x08000353   Thumb Code     0  _printf_d.o(.ARM.Collect$$_printf_percent$$00000009)
    _printf_u                                0x08000359   Thumb Code     0  _printf_u.o(.ARM.Collect$$_printf_percent$$0000000A)
    _printf_x                                0x0800035f   Thumb Code     0  _printf_x.o(.ARM.Collect$$_printf_percent$$0000000C)
    _printf_c                                0x08000365   Thumb Code     0  _printf_c.o(.ARM.Collect$$_printf_percent$$00000013)
    _printf_s                                0x0800036b   Thumb Code     0  _printf_s.o(.ARM.Collect$$_printf_percent$$00000014)
    _printf_percent_end                      0x08000371   Thumb Code     0  _printf_percent_end.o(.ARM.Collect$$_printf_percent$$00000017)
    __rt_lib_init                            0x08000375   Thumb Code     0  libinit.o(.ARM.Collect$$libinit$$00000000)
    __rt_lib_init_fp_1                       0x08000377   Thumb Code     0  libinit2.o(.ARM.Collect$$libinit$$00000001)
    __rt_lib_init_heap_1                     0x0800037b   Thumb Code     0  libinit2.o(.ARM.Collect$$libinit$$0000000A)
    __rt_lib_init_lc_common                  0x0800037b   Thumb Code     0  libinit2.o(.ARM.Collect$$libinit$$0000000F)
    __rt_lib_init_preinit_1                  0x0800037b   Thumb Code     0  libinit2.o(.ARM.Collect$$libinit$$00000004)
    __rt_lib_init_rand_1                     0x0800037b   Thumb Code     0  libinit2.o(.ARM.Collect$$libinit$$0000000E)
    __rt_lib_init_user_alloc_1               0x0800037b   Thumb Code     0  libinit2.o(.ARM.Collect$$libinit$$0000000C)
    __rt_lib_init_lc_collate_1               0x08000381   Thumb Code     0  libinit2.o(.ARM.Collect$$libinit$$00000011)
    __rt_lib_init_lc_ctype_1                 0x08000381   Thumb Code     0  libinit2.o(.ARM.Collect$$libinit$$00000013)
    __rt_lib_init_lc_monetary_1              0x08000381   Thumb Code     0  libinit2.o(.ARM.Collect$$libinit$$00000015)
    __rt_lib_init_lc_numeric_2               0x08000381   Thumb Code     0  libinit2.o(.ARM.Collect$$libinit$$00000016)
    __rt_lib_init_alloca_1                   0x0800038b   Thumb Code     0  libinit2.o(.ARM.Collect$$libinit$$0000002E)
    __rt_lib_init_argv_1                     0x0800038b   Thumb Code     0  libinit2.o(.ARM.Collect$$libinit$$0000002C)
    __rt_lib_init_atexit_1                   0x0800038b   Thumb Code     0  libinit2.o(.ARM.Collect$$libinit$$0000001B)
    __rt_lib_init_clock_1                    0x0800038b   Thumb Code     0  libinit2.o(.ARM.Collect$$libinit$$00000021)
    __rt_lib_init_cpp_1                      0x0800038b   Thumb Code     0  libinit2.o(.ARM.Collect$$libinit$$00000032)
    __rt_lib_init_exceptions_1               0x0800038b   Thumb Code     0  libinit2.o(.ARM.Collect$$libinit$$00000030)
    __rt_lib_init_fp_trap_1                  0x0800038b   Thumb Code     0  libinit2.o(.ARM.Collect$$libinit$$0000001F)
    __rt_lib_init_getenv_1                   0x0800038b   Thumb Code     0  libinit2.o(.ARM.Collect$$libinit$$00000023)
    __rt_lib_init_lc_numeric_1               0x0800038b   Thumb Code     0  libinit2.o(.ARM.Collect$$libinit$$00000017)
    __rt_lib_init_lc_time_1                  0x0800038b   Thumb Code     0  libinit2.o(.ARM.Collect$$libinit$$00000019)
    __rt_lib_init_return                     0x0800038b   Thumb Code     0  libinit2.o(.ARM.Collect$$libinit$$00000033)
    __rt_lib_init_signal_1                   0x0800038b   Thumb Code     0  libinit2.o(.ARM.Collect$$libinit$$0000001D)
    __rt_lib_init_stdio_1                    0x0800038b   Thumb Code     0  libinit2.o(.ARM.Collect$$libinit$$00000025)
    __rt_lib_shutdown                        0x0800038d   Thumb Code     0  libshutdown.o(.ARM.Collect$$libshutdown$$00000000)
    __rt_lib_shutdown_cpp_1                  0x0800038f   Thumb Code     0  libshutdown2.o(.ARM.Collect$$libshutdown$$00000004)
    __rt_lib_shutdown_fini_1                 0x0800038f   Thumb Code     0  libshutdown2.o(.ARM.Collect$$libshutdown$$00000002)
    __rt_lib_shutdown_fp_trap_1              0x0800038f   Thumb Code     0  libshutdown2.o(.ARM.Collect$$libshutdown$$00000009)
    __rt_lib_shutdown_heap_1                 0x0800038f   Thumb Code     0  libshutdown2.o(.ARM.Collect$$libshutdown$$00000011)
    __rt_lib_shutdown_return                 0x0800038f   Thumb Code     0  libshutdown2.o(.ARM.Collect$$libshutdown$$00000012)
    __rt_lib_shutdown_signal_1               0x0800038f   Thumb Code     0  libshutdown2.o(.ARM.Collect$$libshutdown$$0000000C)
    __rt_lib_shutdown_stdio_1                0x0800038f   Thumb Code     0  libshutdown2.o(.ARM.Collect$$libshutdown$$00000006)
    __rt_lib_shutdown_user_alloc_1           0x0800038f   Thumb Code     0  libshutdown2.o(.ARM.Collect$$libshutdown$$0000000E)
    __rt_entry                               0x08000391   Thumb Code     0  __rtentry.o(.ARM.Collect$$rtentry$$00000000)
    __rt_entry_presh_1                       0x08000391   Thumb Code     0  __rtentry2.o(.ARM.Collect$$rtentry$$00000002)
    __rt_entry_sh                            0x08000391   Thumb Code     0  __rtentry4.o(.ARM.Collect$$rtentry$$00000004)
    __rt_entry_li                            0x08000397   Thumb Code     0  __rtentry2.o(.ARM.Collect$$rtentry$$0000000A)
    __rt_entry_postsh_1                      0x08000397   Thumb Code     0  __rtentry2.o(.ARM.Collect$$rtentry$$00000009)
    __rt_entry_main                          0x0800039b   Thumb Code     0  __rtentry2.o(.ARM.Collect$$rtentry$$0000000D)
    __rt_entry_postli_1                      0x0800039b   Thumb Code     0  __rtentry2.o(.ARM.Collect$$rtentry$$0000000C)
    __rt_exit                                0x080003a3   Thumb Code     0  rtexit.o(.ARM.Collect$$rtexit$$00000000)
    __rt_exit_ls                             0x080003a5   Thumb Code     0  rtexit2.o(.ARM.Collect$$rtexit$$00000003)
    __rt_exit_prels_1                        0x080003a5   Thumb Code     0  rtexit2.o(.ARM.Collect$$rtexit$$00000002)
    __rt_exit_exit                           0x080003a9   Thumb Code     0  rtexit2.o(.ARM.Collect$$rtexit$$00000004)
    Reset_Handler                            0x080003b1   Thumb Code    36  startup_stm32h743xx.o(.text)
    NMI_Handler                              0x080003d5   Thumb Code     2  startup_stm32h743xx.o(.text)
    HardFault_Handler                        0x080003d7   Thumb Code     2  startup_stm32h743xx.o(.text)
    BusFault_Handler                         0x080003db   Thumb Code     2  startup_stm32h743xx.o(.text)
    UsageFault_Handler                       0x080003dd   Thumb Code     2  startup_stm32h743xx.o(.text)
    SVC_Handler                              0x080003df   Thumb Code     2  startup_stm32h743xx.o(.text)
    DebugMon_Handler                         0x080003e1   Thumb Code     2  startup_stm32h743xx.o(.text)
    PendSV_Handler                           0x080003e3   Thumb Code     2  startup_stm32h743xx.o(.text)
    SysTick_Handler                          0x080003e5   Thumb Code     2  startup_stm32h743xx.o(.text)
    ADC3_IRQHandler                          0x080003e7   Thumb Code     0  startup_stm32h743xx.o(.text)
    ADC_IRQHandler                           0x080003e7   Thumb Code     0  startup_stm32h743xx.o(.text)
    BDMA_Channel0_IRQHandler                 0x080003e7   Thumb Code     0  startup_stm32h743xx.o(.text)
    BDMA_Channel1_IRQHandler                 0x080003e7   Thumb Code     0  startup_stm32h743xx.o(.text)
    BDMA_Channel2_IRQHandler                 0x080003e7   Thumb Code     0  startup_stm32h743xx.o(.text)
    BDMA_Channel3_IRQHandler                 0x080003e7   Thumb Code     0  startup_stm32h743xx.o(.text)
    BDMA_Channel4_IRQHandler                 0x080003e7   Thumb Code     0  startup_stm32h743xx.o(.text)
    BDMA_Channel5_IRQHandler                 0x080003e7   Thumb Code     0  startup_stm32h743xx.o(.text)
    BDMA_Channel6_IRQHandler                 0x080003e7   Thumb Code     0  startup_stm32h743xx.o(.text)
    BDMA_Channel7_IRQHandler                 0x080003e7   Thumb Code     0  startup_stm32h743xx.o(.text)
    CEC_IRQHandler                           0x080003e7   Thumb Code     0  startup_stm32h743xx.o(.text)
    COMP1_IRQHandler                         0x080003e7   Thumb Code     0  startup_stm32h743xx.o(.text)
    CRS_IRQHandler                           0x080003e7   Thumb Code     0  startup_stm32h743xx.o(.text)
    DCMI_IRQHandler                          0x080003e7   Thumb Code     0  startup_stm32h743xx.o(.text)
    DFSDM1_FLT0_IRQHandler                   0x080003e7   Thumb Code     0  startup_stm32h743xx.o(.text)
    DFSDM1_FLT1_IRQHandler                   0x080003e7   Thumb Code     0  startup_stm32h743xx.o(.text)
    DFSDM1_FLT2_IRQHandler                   0x080003e7   Thumb Code     0  startup_stm32h743xx.o(.text)
    DFSDM1_FLT3_IRQHandler                   0x080003e7   Thumb Code     0  startup_stm32h743xx.o(.text)
    DMA1_Stream0_IRQHandler                  0x080003e7   Thumb Code     0  startup_stm32h743xx.o(.text)
    DMA1_Stream1_IRQHandler                  0x080003e7   Thumb Code     0  startup_stm32h743xx.o(.text)
    DMA1_Stream2_IRQHandler                  0x080003e7   Thumb Code     0  startup_stm32h743xx.o(.text)
    DMA1_Stream3_IRQHandler                  0x080003e7   Thumb Code     0  startup_stm32h743xx.o(.text)
    DMA1_Stream4_IRQHandler                  0x080003e7   Thumb Code     0  startup_stm32h743xx.o(.text)
    DMA1_Stream5_IRQHandler                  0x080003e7   Thumb Code     0  startup_stm32h743xx.o(.text)
    DMA1_Stream6_IRQHandler                  0x080003e7   Thumb Code     0  startup_stm32h743xx.o(.text)
    DMA1_Stream7_IRQHandler                  0x080003e7   Thumb Code     0  startup_stm32h743xx.o(.text)
    DMA2D_IRQHandler                         0x080003e7   Thumb Code     0  startup_stm32h743xx.o(.text)
    DMA2_Stream0_IRQHandler                  0x080003e7   Thumb Code     0  startup_stm32h743xx.o(.text)
    DMA2_Stream1_IRQHandler                  0x080003e7   Thumb Code     0  startup_stm32h743xx.o(.text)
    DMA2_Stream2_IRQHandler                  0x080003e7   Thumb Code     0  startup_stm32h743xx.o(.text)
    DMA2_Stream3_IRQHandler                  0x080003e7   Thumb Code     0  startup_stm32h743xx.o(.text)
    DMA2_Stream4_IRQHandler                  0x080003e7   Thumb Code     0  startup_stm32h743xx.o(.text)
    DMA2_Stream5_IRQHandler                  0x080003e7   Thumb Code     0  startup_stm32h743xx.o(.text)
    DMA2_Stream6_IRQHandler                  0x080003e7   Thumb Code     0  startup_stm32h743xx.o(.text)
    DMA2_Stream7_IRQHandler                  0x080003e7   Thumb Code     0  startup_stm32h743xx.o(.text)
    DMAMUX1_OVR_IRQHandler                   0x080003e7   Thumb Code     0  startup_stm32h743xx.o(.text)
    DMAMUX2_OVR_IRQHandler                   0x080003e7   Thumb Code     0  startup_stm32h743xx.o(.text)
    ECC_IRQHandler                           0x080003e7   Thumb Code     0  startup_stm32h743xx.o(.text)
    ETH_IRQHandler                           0x080003e7   Thumb Code     0  startup_stm32h743xx.o(.text)
    ETH_WKUP_IRQHandler                      0x080003e7   Thumb Code     0  startup_stm32h743xx.o(.text)
    EXTI0_IRQHandler                         0x080003e7   Thumb Code     0  startup_stm32h743xx.o(.text)
    EXTI15_10_IRQHandler                     0x080003e7   Thumb Code     0  startup_stm32h743xx.o(.text)
    EXTI1_IRQHandler                         0x080003e7   Thumb Code     0  startup_stm32h743xx.o(.text)
    EXTI2_IRQHandler                         0x080003e7   Thumb Code     0  startup_stm32h743xx.o(.text)
    EXTI3_IRQHandler                         0x080003e7   Thumb Code     0  startup_stm32h743xx.o(.text)
    EXTI4_IRQHandler                         0x080003e7   Thumb Code     0  startup_stm32h743xx.o(.text)
    EXTI9_5_IRQHandler                       0x080003e7   Thumb Code     0  startup_stm32h743xx.o(.text)
    FDCAN1_IT0_IRQHandler                    0x080003e7   Thumb Code     0  startup_stm32h743xx.o(.text)
    FDCAN1_IT1_IRQHandler                    0x080003e7   Thumb Code     0  startup_stm32h743xx.o(.text)
    FDCAN2_IT0_IRQHandler                    0x080003e7   Thumb Code     0  startup_stm32h743xx.o(.text)
    FDCAN2_IT1_IRQHandler                    0x080003e7   Thumb Code     0  startup_stm32h743xx.o(.text)
    FDCAN_CAL_IRQHandler                     0x080003e7   Thumb Code     0  startup_stm32h743xx.o(.text)
    FLASH_IRQHandler                         0x080003e7   Thumb Code     0  startup_stm32h743xx.o(.text)
    FMC_IRQHandler                           0x080003e7   Thumb Code     0  startup_stm32h743xx.o(.text)
    FPU_IRQHandler                           0x080003e7   Thumb Code     0  startup_stm32h743xx.o(.text)
    HRTIM1_FLT_IRQHandler                    0x080003e7   Thumb Code     0  startup_stm32h743xx.o(.text)
    HRTIM1_Master_IRQHandler                 0x080003e7   Thumb Code     0  startup_stm32h743xx.o(.text)
    HRTIM1_TIMA_IRQHandler                   0x080003e7   Thumb Code     0  startup_stm32h743xx.o(.text)
    HRTIM1_TIMB_IRQHandler                   0x080003e7   Thumb Code     0  startup_stm32h743xx.o(.text)
    HRTIM1_TIMC_IRQHandler                   0x080003e7   Thumb Code     0  startup_stm32h743xx.o(.text)
    HRTIM1_TIMD_IRQHandler                   0x080003e7   Thumb Code     0  startup_stm32h743xx.o(.text)
    HRTIM1_TIME_IRQHandler                   0x080003e7   Thumb Code     0  startup_stm32h743xx.o(.text)
    HSEM1_IRQHandler                         0x080003e7   Thumb Code     0  startup_stm32h743xx.o(.text)
    I2C1_ER_IRQHandler                       0x080003e7   Thumb Code     0  startup_stm32h743xx.o(.text)
    I2C1_EV_IRQHandler                       0x080003e7   Thumb Code     0  startup_stm32h743xx.o(.text)
    I2C2_ER_IRQHandler                       0x080003e7   Thumb Code     0  startup_stm32h743xx.o(.text)
    I2C2_EV_IRQHandler                       0x080003e7   Thumb Code     0  startup_stm32h743xx.o(.text)
    I2C3_ER_IRQHandler                       0x080003e7   Thumb Code     0  startup_stm32h743xx.o(.text)
    I2C3_EV_IRQHandler                       0x080003e7   Thumb Code     0  startup_stm32h743xx.o(.text)
    I2C4_ER_IRQHandler                       0x080003e7   Thumb Code     0  startup_stm32h743xx.o(.text)
    I2C4_EV_IRQHandler                       0x080003e7   Thumb Code     0  startup_stm32h743xx.o(.text)
    JPEG_IRQHandler                          0x080003e7   Thumb Code     0  startup_stm32h743xx.o(.text)
    LPTIM1_IRQHandler                        0x080003e7   Thumb Code     0  startup_stm32h743xx.o(.text)
    LPTIM2_IRQHandler                        0x080003e7   Thumb Code     0  startup_stm32h743xx.o(.text)
    LPTIM3_IRQHandler                        0x080003e7   Thumb Code     0  startup_stm32h743xx.o(.text)
    LPTIM4_IRQHandler                        0x080003e7   Thumb Code     0  startup_stm32h743xx.o(.text)
    LPTIM5_IRQHandler                        0x080003e7   Thumb Code     0  startup_stm32h743xx.o(.text)
    LPUART1_IRQHandler                       0x080003e7   Thumb Code     0  startup_stm32h743xx.o(.text)
    LTDC_ER_IRQHandler                       0x080003e7   Thumb Code     0  startup_stm32h743xx.o(.text)
    LTDC_IRQHandler                          0x080003e7   Thumb Code     0  startup_stm32h743xx.o(.text)
    MDIOS_IRQHandler                         0x080003e7   Thumb Code     0  startup_stm32h743xx.o(.text)
    MDIOS_WKUP_IRQHandler                    0x080003e7   Thumb Code     0  startup_stm32h743xx.o(.text)
    MDMA_IRQHandler                          0x080003e7   Thumb Code     0  startup_stm32h743xx.o(.text)
    OTG_FS_EP1_IN_IRQHandler                 0x080003e7   Thumb Code     0  startup_stm32h743xx.o(.text)
    OTG_FS_EP1_OUT_IRQHandler                0x080003e7   Thumb Code     0  startup_stm32h743xx.o(.text)
    OTG_FS_IRQHandler                        0x080003e7   Thumb Code     0  startup_stm32h743xx.o(.text)
    OTG_FS_WKUP_IRQHandler                   0x080003e7   Thumb Code     0  startup_stm32h743xx.o(.text)
    OTG_HS_EP1_IN_IRQHandler                 0x080003e7   Thumb Code     0  startup_stm32h743xx.o(.text)
    OTG_HS_EP1_OUT_IRQHandler                0x080003e7   Thumb Code     0  startup_stm32h743xx.o(.text)
    OTG_HS_IRQHandler                        0x080003e7   Thumb Code     0  startup_stm32h743xx.o(.text)
    OTG_HS_WKUP_IRQHandler                   0x080003e7   Thumb Code     0  startup_stm32h743xx.o(.text)
    PVD_AVD_IRQHandler                       0x080003e7   Thumb Code     0  startup_stm32h743xx.o(.text)
    QUADSPI_IRQHandler                       0x080003e7   Thumb Code     0  startup_stm32h743xx.o(.text)
    RCC_IRQHandler                           0x080003e7   Thumb Code     0  startup_stm32h743xx.o(.text)
    RNG_IRQHandler                           0x080003e7   Thumb Code     0  startup_stm32h743xx.o(.text)
    RTC_Alarm_IRQHandler                     0x080003e7   Thumb Code     0  startup_stm32h743xx.o(.text)
    RTC_WKUP_IRQHandler                      0x080003e7   Thumb Code     0  startup_stm32h743xx.o(.text)
    SAI1_IRQHandler                          0x080003e7   Thumb Code     0  startup_stm32h743xx.o(.text)
    SAI2_IRQHandler                          0x080003e7   Thumb Code     0  startup_stm32h743xx.o(.text)
    SAI3_IRQHandler                          0x080003e7   Thumb Code     0  startup_stm32h743xx.o(.text)
    SAI4_IRQHandler                          0x080003e7   Thumb Code     0  startup_stm32h743xx.o(.text)
    SDMMC1_IRQHandler                        0x080003e7   Thumb Code     0  startup_stm32h743xx.o(.text)
    SDMMC2_IRQHandler                        0x080003e7   Thumb Code     0  startup_stm32h743xx.o(.text)
    SPDIF_RX_IRQHandler                      0x080003e7   Thumb Code     0  startup_stm32h743xx.o(.text)
    SPI1_IRQHandler                          0x080003e7   Thumb Code     0  startup_stm32h743xx.o(.text)
    SPI2_IRQHandler                          0x080003e7   Thumb Code     0  startup_stm32h743xx.o(.text)
    SPI3_IRQHandler                          0x080003e7   Thumb Code     0  startup_stm32h743xx.o(.text)
    SPI4_IRQHandler                          0x080003e7   Thumb Code     0  startup_stm32h743xx.o(.text)
    SPI5_IRQHandler                          0x080003e7   Thumb Code     0  startup_stm32h743xx.o(.text)
    SPI6_IRQHandler                          0x080003e7   Thumb Code     0  startup_stm32h743xx.o(.text)
    SWPMI1_IRQHandler                        0x080003e7   Thumb Code     0  startup_stm32h743xx.o(.text)
    TAMP_STAMP_IRQHandler                    0x080003e7   Thumb Code     0  startup_stm32h743xx.o(.text)
    TIM15_IRQHandler                         0x080003e7   Thumb Code     0  startup_stm32h743xx.o(.text)
    TIM16_IRQHandler                         0x080003e7   Thumb Code     0  startup_stm32h743xx.o(.text)
    TIM17_IRQHandler                         0x080003e7   Thumb Code     0  startup_stm32h743xx.o(.text)
    TIM1_BRK_IRQHandler                      0x080003e7   Thumb Code     0  startup_stm32h743xx.o(.text)
    TIM1_CC_IRQHandler                       0x080003e7   Thumb Code     0  startup_stm32h743xx.o(.text)
    TIM1_TRG_COM_IRQHandler                  0x080003e7   Thumb Code     0  startup_stm32h743xx.o(.text)
    TIM1_UP_IRQHandler                       0x080003e7   Thumb Code     0  startup_stm32h743xx.o(.text)
    TIM2_IRQHandler                          0x080003e7   Thumb Code     0  startup_stm32h743xx.o(.text)
    TIM3_IRQHandler                          0x080003e7   Thumb Code     0  startup_stm32h743xx.o(.text)
    TIM6_DAC_IRQHandler                      0x080003e7   Thumb Code     0  startup_stm32h743xx.o(.text)
    TIM7_IRQHandler                          0x080003e7   Thumb Code     0  startup_stm32h743xx.o(.text)
    TIM8_BRK_TIM12_IRQHandler                0x080003e7   Thumb Code     0  startup_stm32h743xx.o(.text)
    TIM8_CC_IRQHandler                       0x080003e7   Thumb Code     0  startup_stm32h743xx.o(.text)
    TIM8_TRG_COM_TIM14_IRQHandler            0x080003e7   Thumb Code     0  startup_stm32h743xx.o(.text)
    TIM8_UP_TIM13_IRQHandler                 0x080003e7   Thumb Code     0  startup_stm32h743xx.o(.text)
    UART4_IRQHandler                         0x080003e7   Thumb Code     0  startup_stm32h743xx.o(.text)
    UART5_IRQHandler                         0x080003e7   Thumb Code     0  startup_stm32h743xx.o(.text)
    UART7_IRQHandler                         0x080003e7   Thumb Code     0  startup_stm32h743xx.o(.text)
    UART8_IRQHandler                         0x080003e7   Thumb Code     0  startup_stm32h743xx.o(.text)
    USART2_IRQHandler                        0x080003e7   Thumb Code     0  startup_stm32h743xx.o(.text)
    USART3_IRQHandler                        0x080003e7   Thumb Code     0  startup_stm32h743xx.o(.text)
    USART6_IRQHandler                        0x080003e7   Thumb Code     0  startup_stm32h743xx.o(.text)
    WAKEUP_PIN_IRQHandler                    0x080003e7   Thumb Code     0  startup_stm32h743xx.o(.text)
    WWDG_IRQHandler                          0x080003e7   Thumb Code     0  startup_stm32h743xx.o(.text)
    __user_initial_stackheap                 0x080003e9   Thumb Code     0  startup_stm32h743xx.o(.text)
    arm_add_q15                              0x08000411   Thumb Code    76  arm_add_q15.o(.text)
    arm_mult_f32                             0x0800045d   Thumb Code   224  arm_mult_f32.o(.text)
    arm_max_f32                              0x0800053d   Thumb Code   206  arm_max_f32.o(.text)
    arm_min_f32                              0x0800060b   Thumb Code   206  arm_min_f32.o(.text)
    arm_rms_f32                              0x080006d9   Thumb Code   236  arm_rms_f32.o(.text)
    arm_fill_f32                             0x080007c9   Thumb Code   150  arm_fill_f32.o(.text)
    arm_fill_q15                             0x08000861   Thumb Code   142  arm_fill_q15.o(.text)
    arm_q15_to_float                         0x080008f1   Thumb Code   426  arm_q15_to_float.o(.text)
    __use_no_semihosting                     0x08000aa1   Thumb Code     2  use_no_semi_2.o(.text)
    __2printf                                0x08000aa5   Thumb Code    20  noretval__2printf.o(.text)
    _printf_pre_padding                      0x08000abd   Thumb Code    44  _printf_pad.o(.text)
    _printf_post_padding                     0x08000ae9   Thumb Code    34  _printf_pad.o(.text)
    _printf_str                              0x08000b0b   Thumb Code    82  _printf_str.o(.text)
    _printf_int_dec                          0x08000b5d   Thumb Code   104  _printf_dec.o(.text)
    _printf_int_hex                          0x08000bd5   Thumb Code    84  _printf_hex_int.o(.text)
    _printf_longlong_hex                     0x08000bd5   Thumb Code     0  _printf_hex_int.o(.text)
    __printf                                 0x08000c2d   Thumb Code   388  __printf_flags_ss_wp.o(.text)
    __use_two_region_memory                  0x08000db5   Thumb Code     2  heapauxi.o(.text)
    __rt_heap_escrow$2region                 0x08000db7   Thumb Code     2  heapauxi.o(.text)
    __rt_heap_expand$2region                 0x08000db9   Thumb Code     2  heapauxi.o(.text)
    __I$use$semihosting                      0x08000dbb   Thumb Code     0  use_no_semi.o(.text)
    __use_no_semihosting_swi                 0x08000dbb   Thumb Code     2  use_no_semi.o(.text)
    _printf_int_common                       0x08000dbd   Thumb Code   178  _printf_intcommon.o(.text)
    __lib_sel_fp_printf                      0x08000e6f   Thumb Code     2  _printf_fp_dec.o(.text)
    _printf_fp_dec_real                      0x08001021   Thumb Code   620  _printf_fp_dec.o(.text)
    _printf_cs_common                        0x0800128d   Thumb Code    20  _printf_char.o(.text)
    _printf_char                             0x080012a1   Thumb Code    16  _printf_char.o(.text)
    _printf_string                           0x080012b1   Thumb Code     8  _printf_char.o(.text)
    _printf_char_file                        0x080012b9   Thumb Code    32  _printf_char_file.o(.text)
    __rt_locale                              0x080012dd   Thumb Code     8  rt_locale_intlibspace.o(.text)
    _ll_udiv10                               0x080012e5   Thumb Code   138  lludiv10.o(.text)
    _printf_char_common                      0x0800137b   Thumb Code    32  _printf_char_common.o(.text)
    _printf_fp_infnan                        0x080013a1   Thumb Code   112  _printf_fp_infnan.o(.text)
    _btod_etento                             0x08001421   Thumb Code   224  bigflt0.o(.text)
    ferror                                   0x08001505   Thumb Code     8  ferror.o(.text)
    __user_libspace                          0x0800150d   Thumb Code     8  libspace.o(.text)
    __user_perproc_libspace                  0x0800150d   Thumb Code     0  libspace.o(.text)
    __user_perthread_libspace                0x0800150d   Thumb Code     0  libspace.o(.text)
    __user_setup_stackheap                   0x08001515   Thumb Code    74  sys_stackheap_outer.o(.text)
    exit                                     0x0800155f   Thumb Code    18  exit.o(.text)
    strcmp                                   0x08001571   Thumb Code   104  strcmpv7m_pel.o(.text)
    _btod_d2e                                0x080015d9   Thumb Code    62  btod.o(CL$$btod_d2e)
    _d2e_denorm_low                          0x08001617   Thumb Code    70  btod.o(CL$$btod_d2e_denorm_low)
    _d2e_norm_op1                            0x0800165d   Thumb Code    96  btod.o(CL$$btod_d2e_norm_op1)
    __btod_div_common                        0x080016bd   Thumb Code   696  btod.o(CL$$btod_div_common)
    _e2e                                     0x080019f5   Thumb Code   220  btod.o(CL$$btod_e2e)
    _btod_ediv                               0x08001ad1   Thumb Code    42  btod.o(CL$$btod_ediv)
    _btod_emul                               0x08001afb   Thumb Code    42  btod.o(CL$$btod_emul)
    __btod_mult_common                       0x08001b25   Thumb Code   580  btod.o(CL$$btod_mult_common)
    AAF_IO_Init                              0x08001d69   Thumb Code   142  aaf_io.o(i.AAF_IO_Init)
    AAF_set_IO                               0x08001e05   Thumb Code   140  aaf_io.o(i.AAF_set_IO)
    AD9833_Init                              0x08001ef9   Thumb Code    32  ad9833.o(i.AD9833_Init)
    AD9833_SelectWave                        0x08001f1d   Thumb Code    84  ad9833.o(i.AD9833_SelectWave)
    AD9833_SetFreq                           0x08001f75   Thumb Code   118  ad9833.o(i.AD9833_SetFreq)
    AD9851_init                              0x08001ff9   Thumb Code    82  ad9851.o(i.AD9851_init)
    ADC1_2_Init                              0x08002055   Thumb Code   752  mcu_adc.o(i.ADC1_2_Init)
    ADC_BUFFER_READ                          0x08002561   Thumb Code   366  mcu_adc.o(i.ADC_BUFFER_READ)
    ADS1219_Read_vol                         0x08002721   Thumb Code   194  ads1219.o(i.ADS1219_Read_vol)
    ADS1219_init                             0x08002825   Thumb Code   422  ads1219.o(i.ADS1219_init)
    APS6404L_Init                            0x08002cd5   Thumb Code   112  aps6404l.o(i.APS6404L_Init)
    CH446Q_MIX_CONTROL                       0x08002d51   Thumb Code  1498  ch446q.o(i.CH446Q_MIX_CONTROL)
    CH446Q_Reset                             0x080033b5   Thumb Code   240  ch446q.o(i.CH446Q_Reset)
    CH446Q_init                              0x08003595   Thumb Code   128  ch446q.o(i.CH446Q_init)
    Cache_Enable                             0x08003629   Thumb Code    24  sys.o(i.Cache_Enable)
    DAC_Init                                 0x08003645   Thumb Code   190  dac_out.o(i.DAC_Init)
    DG4052EEQ_Init                           0x08003711   Thumb Code    54  dg4052eeq.o(i.DG4052EEQ_Init)
    DG4052EEQ_Set                            0x08003751   Thumb Code   156  dg4052eeq.o(i.DG4052EEQ_Set)
    Dac1_Set_Vol                             0x08003855   Thumb Code    96  dac_out.o(i.Dac1_Set_Vol)
    DisCharge_Init                           0x080038d1   Thumb Code    60  discharge.o(i.DisCharge_Init)
    DisCharge_SET                            0x08003915   Thumb Code    60  discharge.o(i.DisCharge_SET)
    EEPROM_Init                              0x0800397d   Thumb Code    64  24aa025e48t.o(i.EEPROM_Init)
    GPIO_AF_Set                              0x080039ed   Thumb Code    64  sys.o(i.GPIO_AF_Set)
    GPIO_Pin_Get                             0x08003a2d   Thumb Code    16  sys.o(i.GPIO_Pin_Get)
    GPIO_Pin_Set                             0x08003a3d   Thumb Code    14  sys.o(i.GPIO_Pin_Set)
    GPIO_Set                                 0x08003a4b   Thumb Code   222  sys.o(i.GPIO_Set)
    Get_Adc                                  0x08003b29   Thumb Code    82  mcu_adc.o(i.Get_Adc)
    Get_Adc_Average                          0x08003b85   Thumb Code    44  mcu_adc.o(i.Get_Adc_Average)
    IIC1_Ack                                 0x08003bb1   Thumb Code    62  s_iic.o(i.IIC1_Ack)
    IIC1_Init                                0x08003bf5   Thumb Code    56  s_iic.o(i.IIC1_Init)
    IIC1_NAck                                0x08003c35   Thumb Code    84  s_iic.o(i.IIC1_NAck)
    IIC1_Read_Byte                           0x08003c8d   Thumb Code   150  s_iic.o(i.IIC1_Read_Byte)
    IIC1_Read_Nbytes                         0x08003d29   Thumb Code   178  s_iic.o(i.IIC1_Read_Nbytes)
    IIC1_Send_Byte                           0x08003ddd   Thumb Code    90  s_iic.o(i.IIC1_Send_Byte)
    IIC1_Start                               0x08003e3d   Thumb Code    52  s_iic.o(i.IIC1_Start)
    IIC1_Stop                                0x08003e75   Thumb Code    68  s_iic.o(i.IIC1_Stop)
    IIC1_Wait_Ack                            0x08003ebd   Thumb Code   160  s_iic.o(i.IIC1_Wait_Ack)
    IIC1_Write_Nbytes                        0x08003f61   Thumb Code   154  s_iic.o(i.IIC1_Write_Nbytes)
    IIC4_Ack                                 0x08003ffd   Thumb Code    68  s_iic.o(i.IIC4_Ack)
    IIC4_Init                                0x08004045   Thumb Code    56  s_iic.o(i.IIC4_Init)
    IIC4_NAck                                0x08004085   Thumb Code    88  s_iic.o(i.IIC4_NAck)
    IIC4_ReadOneByte                         0x080040e1   Thumb Code   120  s_iic.o(i.IIC4_ReadOneByte)
    IIC4_Read_Byte                           0x08004159   Thumb Code   158  s_iic.o(i.IIC4_Read_Byte)
    IIC4_Read_Nbytes                         0x080041fd   Thumb Code   178  s_iic.o(i.IIC4_Read_Nbytes)
    IIC4_Read_direct_bytes                   0x080042af   Thumb Code   116  s_iic.o(i.IIC4_Read_direct_bytes)
    IIC4_Send_Byte                           0x08004325   Thumb Code    96  s_iic.o(i.IIC4_Send_Byte)
    IIC4_Start                               0x08004389   Thumb Code    54  s_iic.o(i.IIC4_Start)
    IIC4_Stop                                0x080043c5   Thumb Code    72  s_iic.o(i.IIC4_Stop)
    IIC4_Wait_Ack                            0x08004411   Thumb Code   166  s_iic.o(i.IIC4_Wait_Ack)
    IIC4_WriteOneByte                        0x080044bd   Thumb Code   110  s_iic.o(i.IIC4_WriteOneByte)
    IIC4_Write_direct_byte                   0x0800452b   Thumb Code    68  s_iic.o(i.IIC4_Write_direct_byte)
    IIC4_Write_direct_bytes                  0x0800456f   Thumb Code    82  s_iic.o(i.IIC4_Write_direct_bytes)
    LED_Init                                 0x080045c1   Thumb Code    64  led.o(i.LED_Init)
    MAC_ADDRESS_READ                         0x08004609   Thumb Code    54  24aa025e48t.o(i.MAC_ADDRESS_READ)
    MCP4725A_Set_DAC                         0x08004671   Thumb Code   244  mcp4725a.o(i.MCP4725A_Set_DAC)
    MCP4725A_Set_Voltage                     0x08004765   Thumb Code    82  mcp4725a.o(i.MCP4725A_Set_Voltage)
    MCP4725A_init                            0x080047c1   Thumb Code   346  mcp4725a.o(i.MCP4725A_init)
    MPU_Convert_Bytes_To_POT                 0x08004aa9   Thumb Code    18  mpu.o(i.MPU_Convert_Bytes_To_POT)
    MPU_Disable                              0x08004abd   Thumb Code    30  mpu.o(i.MPU_Disable)
    MPU_Enable                               0x08004ae1   Thumb Code    24  mpu.o(i.MPU_Enable)
    MPU_Memory_Protection                    0x08004afd   Thumb Code   212  mpu.o(i.MPU_Memory_Protection)
    MPU_Set_Protection                       0x08004bd1   Thumb Code   110  mpu.o(i.MPU_Set_Protection)
    MY_NVIC_Init                             0x08004c45   Thumb Code   116  sys.o(i.MY_NVIC_Init)
    MY_NVIC_PriorityGroupConfig              0x08004cbd   Thumb Code    32  sys.o(i.MY_NVIC_PriorityGroupConfig)
    MY_NVIC_SetVectorTable                   0x08004ce5   Thumb Code    12  sys.o(i.MY_NVIC_SetVectorTable)
    MemManage_Handler                        0x08004cf5   Thumb Code    46  mpu.o(i.MemManage_Handler)
    OSPI_Read_Quad                           0x08004d55   Thumb Code    60  aps6404l.o(i.OSPI_Read_Quad)
    OSPI_Write_Quad                          0x08004d99   Thumb Code    60  aps6404l.o(i.OSPI_Write_Quad)
    PGA849_init                              0x08004ddd   Thumb Code   152  pga849.o(i.PGA849_init)
    PGA849_set                               0x08004e85   Thumb Code   452  pga849.o(i.PGA849_set)
    POWER_IO_Init                            0x08005105   Thumb Code   138  power_io.o(i.POWER_IO_Init)
    POWER_READ                               0x0800519d   Thumb Code    64  power_io.o(i.POWER_READ)
    POWER_SET                                0x0800521d   Thumb Code   120  power_io.o(i.POWER_SET)
    QSPI_Cmd1Line                            0x080052d9   Thumb Code    22  aps6404l.o(i.QSPI_Cmd1Line)
    QSPI_Enable_Memmapmode                   0x080052f5   Thumb Code   586  sys.o(i.QSPI_Enable_Memmapmode)
    QSPI_Init                                0x08005565   Thumb Code   164  qspi.o(i.QSPI_Init)
    QSPI_Wait                                0x08005615   Thumb Code    16  aps6404l.o(i.QSPI_Wait)
    Read_Mcu_ADC                             0x08005629   Thumb Code    84  mcu_adc.o(i.Read_Mcu_ADC)
    Read_Puse                                0x080056bd   Thumb Code    84  puse_capture.o(i.Read_Puse)
    SPI1_Init                                0x08005899   Thumb Code   266  spi.o(i.SPI1_Init)
    SPI1_ReadWriteByte                       0x080059b5   Thumb Code    90  spi.o(i.SPI1_ReadWriteByte)
    SPI1_SetSpeed                            0x08005a15   Thumb Code    48  spi.o(i.SPI1_SetSpeed)
    SPI2_Init                                0x08005a49   Thumb Code   246  spi.o(i.SPI2_Init)
    SPI2_ReadWriteByte                       0x08005b4d   Thumb Code   100  spi.o(i.SPI2_ReadWriteByte)
    SPI4_Init                                0x08005bb5   Thumb Code   266  spi.o(i.SPI4_Init)
    SPI4_ReadWriteByte                       0x08005ccd   Thumb Code   102  spi.o(i.SPI4_ReadWriteByte)
    SPI4_SetSpeed                            0x08005d39   Thumb Code    56  spi.o(i.SPI4_SetSpeed)
    Stm32_Clock_Init                         0x08005d75   Thumb Code    96  sys.o(i.Stm32_Clock_Init)
    Sys_Clock_Set                            0x08005ddd   Thumb Code   558  sys.o(i.Sys_Clock_Set)
    Sys_Soft_Reset                           0x0800601d   Thumb Code     8  sys.o(i.Sys_Soft_Reset)
    TIM4_IRQHandler                          0x0800602d   Thumb Code    50  usmart.o(i.TIM4_IRQHandler)
    TIM5_IRQHandler                          0x08006069   Thumb Code   234  puse_capture.o(i.TIM5_IRQHandler)
    TLV3502AID_init                          0x08006169   Thumb Code    68  tlv3502aid.o(i.TLV3502AID_init)
    Timer4_Init                              0x080061b9   Thumb Code    72  usmart.o(i.Timer4_Init)
    U24AA025_READ                            0x08006209   Thumb Code    26  24aa025e48t.o(i.U24AA025_READ)
    U24AA025_WRITE                           0x08006223   Thumb Code   148  24aa025e48t.o(i.U24AA025_WRITE)
    USART1_IRQHandler                        0x080062b9   Thumb Code   128  usart.o(i.USART1_IRQHandler)
    W25QXX_Init                              0x08006345   Thumb Code    86  w25qxx.o(i.W25QXX_Init)
    W25QXX_ReadID                            0x080063a5   Thumb Code    72  w25qxx.o(i.W25QXX_ReadID)
    W25QXX_ReadSR                            0x080063f1   Thumb Code    80  w25qxx.o(i.W25QXX_ReadSR)
    __ARM_fpclassify                         0x08006445   Thumb Code    48  fpclassify.o(i.__ARM_fpclassify)
    _is_digit                                0x0800647b   Thumb Code    14  __printf_wp.o(i._is_digit)
    _sys_exit                                0x08006489   Thumb Code     4  usart.o(i._sys_exit)
    delay_init                               0x0800648d   Thumb Code    22  delay.o(i.delay_init)
    delay_ms                                 0x080064a9   Thumb Code    50  delay.o(i.delay_ms)
    delay_us                                 0x080064dd   Thumb Code    72  delay.o(i.delay_us)
    delay_xms                                0x08006529   Thumb Code    78  delay.o(i.delay_xms)
    fputc                                    0x0800657d   Thumb Code    22  usart.o(i.fputc)
    main                                     0x08006599   Thumb Code   256  main.o(i.main)
    read_addr                                0x080066a9   Thumb Code     6  usmart.o(i.read_addr)
    uart_init                                0x080066b1   Thumb Code   190  usart.o(i.uart_init)
    usmart_cmd_rec                           0x08006781   Thumb Code   170  usmart.o(i.usmart_cmd_rec)
    usmart_exe                               0x08006831   Thumb Code   624  usmart.o(i.usmart_exe)
    usmart_get_aparm                         0x08006afd   Thumb Code   212  usmart_str.o(i.usmart_get_aparm)
    usmart_get_cmdname                       0x08006bd1   Thumb Code    54  usmart_str.o(i.usmart_get_cmdname)
    usmart_get_fname                         0x08006c09   Thumb Code   440  usmart_str.o(i.usmart_get_fname)
    usmart_get_fparam                        0x08006dc9   Thumb Code   262  usmart_str.o(i.usmart_get_fparam)
    usmart_get_parmpos                       0x08006ed5   Thumb Code    26  usmart_str.o(i.usmart_get_parmpos)
    usmart_get_runtime                       0x08006ef5   Thumb Code    56  usmart.o(i.usmart_get_runtime)
    usmart_init                              0x08006f35   Thumb Code    36  usmart.o(i.usmart_init)
    usmart_pow                               0x08006f5d   Thumb Code    22  usmart_str.o(i.usmart_pow)
    usmart_reset_runtime                     0x08006f75   Thumb Code    38  usmart.o(i.usmart_reset_runtime)
    usmart_scan                              0x08006fa5   Thumb Code   120  usmart.o(i.usmart_scan)
    usmart_search_nextc                      0x08007061   Thumb Code    22  usmart_str.o(i.usmart_search_nextc)
    usmart_str2num                           0x08007077   Thumb Code   262  usmart_str.o(i.usmart_str2num)
    usmart_strcmp                            0x0800717d   Thumb Code    34  usmart_str.o(i.usmart_strcmp)
    usmart_strcopy                           0x0800719f   Thumb Code    22  usmart_str.o(i.usmart_strcopy)
    usmart_strlen                            0x080071b5   Thumb Code    24  usmart_str.o(i.usmart_strlen)
    usmart_sys_cmd_exe                       0x080071cd   Thumb Code  1570  usmart.o(i.usmart_sys_cmd_exe)
    write_addr                               0x080078c1   Thumb Code     4  usmart.o(i.write_addr)
    _get_lc_numeric                          0x080078c5   Thumb Code    44  lc_numeric_c.o(locale$$code)
    _fp_init                                 0x080078f1   Thumb Code    10  fpinit.o(x$fpl$fpinit)
    __fplib_config_fpu_vfp                   0x080078f9   Thumb Code     0  fpinit.o(x$fpl$fpinit)
    __fplib_config_pureend_doubles           0x080078f9   Thumb Code     0  fpinit.o(x$fpl$fpinit)
    __ieee_status                            0x080078fd   Thumb Code    28  istatus.o(x$fpl$ieeestatus)
    _printf_fp_dec                           0x0800791d   Thumb Code     4  printf1.o(x$fpl$printf1)
    __I$use$fp                               0x08007920   Number         0  usenofp.o(x$fpl$usenofp)
    Region$$Table$$Base                      0x08007e5c   Number         0  anon$$obj.o(Region$$Table)
    Region$$Table$$Limit                     0x08007e9c   Number         0  anon$$obj.o(Region$$Table)
    debug                                    0x20000000   Data           1  main.o(.data)
    W25QXX_TYPE                              0x20000002   Data           2  w25qxx.o(.data)
    ADS1219_ID                               0x20000004   Data           1  ads1219.o(.data)
    CFG                                      0x20000005   Data           1  ads1219.o(.data)
    APS6404L_buffer                          0x20000006   Data           5  aps6404l.o(.data)
    APS6404L_buffer1                         0x2000000b   Data           5  aps6404l.o(.data)
    EEPROM_BUFFER                            0x20000010   Data           5  24aa025e48t.o(.data)
    H_PUSE1                                  0x20000018   Data           4  puse_capture.o(.data)
    H_PUSE2                                  0x2000001c   Data           4  puse_capture.o(.data)
    up_down                                  0x20000020   Data           1  puse_capture.o(.data)
    ADC_BUFFER_SIZE                          0x20000024   Data           4  mcu_adc.o(.data)
    __stdout                                 0x2000002c   Data           4  usart.o(.data)
    USART_RX_STA                             0x20000030   Data           2  usart.o(.data)
    sys_cmd_tab                              0x20000034   Data          28  usmart.o(.data)
    usmart_nametab                           0x20000050   Data         192  usmart_config.o(.data)
    usmart_dev                               0x20000110   Data         344  usmart_config.o(.data)
    USART_RX_BUF                             0x20000268   Data         200  usart.o(.bss)
    __libspace_start                         0x20000330   Data          96  libspace.o(.bss)
    __temporary_stack_top$libspace           0x20000390   Data           0  libspace.o(.bss)
    ADC_BUFFER2                              0x24000000   Data       61440  mcu_adc.o(in_axi_sram)
    ADC_VOL                                  0x2400f000   Data       368640  mcu_adc.o(in_axi_sram)
    ADC_BUFFER                               0x30000000   Data       61440  mcu_adc.o(in_sram1_to_3)
    ADC_BUFFER1                              0x3000f000   Data       61440  mcu_adc.o(in_sram1_to_3)



==============================================================================

Memory Map of the image

  Image Entry point : 0x08000299

  Load Region LR_IROM1 (Base: 0x08000000, Size: 0x0008f120, Max: 0x00020000, ABSOLUTE, COMPRESSED[0x0000908c])

    Execution Region ITCM (Exec base: 0x00000000, Load base: 0x08007eb8, Size: 0x00000000, Max: 0x00010000, ABSOLUTE)

    **** No section assigned to this execution region ****


    Execution Region ER_IROM1 (Exec base: 0x08000000, Load base: 0x08000000, Size: 0x00007eb8, Max: 0x00020000, ABSOLUTE)

    Exec Addr    Load Addr    Size         Type   Attr      Idx    E Section Name        Object

    0x08000000   0x08000000   0x00000298   Data   RO            3    RESET               startup_stm32h743xx.o
    0x08000298   0x08000298   0x00000008   Code   RO         1996  * !!!main             c_w.l(__main.o)
    0x080002a0   0x080002a0   0x00000034   Code   RO         2216    !!!scatter          c_w.l(__scatter.o)
    0x080002d4   0x080002d4   0x0000005a   Code   RO         2214    !!dczerorl2         c_w.l(__dczerorl2.o)
    0x0800032e   0x0800032e   0x00000002   PAD
    0x08000330   0x08000330   0x0000001c   Code   RO         2218    !!handler_zi        c_w.l(__scatter_zi.o)
    0x0800034c   0x0800034c   0x00000000   Code   RO         1993    .ARM.Collect$$_printf_percent$$00000000  c_w.l(_printf_percent.o)
    0x0800034c   0x0800034c   0x00000006   Code   RO         1992    .ARM.Collect$$_printf_percent$$00000003  c_w.l(_printf_f.o)
    0x08000352   0x08000352   0x00000006   Code   RO         1990    .ARM.Collect$$_printf_percent$$00000009  c_w.l(_printf_d.o)
    0x08000358   0x08000358   0x00000006   Code   RO         1991    .ARM.Collect$$_printf_percent$$0000000A  c_w.l(_printf_u.o)
    0x0800035e   0x0800035e   0x00000006   Code   RO         1989    .ARM.Collect$$_printf_percent$$0000000C  c_w.l(_printf_x.o)
    0x08000364   0x08000364   0x00000006   Code   RO         1987    .ARM.Collect$$_printf_percent$$00000013  c_w.l(_printf_c.o)
    0x0800036a   0x0800036a   0x00000006   Code   RO         1988    .ARM.Collect$$_printf_percent$$00000014  c_w.l(_printf_s.o)
    0x08000370   0x08000370   0x00000004   Code   RO         2011    .ARM.Collect$$_printf_percent$$00000017  c_w.l(_printf_percent_end.o)
    0x08000374   0x08000374   0x00000002   Code   RO         2091    .ARM.Collect$$libinit$$00000000  c_w.l(libinit.o)
    0x08000376   0x08000376   0x00000004   Code   RO         2092    .ARM.Collect$$libinit$$00000001  c_w.l(libinit2.o)
    0x0800037a   0x0800037a   0x00000000   Code   RO         2095    .ARM.Collect$$libinit$$00000004  c_w.l(libinit2.o)
    0x0800037a   0x0800037a   0x00000000   Code   RO         2098    .ARM.Collect$$libinit$$0000000A  c_w.l(libinit2.o)
    0x0800037a   0x0800037a   0x00000000   Code   RO         2100    .ARM.Collect$$libinit$$0000000C  c_w.l(libinit2.o)
    0x0800037a   0x0800037a   0x00000000   Code   RO         2102    .ARM.Collect$$libinit$$0000000E  c_w.l(libinit2.o)
    0x0800037a   0x0800037a   0x00000006   Code   RO         2103    .ARM.Collect$$libinit$$0000000F  c_w.l(libinit2.o)
    0x08000380   0x08000380   0x00000000   Code   RO         2105    .ARM.Collect$$libinit$$00000011  c_w.l(libinit2.o)
    0x08000380   0x08000380   0x00000000   Code   RO         2107    .ARM.Collect$$libinit$$00000013  c_w.l(libinit2.o)
    0x08000380   0x08000380   0x00000000   Code   RO         2109    .ARM.Collect$$libinit$$00000015  c_w.l(libinit2.o)
    0x08000380   0x08000380   0x0000000a   Code   RO         2110    .ARM.Collect$$libinit$$00000016  c_w.l(libinit2.o)
    0x0800038a   0x0800038a   0x00000000   Code   RO         2111    .ARM.Collect$$libinit$$00000017  c_w.l(libinit2.o)
    0x0800038a   0x0800038a   0x00000000   Code   RO         2113    .ARM.Collect$$libinit$$00000019  c_w.l(libinit2.o)
    0x0800038a   0x0800038a   0x00000000   Code   RO         2115    .ARM.Collect$$libinit$$0000001B  c_w.l(libinit2.o)
    0x0800038a   0x0800038a   0x00000000   Code   RO         2117    .ARM.Collect$$libinit$$0000001D  c_w.l(libinit2.o)
    0x0800038a   0x0800038a   0x00000000   Code   RO         2119    .ARM.Collect$$libinit$$0000001F  c_w.l(libinit2.o)
    0x0800038a   0x0800038a   0x00000000   Code   RO         2121    .ARM.Collect$$libinit$$00000021  c_w.l(libinit2.o)
    0x0800038a   0x0800038a   0x00000000   Code   RO         2123    .ARM.Collect$$libinit$$00000023  c_w.l(libinit2.o)
    0x0800038a   0x0800038a   0x00000000   Code   RO         2125    .ARM.Collect$$libinit$$00000025  c_w.l(libinit2.o)
    0x0800038a   0x0800038a   0x00000000   Code   RO         2129    .ARM.Collect$$libinit$$0000002C  c_w.l(libinit2.o)
    0x0800038a   0x0800038a   0x00000000   Code   RO         2131    .ARM.Collect$$libinit$$0000002E  c_w.l(libinit2.o)
    0x0800038a   0x0800038a   0x00000000   Code   RO         2133    .ARM.Collect$$libinit$$00000030  c_w.l(libinit2.o)
    0x0800038a   0x0800038a   0x00000000   Code   RO         2135    .ARM.Collect$$libinit$$00000032  c_w.l(libinit2.o)
    0x0800038a   0x0800038a   0x00000002   Code   RO         2136    .ARM.Collect$$libinit$$00000033  c_w.l(libinit2.o)
    0x0800038c   0x0800038c   0x00000002   Code   RO         2164    .ARM.Collect$$libshutdown$$00000000  c_w.l(libshutdown.o)
    0x0800038e   0x0800038e   0x00000000   Code   RO         2173    .ARM.Collect$$libshutdown$$00000002  c_w.l(libshutdown2.o)
    0x0800038e   0x0800038e   0x00000000   Code   RO         2175    .ARM.Collect$$libshutdown$$00000004  c_w.l(libshutdown2.o)
    0x0800038e   0x0800038e   0x00000000   Code   RO         2177    .ARM.Collect$$libshutdown$$00000006  c_w.l(libshutdown2.o)
    0x0800038e   0x0800038e   0x00000000   Code   RO         2180    .ARM.Collect$$libshutdown$$00000009  c_w.l(libshutdown2.o)
    0x0800038e   0x0800038e   0x00000000   Code   RO         2183    .ARM.Collect$$libshutdown$$0000000C  c_w.l(libshutdown2.o)
    0x0800038e   0x0800038e   0x00000000   Code   RO         2185    .ARM.Collect$$libshutdown$$0000000E  c_w.l(libshutdown2.o)
    0x0800038e   0x0800038e   0x00000000   Code   RO         2188    .ARM.Collect$$libshutdown$$00000011  c_w.l(libshutdown2.o)
    0x0800038e   0x0800038e   0x00000002   Code   RO         2189    .ARM.Collect$$libshutdown$$00000012  c_w.l(libshutdown2.o)
    0x08000390   0x08000390   0x00000000   Code   RO         2002    .ARM.Collect$$rtentry$$00000000  c_w.l(__rtentry.o)
    0x08000390   0x08000390   0x00000000   Code   RO         2013    .ARM.Collect$$rtentry$$00000002  c_w.l(__rtentry2.o)
    0x08000390   0x08000390   0x00000006   Code   RO         2025    .ARM.Collect$$rtentry$$00000004  c_w.l(__rtentry4.o)
    0x08000396   0x08000396   0x00000000   Code   RO         2015    .ARM.Collect$$rtentry$$00000009  c_w.l(__rtentry2.o)
    0x08000396   0x08000396   0x00000004   Code   RO         2016    .ARM.Collect$$rtentry$$0000000A  c_w.l(__rtentry2.o)
    0x0800039a   0x0800039a   0x00000000   Code   RO         2018    .ARM.Collect$$rtentry$$0000000C  c_w.l(__rtentry2.o)
    0x0800039a   0x0800039a   0x00000008   Code   RO         2019    .ARM.Collect$$rtentry$$0000000D  c_w.l(__rtentry2.o)
    0x080003a2   0x080003a2   0x00000002   Code   RO         2137    .ARM.Collect$$rtexit$$00000000  c_w.l(rtexit.o)
    0x080003a4   0x080003a4   0x00000000   Code   RO         2144    .ARM.Collect$$rtexit$$00000002  c_w.l(rtexit2.o)
    0x080003a4   0x080003a4   0x00000004   Code   RO         2145    .ARM.Collect$$rtexit$$00000003  c_w.l(rtexit2.o)
    0x080003a8   0x080003a8   0x00000006   Code   RO         2146    .ARM.Collect$$rtexit$$00000004  c_w.l(rtexit2.o)
    0x080003ae   0x080003ae   0x00000002   PAD
    0x080003b0   0x080003b0   0x00000060   Code   RO            4    .text               startup_stm32h743xx.o
    0x08000410   0x08000410   0x0000004c   Code   RO         1716    .text               arm_cortexM7lfdp_math.lib(arm_add_q15.o)
    0x0800045c   0x0800045c   0x000000e0   Code   RO         1762    .text               arm_cortexM7lfdp_math.lib(arm_mult_f32.o)
    0x0800053c   0x0800053c   0x000000ce   Code   RO         1786    .text               arm_cortexM7lfdp_math.lib(arm_max_f32.o)
    0x0800060a   0x0800060a   0x000000ce   Code   RO         1810    .text               arm_cortexM7lfdp_math.lib(arm_min_f32.o)
    0x080006d8   0x080006d8   0x000000f0   Code   RO         1834    .text               arm_cortexM7lfdp_math.lib(arm_rms_f32.o)
    0x080007c8   0x080007c8   0x00000096   Code   RO         1861    .text               arm_cortexM7lfdp_math.lib(arm_fill_f32.o)
    0x0800085e   0x0800085e   0x00000002   PAD
    0x08000860   0x08000860   0x0000008e   Code   RO         1885    .text               arm_cortexM7lfdp_math.lib(arm_fill_q15.o)
    0x080008ee   0x080008ee   0x00000002   PAD
    0x080008f0   0x080008f0   0x000001b0   Code   RO         1909    .text               arm_cortexM7lfdp_math.lib(arm_q15_to_float.o)
    0x08000aa0   0x08000aa0   0x00000002   Code   RO         1932    .text               c_w.l(use_no_semi_2.o)
    0x08000aa2   0x08000aa2   0x00000002   PAD
    0x08000aa4   0x08000aa4   0x00000018   Code   RO         1936    .text               c_w.l(noretval__2printf.o)
    0x08000abc   0x08000abc   0x0000004e   Code   RO         1940    .text               c_w.l(_printf_pad.o)
    0x08000b0a   0x08000b0a   0x00000052   Code   RO         1942    .text               c_w.l(_printf_str.o)
    0x08000b5c   0x08000b5c   0x00000078   Code   RO         1944    .text               c_w.l(_printf_dec.o)
    0x08000bd4   0x08000bd4   0x00000058   Code   RO         1949    .text               c_w.l(_printf_hex_int.o)
    0x08000c2c   0x08000c2c   0x00000188   Code   RO         1984    .text               c_w.l(__printf_flags_ss_wp.o)
    0x08000db4   0x08000db4   0x00000006   Code   RO         1994    .text               c_w.l(heapauxi.o)
    0x08000dba   0x08000dba   0x00000002   Code   RO         2000    .text               c_w.l(use_no_semi.o)
    0x08000dbc   0x08000dbc   0x000000b2   Code   RO         2003    .text               c_w.l(_printf_intcommon.o)
    0x08000e6e   0x08000e6e   0x0000041e   Code   RO         2005    .text               c_w.l(_printf_fp_dec.o)
    0x0800128c   0x0800128c   0x0000002c   Code   RO         2007    .text               c_w.l(_printf_char.o)
    0x080012b8   0x080012b8   0x00000024   Code   RO         2009    .text               c_w.l(_printf_char_file.o)
    0x080012dc   0x080012dc   0x00000008   Code   RO         2030    .text               c_w.l(rt_locale_intlibspace.o)
    0x080012e4   0x080012e4   0x0000008a   Code   RO         2032    .text               c_w.l(lludiv10.o)
    0x0800136e   0x0800136e   0x00000002   PAD
    0x08001370   0x08001370   0x00000030   Code   RO         2034    .text               c_w.l(_printf_char_common.o)
    0x080013a0   0x080013a0   0x00000080   Code   RO         2036    .text               c_w.l(_printf_fp_infnan.o)
    0x08001420   0x08001420   0x000000e4   Code   RO         2038    .text               c_w.l(bigflt0.o)
    0x08001504   0x08001504   0x00000008   Code   RO         2063    .text               c_w.l(ferror.o)
    0x0800150c   0x0800150c   0x00000008   Code   RO         2075    .text               c_w.l(libspace.o)
    0x08001514   0x08001514   0x0000004a   Code   RO         2078    .text               c_w.l(sys_stackheap_outer.o)
    0x0800155e   0x0800155e   0x00000012   Code   RO         2082    .text               c_w.l(exit.o)
    0x08001570   0x08001570   0x00000068   Code   RO         2084    .text               c_w.l(strcmpv7m_pel.o)
    0x080015d8   0x080015d8   0x0000003e   Code   RO         2041    CL$$btod_d2e        c_w.l(btod.o)
    0x08001616   0x08001616   0x00000046   Code   RO         2043    CL$$btod_d2e_denorm_low  c_w.l(btod.o)
    0x0800165c   0x0800165c   0x00000060   Code   RO         2042    CL$$btod_d2e_norm_op1  c_w.l(btod.o)
    0x080016bc   0x080016bc   0x00000338   Code   RO         2051    CL$$btod_div_common  c_w.l(btod.o)
    0x080019f4   0x080019f4   0x000000dc   Code   RO         2048    CL$$btod_e2e        c_w.l(btod.o)
    0x08001ad0   0x08001ad0   0x0000002a   Code   RO         2045    CL$$btod_ediv       c_w.l(btod.o)
    0x08001afa   0x08001afa   0x0000002a   Code   RO         2044    CL$$btod_emul       c_w.l(btod.o)
    0x08001b24   0x08001b24   0x00000244   Code   RO         2050    CL$$btod_mult_common  c_w.l(btod.o)
    0x08001d68   0x08001d68   0x0000009c   Code   RO         1218    i.AAF_IO_Init       aaf_io.o
    0x08001e04   0x08001e04   0x000000f4   Code   RO         1219    i.AAF_set_IO        aaf_io.o
    0x08001ef8   0x08001ef8   0x00000024   Code   RO         1051    i.AD9833_Init       ad9833.o
    0x08001f1c   0x08001f1c   0x00000058   Code   RO         1052    i.AD9833_SelectWave  ad9833.o
    0x08001f74   0x08001f74   0x00000084   Code   RO         1053    i.AD9833_SetFreq    ad9833.o
    0x08001ff8   0x08001ff8   0x0000005c   Code   RO         1027    i.AD9851_init       ad9851.o
    0x08002054   0x08002054   0x0000050c   Code   RO         1150    i.ADC1_2_Init       mcu_adc.o
    0x08002560   0x08002560   0x000001c0   Code   RO         1151    i.ADC_BUFFER_READ   mcu_adc.o
    0x08002720   0x08002720   0x00000104   Code   RO          783    i.ADS1219_Read_vol  ads1219.o
    0x08002824   0x08002824   0x000004b0   Code   RO          784    i.ADS1219_init      ads1219.o
    0x08002cd4   0x08002cd4   0x0000007c   Code   RO          859    i.APS6404L_Init     aps6404l.o
    0x08002d50   0x08002d50   0x00000664   Code   RO          487    i.CH446Q_MIX_CONTROL  ch446q.o
    0x080033b4   0x080033b4   0x000001e0   Code   RO          488    i.CH446Q_Reset      ch446q.o
    0x08003594   0x08003594   0x00000094   Code   RO          489    i.CH446Q_init       ch446q.o
    0x08003628   0x08003628   0x0000001c   Code   RO         1323    i.Cache_Enable      sys.o
    0x08003644   0x08003644   0x000000cc   Code   RO          523    i.DAC_Init          dac_out.o
    0x08003710   0x08003710   0x00000040   Code   RO          952    i.DG4052EEQ_Init    dg4052eeq.o
    0x08003750   0x08003750   0x00000104   Code   RO          953    i.DG4052EEQ_Set     dg4052eeq.o
    0x08003854   0x08003854   0x0000007c   Code   RO          524    i.Dac1_Set_Vol      dac_out.o
    0x080038d0   0x080038d0   0x00000044   Code   RO         1248    i.DisCharge_Init    discharge.o
    0x08003914   0x08003914   0x00000068   Code   RO         1249    i.DisCharge_SET     discharge.o
    0x0800397c   0x0800397c   0x00000070   Code   RO          982    i.EEPROM_Init       24aa025e48t.o
    0x080039ec   0x080039ec   0x00000040   Code   RO         1325    i.GPIO_AF_Set       sys.o
    0x08003a2c   0x08003a2c   0x00000010   Code   RO         1326    i.GPIO_Pin_Get      sys.o
    0x08003a3c   0x08003a3c   0x0000000e   Code   RO         1327    i.GPIO_Pin_Set      sys.o
    0x08003a4a   0x08003a4a   0x000000de   Code   RO         1328    i.GPIO_Set          sys.o
    0x08003b28   0x08003b28   0x0000005c   Code   RO         1152    i.Get_Adc           mcu_adc.o
    0x08003b84   0x08003b84   0x0000002c   Code   RO         1153    i.Get_Adc_Average   mcu_adc.o
    0x08003bb0   0x08003bb0   0x00000044   Code   RO          583    i.IIC1_Ack          s_iic.o
    0x08003bf4   0x08003bf4   0x00000040   Code   RO          584    i.IIC1_Init         s_iic.o
    0x08003c34   0x08003c34   0x00000058   Code   RO          585    i.IIC1_NAck         s_iic.o
    0x08003c8c   0x08003c8c   0x0000009c   Code   RO          587    i.IIC1_Read_Byte    s_iic.o
    0x08003d28   0x08003d28   0x000000b2   Code   RO          588    i.IIC1_Read_Nbytes  s_iic.o
    0x08003dda   0x08003dda   0x00000002   PAD
    0x08003ddc   0x08003ddc   0x00000060   Code   RO          590    i.IIC1_Send_Byte    s_iic.o
    0x08003e3c   0x08003e3c   0x00000038   Code   RO          591    i.IIC1_Start        s_iic.o
    0x08003e74   0x08003e74   0x00000048   Code   RO          592    i.IIC1_Stop         s_iic.o
    0x08003ebc   0x08003ebc   0x000000a4   Code   RO          593    i.IIC1_Wait_Ack     s_iic.o
    0x08003f60   0x08003f60   0x0000009a   Code   RO          595    i.IIC1_Write_Nbytes  s_iic.o
    0x08003ffa   0x08003ffa   0x00000002   PAD
    0x08003ffc   0x08003ffc   0x00000048   Code   RO          597    i.IIC4_Ack          s_iic.o
    0x08004044   0x08004044   0x00000040   Code   RO          598    i.IIC4_Init         s_iic.o
    0x08004084   0x08004084   0x0000005c   Code   RO          599    i.IIC4_NAck         s_iic.o
    0x080040e0   0x080040e0   0x00000078   Code   RO          600    i.IIC4_ReadOneByte  s_iic.o
    0x08004158   0x08004158   0x000000a4   Code   RO          601    i.IIC4_Read_Byte    s_iic.o
    0x080041fc   0x080041fc   0x000000b2   Code   RO          602    i.IIC4_Read_Nbytes  s_iic.o
    0x080042ae   0x080042ae   0x00000074   Code   RO          603    i.IIC4_Read_direct_bytes  s_iic.o
    0x08004322   0x08004322   0x00000002   PAD
    0x08004324   0x08004324   0x00000064   Code   RO          604    i.IIC4_Send_Byte    s_iic.o
    0x08004388   0x08004388   0x0000003c   Code   RO          605    i.IIC4_Start        s_iic.o
    0x080043c4   0x080043c4   0x0000004c   Code   RO          606    i.IIC4_Stop         s_iic.o
    0x08004410   0x08004410   0x000000ac   Code   RO          607    i.IIC4_Wait_Ack     s_iic.o
    0x080044bc   0x080044bc   0x0000006e   Code   RO          608    i.IIC4_WriteOneByte  s_iic.o
    0x0800452a   0x0800452a   0x00000044   Code   RO          610    i.IIC4_Write_direct_byte  s_iic.o
    0x0800456e   0x0800456e   0x00000052   Code   RO          611    i.IIC4_Write_direct_bytes  s_iic.o
    0x080045c0   0x080045c0   0x00000048   Code   RO          168    i.LED_Init          led.o
    0x08004608   0x08004608   0x00000068   Code   RO          983    i.MAC_ADDRESS_READ  24aa025e48t.o
    0x08004670   0x08004670   0x000000f4   Code   RO          817    i.MCP4725A_Set_DAC  mcp4725a.o
    0x08004764   0x08004764   0x0000005c   Code   RO          818    i.MCP4725A_Set_Voltage  mcp4725a.o
    0x080047c0   0x080047c0   0x000002e8   Code   RO          819    i.MCP4725A_init     mcp4725a.o
    0x08004aa8   0x08004aa8   0x00000012   Code   RO          318    i.MPU_Convert_Bytes_To_POT  mpu.o
    0x08004aba   0x08004aba   0x00000002   PAD
    0x08004abc   0x08004abc   0x00000024   Code   RO          319    i.MPU_Disable       mpu.o
    0x08004ae0   0x08004ae0   0x0000001c   Code   RO          320    i.MPU_Enable        mpu.o
    0x08004afc   0x08004afc   0x000000d4   Code   RO          321    i.MPU_Memory_Protection  mpu.o
    0x08004bd0   0x08004bd0   0x00000074   Code   RO          322    i.MPU_Set_Protection  mpu.o
    0x08004c44   0x08004c44   0x00000078   Code   RO         1331    i.MY_NVIC_Init      sys.o
    0x08004cbc   0x08004cbc   0x00000028   Code   RO         1332    i.MY_NVIC_PriorityGroupConfig  sys.o
    0x08004ce4   0x08004ce4   0x00000010   Code   RO         1333    i.MY_NVIC_SetVectorTable  sys.o
    0x08004cf4   0x08004cf4   0x00000060   Code   RO          323    i.MemManage_Handler  mpu.o
    0x08004d54   0x08004d54   0x00000044   Code   RO          860    i.OSPI_Read_Quad    aps6404l.o
    0x08004d98   0x08004d98   0x00000044   Code   RO          861    i.OSPI_Write_Quad   aps6404l.o
    0x08004ddc   0x08004ddc   0x000000a8   Code   RO          553    i.PGA849_init       pga849.o
    0x08004e84   0x08004e84   0x00000280   Code   RO          554    i.PGA849_set        pga849.o
    0x08005104   0x08005104   0x00000098   Code   RO          916    i.POWER_IO_Init     power_io.o
    0x0800519c   0x0800519c   0x00000080   Code   RO          917    i.POWER_READ        power_io.o
    0x0800521c   0x0800521c   0x000000bc   Code   RO          918    i.POWER_SET         power_io.o
    0x080052d8   0x080052d8   0x0000001c   Code   RO          862    i.QSPI_Cmd1Line     aps6404l.o
    0x080052f4   0x080052f4   0x00000270   Code   RO         1334    i.QSPI_Enable_Memmapmode  sys.o
    0x08005564   0x08005564   0x000000b0   Code   RO          193    i.QSPI_Init         qspi.o
    0x08005614   0x08005614   0x00000014   Code   RO          864    i.QSPI_Wait         aps6404l.o
    0x08005628   0x08005628   0x00000094   Code   RO         1155    i.Read_Mcu_ADC      mcu_adc.o
    0x080056bc   0x080056bc   0x00000078   Code   RO         1111    i.Read_Puse         puse_capture.o
    0x08005734   0x08005734   0x0000009c   Code   RO         1335    i.SCB_EnableDCache  sys.o
    0x080057d0   0x080057d0   0x0000007c   Code   RO         1336    i.SCB_EnableICache  sys.o
    0x0800584c   0x0800584c   0x0000004c   Code   RO         1156    i.SCB_InvalidateDCache_by_Addr  mcu_adc.o
    0x08005898   0x08005898   0x0000011c   Code   RO          246    i.SPI1_Init         spi.o
    0x080059b4   0x080059b4   0x00000060   Code   RO          247    i.SPI1_ReadWriteByte  spi.o
    0x08005a14   0x08005a14   0x00000034   Code   RO          248    i.SPI1_SetSpeed     spi.o
    0x08005a48   0x08005a48   0x00000104   Code   RO          249    i.SPI2_Init         spi.o
    0x08005b4c   0x08005b4c   0x00000068   Code   RO          250    i.SPI2_ReadWriteByte  spi.o
    0x08005bb4   0x08005bb4   0x00000118   Code   RO          252    i.SPI4_Init         spi.o
    0x08005ccc   0x08005ccc   0x0000006c   Code   RO          253    i.SPI4_ReadWriteByte  spi.o
    0x08005d38   0x08005d38   0x0000003c   Code   RO          254    i.SPI4_SetSpeed     spi.o
    0x08005d74   0x08005d74   0x00000068   Code   RO         1337    i.Stm32_Clock_Init  sys.o
    0x08005ddc   0x08005ddc   0x00000240   Code   RO         1338    i.Sys_Clock_Set     sys.o
    0x0800601c   0x0800601c   0x00000010   Code   RO         1339    i.Sys_Soft_Reset    sys.o
    0x0800602c   0x0800602c   0x0000003c   Code   RO         1519    i.TIM4_IRQHandler   usmart.o
    0x08006068   0x08006068   0x00000100   Code   RO         1113    i.TIM5_IRQHandler   puse_capture.o
    0x08006168   0x08006168   0x00000050   Code   RO         1087    i.TLV3502AID_init   tlv3502aid.o
    0x080061b8   0x080061b8   0x00000050   Code   RO         1520    i.Timer4_Init       usmart.o
    0x08006208   0x08006208   0x0000001a   Code   RO          984    i.U24AA025_READ     24aa025e48t.o
    0x08006222   0x08006222   0x00000094   Code   RO          985    i.U24AA025_WRITE    24aa025e48t.o
    0x080062b6   0x080062b6   0x00000002   PAD
    0x080062b8   0x080062b8   0x0000008c   Code   RO         1460    i.USART1_IRQHandler  usart.o
    0x08006344   0x08006344   0x00000060   Code   RO          374    i.W25QXX_Init       w25qxx.o
    0x080063a4   0x080063a4   0x0000004c   Code   RO          377    i.W25QXX_ReadID     w25qxx.o
    0x080063f0   0x080063f0   0x00000054   Code   RO          378    i.W25QXX_ReadSR     w25qxx.o
    0x08006444   0x08006444   0x00000030   Code   RO         2073    i.__ARM_fpclassify  m_wv.l(fpclassify.o)
    0x08006474   0x08006474   0x00000006   Code   RO          612    i.__set_PRIMASK     s_iic.o
    0x0800647a   0x0800647a   0x0000000e   Code   RO         1977    i._is_digit         c_w.l(__printf_wp.o)
    0x08006488   0x08006488   0x00000004   Code   RO         1461    i._sys_exit         usart.o
    0x0800648c   0x0800648c   0x0000001c   Code   RO         1278    i.delay_init        delay.o
    0x080064a8   0x080064a8   0x00000032   Code   RO         1279    i.delay_ms          delay.o
    0x080064da   0x080064da   0x00000002   PAD
    0x080064dc   0x080064dc   0x0000004c   Code   RO         1280    i.delay_us          delay.o
    0x08006528   0x08006528   0x00000054   Code   RO         1281    i.delay_xms         delay.o
    0x0800657c   0x0800657c   0x0000001c   Code   RO         1463    i.fputc             usart.o
    0x08006598   0x08006598   0x00000110   Code   RO           13    i.main              main.o
    0x080066a8   0x080066a8   0x00000006   Code   RO         1521    i.read_addr         usmart.o
    0x080066ae   0x080066ae   0x00000002   PAD
    0x080066b0   0x080066b0   0x000000d0   Code   RO         1464    i.uart_init         usart.o
    0x08006780   0x08006780   0x000000b0   Code   RO         1522    i.usmart_cmd_rec    usmart.o
    0x08006830   0x08006830   0x000002cc   Code   RO         1523    i.usmart_exe        usmart.o
    0x08006afc   0x08006afc   0x000000d4   Code   RO         1632    i.usmart_get_aparm  usmart_str.o
    0x08006bd0   0x08006bd0   0x00000036   Code   RO         1633    i.usmart_get_cmdname  usmart_str.o
    0x08006c06   0x08006c06   0x00000002   PAD
    0x08006c08   0x08006c08   0x000001c0   Code   RO         1634    i.usmart_get_fname  usmart_str.o
    0x08006dc8   0x08006dc8   0x0000010c   Code   RO         1635    i.usmart_get_fparam  usmart_str.o
    0x08006ed4   0x08006ed4   0x00000020   Code   RO         1636    i.usmart_get_parmpos  usmart_str.o
    0x08006ef4   0x08006ef4   0x00000040   Code   RO         1524    i.usmart_get_runtime  usmart.o
    0x08006f34   0x08006f34   0x00000028   Code   RO         1525    i.usmart_init       usmart.o
    0x08006f5c   0x08006f5c   0x00000016   Code   RO         1637    i.usmart_pow        usmart_str.o
    0x08006f72   0x08006f72   0x00000002   PAD
    0x08006f74   0x08006f74   0x00000030   Code   RO         1526    i.usmart_reset_runtime  usmart.o
    0x08006fa4   0x08006fa4   0x000000bc   Code   RO         1527    i.usmart_scan       usmart.o
    0x08007060   0x08007060   0x00000016   Code   RO         1638    i.usmart_search_nextc  usmart_str.o
    0x08007076   0x08007076   0x00000106   Code   RO         1639    i.usmart_str2num    usmart_str.o
    0x0800717c   0x0800717c   0x00000022   Code   RO         1640    i.usmart_strcmp     usmart_str.o
    0x0800719e   0x0800719e   0x00000016   Code   RO         1641    i.usmart_strcopy    usmart_str.o
    0x080071b4   0x080071b4   0x00000018   Code   RO         1642    i.usmart_strlen     usmart_str.o
    0x080071cc   0x080071cc   0x000006f4   Code   RO         1528    i.usmart_sys_cmd_exe  usmart.o
    0x080078c0   0x080078c0   0x00000004   Code   RO         1529    i.write_addr        usmart.o
    0x080078c4   0x080078c4   0x0000002c   Code   RO         2068    locale$$code        c_w.l(lc_numeric_c.o)
    0x080078f0   0x080078f0   0x0000000a   Code   RO         2141    x$fpl$fpinit        g_wv.l(fpinit.o)
    0x080078fa   0x080078fa   0x00000002   PAD
    0x080078fc   0x080078fc   0x00000020   Code   RO         2070    x$fpl$ieeestatus    g_wv.l(istatus.o)
    0x0800791c   0x0800791c   0x00000004   Code   RO         1998    x$fpl$printf1       g_wv.l(printf1.o)
    0x08007920   0x08007920   0x00000000   Code   RO         2072    x$fpl$usenofp       g_wv.l(usenofp.o)
    0x08007920   0x08007920   0x00000028   Data   RO         1950    .constdata          c_w.l(_printf_hex_int.o)
    0x08007948   0x08007948   0x00000011   Data   RO         1985    .constdata          c_w.l(__printf_flags_ss_wp.o)
    0x08007959   0x08007959   0x00000003   PAD
    0x0800795c   0x0800795c   0x00000094   Data   RO         2039    .constdata          c_w.l(bigflt0.o)
    0x080079f0   0x080079f0   0x00000043   Data   RO          785    .conststring        ads1219.o
    0x08007a33   0x08007a33   0x00000001   PAD
    0x08007a34   0x08007a34   0x00000028   Data   RO         1530    .conststring        usmart.o
    0x08007a5c   0x08007a5c   0x000003fe   Data   RO         1607    .conststring        usmart_config.o
    0x08007e5a   0x08007e5a   0x00000002   PAD
    0x08007e5c   0x08007e5c   0x00000040   Data   RO         2212    Region$$Table       anon$$obj.o
    0x08007e9c   0x08007e9c   0x0000001c   Data   RO         2067    locale$$data        c_w.l(lc_numeric_c.o)


    Execution Region DTCM (Exec base: 0x20000000, Load base: 0x08007eb8, Size: 0x0000c390, Max: 0x00020000, ABSOLUTE, COMPRESSED[0x000000e0])

    Exec Addr    Load Addr    Size         Type   Attr      Idx    E Section Name        Object

    0x20000000   COMPRESSED   0x00000001   Data   RW           15    .data               main.o
    0x20000001   COMPRESSED   0x00000001   PAD
    0x20000002   COMPRESSED   0x00000002   Data   RW          388    .data               w25qxx.o
    0x20000004   COMPRESSED   0x00000002   Data   RW          786    .data               ads1219.o
    0x20000006   COMPRESSED   0x0000000a   Data   RW          865    .data               aps6404l.o
    0x20000010   COMPRESSED   0x00000005   Data   RW          986    .data               24aa025e48t.o
    0x20000015   COMPRESSED   0x00000003   PAD
    0x20000018   COMPRESSED   0x00000009   Data   RW         1114    .data               puse_capture.o
    0x20000021   COMPRESSED   0x00000003   PAD
    0x20000024   COMPRESSED   0x00000004   Data   RW         1157    .data               mcu_adc.o
    0x20000028   COMPRESSED   0x00000002   Data   RW         1282    .data               delay.o
    0x2000002a   COMPRESSED   0x00000002   PAD
    0x2000002c   COMPRESSED   0x00000006   Data   RW         1466    .data               usart.o
    0x20000032   COMPRESSED   0x00000002   PAD
    0x20000034   COMPRESSED   0x0000001c   Data   RW         1531    .data               usmart.o
    0x20000050   COMPRESSED   0x00000218   Data   RW         1608    .data               usmart_config.o
    0x20000268        -       0x000000c8   Zero   RW         1465    .bss                usart.o
    0x20000330        -       0x00000060   Zero   RW         2076    .bss                c_w.l(libspace.o)
    0x20000390        -       0x00004000   Zero   RW            2    HEAP                startup_stm32h743xx.o
    0x20004390        -       0x00008000   Zero   RW            1    STACK               startup_stm32h743xx.o


    Execution Region AXI_SRAM (Exec base: 0x24000000, Load base: 0x08007f98, Size: 0x00069000, Max: 0x00080000, ABSOLUTE, UNINIT, COMPRESSED[0x00000d30])

    Exec Addr    Load Addr    Size         Type   Attr      Idx    E Section Name        Object

    0x24000000   COMPRESSED   0x00069000   Data   RW         1158    in_axi_sram         mcu_adc.o


    Execution Region RW_IRAM1_TO_3 (Exec base: 0x30000000, Load base: 0x08008cc8, Size: 0x0001e000, Max: 0x00048000, ABSOLUTE, UNINIT, COMPRESSED[0x000003c4])

    Exec Addr    Load Addr    Size         Type   Attr      Idx    E Section Name        Object

    0x30000000   COMPRESSED   0x0001e000   Data   RW         1159    in_sram1_to_3       mcu_adc.o


    Execution Region RW_IRAM4 (Exec base: 0x38000000, Load base: 0x0800908c, Size: 0x00000000, Max: 0x00001000, ABSOLUTE, UNINIT)

    **** No section assigned to this execution region ****


==============================================================================

Image component sizes


      Code (inc. data)   RO Data    RW Data    ZI Data      Debug   Object Name

       390         98          0          5          0       3122   24aa025e48t.o
       400        118          0          0          0       1327   aaf_io.o
       256         22          0          0          0       1739   ad9833.o
        92         10          0          0          0        502   ad9851.o
      1460        852         67          2          0       1919   ads1219.o
       308         38          0         10          0       3470   aps6404l.o
      2264        556          0          0          0       2478   ch446q.o
       328         42          0          0          0       1182   dac_out.o
       238         16          0          2          0       2415   delay.o
       324        114          0          0          0       1121   dg4052eeq.o
       172         52          0          0          0       1113   discharge.o
        72          8          0          0          0        475   led.o
       272         16          0          1          0    1012477   main.o
      1080        408          0          0          0       2682   mcp4725a.o
      2100        708          0     552964          0      39867   mcu_adc.o
       506         66          0          0          0       3503   mpu.o
       808        212          0          0          0       1431   pga849.o
       468        146          0          0          0       1753   power_io.o
       376         58          0          9          0       1528   puse_capture.o
       176         12          0          0          0        564   qspi.o
      2576         84          0          0          0      20845   s_iic.o
      1244         70          0          0          0       4539   spi.o
        96         30        664          0      49152        876   startup_stm32h743xx.o
      2120        108          0          0          0      43708   sys.o
        80         12          0          0          0        498   tlv3502aid.o
       380         36          0          6        200       4092   usart.o
      3162       1350         40         28          0       7742   usmart.o
         0          0       1022        536          0       1688   usmart_config.o
      1400         20          0          0          0       8953   usmart_str.o
       256         18          0          2          0       2346   w25qxx.o

    ----------------------------------------------------------------------
     23422       5280       1860     553576      49352    1179955   Object Totals
         0          0         64          0          0          0   (incl. Generated)
        18          0          3         11          0          0   (incl. Padding)

    ----------------------------------------------------------------------

      Code (inc. data)   RO Data    RW Data    ZI Data      Debug   Library Member Name

        76          0          0          0          0      17310   arm_add_q15.o
       150          0          0          0          0       1227   arm_fill_f32.o
       142          0          0          0          0       1203   arm_fill_q15.o
       206          0          0          0          0       1754   arm_max_f32.o
       206          0          0          0          0       1754   arm_min_f32.o
       224          0          0          0          0       1215   arm_mult_f32.o
       432          6          0          0          0       1311   arm_q15_to_float.o
       240          4          0          0          0      14614   arm_rms_f32.o
        90          0          0          0          0          0   __dczerorl2.o
         8          0          0          0          0         68   __main.o
       392          4         17          0          0         92   __printf_flags_ss_wp.o
        14          0          0          0          0         68   __printf_wp.o
         0          0          0          0          0          0   __rtentry.o
        12          0          0          0          0          0   __rtentry2.o
         6          0          0          0          0          0   __rtentry4.o
        52          8          0          0          0          0   __scatter.o
        28          0          0          0          0          0   __scatter_zi.o
         6          0          0          0          0          0   _printf_c.o
        44          0          0          0          0        108   _printf_char.o
        48          6          0          0          0         96   _printf_char_common.o
        36          4          0          0          0         80   _printf_char_file.o
         6          0          0          0          0          0   _printf_d.o
       120         16          0          0          0         92   _printf_dec.o
         6          0          0          0          0          0   _printf_f.o
      1054          0          0          0          0        216   _printf_fp_dec.o
       128         16          0          0          0         84   _printf_fp_infnan.o
        88          4         40          0          0         88   _printf_hex_int.o
       178          0          0          0          0         88   _printf_intcommon.o
        78          0          0          0          0        108   _printf_pad.o
         0          0          0          0          0          0   _printf_percent.o
         4          0          0          0          0          0   _printf_percent_end.o
         6          0          0          0          0          0   _printf_s.o
        82          0          0          0          0         80   _printf_str.o
         6          0          0          0          0          0   _printf_u.o
         6          0          0          0          0          0   _printf_x.o
       228          4        148          0          0         96   bigflt0.o
      1936        128          0          0          0        672   btod.o
        18          0          0          0          0         80   exit.o
         8          0          0          0          0         68   ferror.o
         6          0          0          0          0        152   heapauxi.o
        44         10         28          0          0         76   lc_numeric_c.o
         2          0          0          0          0          0   libinit.o
        22          0          0          0          0          0   libinit2.o
         2          0          0          0          0          0   libshutdown.o
         2          0          0          0          0          0   libshutdown2.o
         8          4          0          0         96         68   libspace.o
       138          0          0          0          0         80   lludiv10.o
        24          4          0          0          0         84   noretval__2printf.o
         8          4          0          0          0         68   rt_locale_intlibspace.o
         2          0          0          0          0          0   rtexit.o
        10          0          0          0          0          0   rtexit2.o
       104          0          0          0          0         68   strcmpv7m_pel.o
        74          0          0          0          0         80   sys_stackheap_outer.o
         2          0          0          0          0         68   use_no_semi.o
         2          0          0          0          0         68   use_no_semi_2.o
        10          0          0          0          0        116   fpinit.o
        32          4          0          0          0        116   istatus.o
         4          0          0          0          0        116   printf1.o
         0          0          0          0          0          0   usenofp.o
        48          0          0          0          0        124   fpclassify.o

    ----------------------------------------------------------------------
      6922        226        236          0         96      43856   Library Totals
        14          0          3          0          0          0   (incl. Padding)

    ----------------------------------------------------------------------

      Code (inc. data)   RO Data    RW Data    ZI Data      Debug   Library Name

      1676         10          0          0          0      40388   arm_cortexM7lfdp_math.lib
      5138        212        233          0         96       2996   c_w.l
        46          4          0          0          0        348   g_wv.l
        48          0          0          0          0        124   m_wv.l

    ----------------------------------------------------------------------
      6922        226        236          0         96      43856   Library Totals

    ----------------------------------------------------------------------

==============================================================================


      Code (inc. data)   RO Data    RW Data    ZI Data      Debug   

     30344       5506       2096     553576      49448    1208799   Grand Totals
     30344       5506       2096       4564      49448    1208799   ELF Image Totals (compressed)
     30344       5506       2096       4564          0          0   ROM Totals

==============================================================================

    Total RO  Size (Code + RO Data)                32440 (  31.68kB)
    Total RW  Size (RW Data + ZI Data)            603024 ( 588.89kB)
    Total ROM Size (Code + RO Data + RW Data)      37004 (  36.14kB)

==============================================================================

